[www.falker.com.br/es.html]
[backblue.gif]
[fade.gif]
[index.html]
[www.falker.com.br/0i2r/index.html]
[www.falker.com.br/css/bootstrap.css]
[www.falker.com.br/css/style.css]
[www.falker.com.br/css/swiper.css]
[www.falker.com.br/css/dark.css]
[www.falker.com.br/css/font-icons.css]
[www.falker.com.br/css/animate.css]
[www.falker.com.br/css/magnific-popup.css]
[www.falker.com.br/css/custom.css]
[www.falker.com.br/css/datepicker/bootstrap-datepicker.css]
[www.falker.com.br/css/trix/trix.css]
[www.falker.com.br/falker/font-icons/style.css]
[www.falker.com.br/css/whatsapp.css]
[connect.facebook.net/pt_BR/sdk.js]
[www.falker.com.br/es/agricultura_de_precision.html]
[www.falker.com.br/es/compactacion_del_suelo.html]
[www.falker.com.br/es/manejo_de_fertilizacion.html]
[www.falker.com.br/es/control_de_humedad.html]
[www.falker.com.br/images/logo.webp]
[www.falker.com.br/images/logo@2x.webp]
[www.falker.com.br/images/apps/cmp_50x50.webp]
[www.falker.com.br/images/apps/fmp_50x50.webp]
[www.falker.com.br/images/apps/leaf_50x50.webp]
[www.falker.com.br/images/apps/hfm.webp]
[www.falker.com.br/images/apps/sfx_on.webp]
[www.falker.com.br/es/kit_ap.html]
[www.falker.com.br/es/solodrill.html]
[www.falker.com.br/es/fieldbox.html]
[www.falker.com.br/es/falkermap.html]
[www.falker.com.br/es/terram.html]
[www.falker.com.br/es/penetrolog.html]
[www.falker.com.br/es/solostar.html]
[www.falker.com.br/es/clorofilog.html]
[www.falker.com.br/es/flexum.html]
[www.falker.com.br/es/hidrofarm.html]
[www.falker.com.br/es/soloflux.html]
[www.falker.com.br/es/apoyo.html]
[www.falker.com.br/es/presupuestos.html]
[www.falker.com.br/es/institucional.html]
[www.falker.com.br/es/blog.html]
[www.falker.com.br/images/banners/PC/banner_institucional_web_es.webp]
[www.falker.com.br/images/banners/Mobile/banner_institucional_mobile_es.webp]
[www.falker.com.br/images/home/slider/PC/SDRILL/solodrill-es.png]
[www.falker.com.br/images/home/slider/Mobile/SDRILL/solodrill-es.png]
[www.falker.com.br/images/home/slider/PC/SFX/soloflux-es.webp]
[www.falker.com.br/images/home/slider/Mobile/SFX/soloflux-es.webp]
[www.falker.com.br/images/home/slider/PC/HFM/hidrofarm-es.webp]
[www.falker.com.br/images/home/slider/Mobile/HFM/hidrofarm-es.webp]
[www.falker.com.br/images/home/slider/PC/FBX/fieldbox-es.webp]
[www.falker.com.br/images/home/slider/Mobile/FBX/fieldbox-es.webp]
[www.falker.com.br/images/home/slider/PC/CFL/clorofilog-es.webp]
[www.falker.com.br/images/home/slider/Mobile/CFL/clorofilog-es.webp]
[www.falker.com.br/images/home/slider/PC/PLG/penetrolog-es.webp]
[www.falker.com.br/images/home/slider/Mobile/PLG/penetrolog-es.webp]
[www.falker.com.br/portfolio-single.html]
[www.falker.com.br/images/products/kit-ap/kitap-card.png]
[www.falker.com.br/images/products/solodrill/solodrill-card.png]
[www.falker.com.br/images/products/fieldbox/fieldbox-card.webp]
[www.falker.com.br/images/products/falkermap/falkermap-card.webp]
[www.falker.com.br/images/products/terram/terram-card.webp]
[www.falker.com.br/images/products/penetrolog/penetrolog-card.webp]
[www.falker.com.br/images/products/clorofilog/clorofilog-card.webp]
[www.falker.com.br/images/products/flexum/flexum-card.webp]
[www.falker.com.br/images/products/hidrofarm2/hidrofarm-card.webp]
[www.falker.com.br/images/footer/logo-footer.webp]
[www.falker.com.br/cdn-cgi/l/email-protection]
[www.falker.com.br/cdn-cgi/scripts/5c5dd728/cloudflare-static/email-decode.min.js]
[connect.facebook.net/en_US/fbevents.js]
[materiais.falker.com.br/mtc.js]
[www.google.com/recaptcha/enterprise9fde.js]
[www.falker.com.br/images/logo-falker-whatsapp.svg]
[www.falker.com.br/js/jquery.js]
[www.falker.com.br/js/functions.js]
[www.falker.com.br/js/plugins.min.js]
[www.falker.com.br/js/datepicker/bootstrap-datepicker.js]
[www.falker.com.br/js/datepicker/locales/bootstrap-datepicker.pt-BR.min.js]
[www.falker.com.br/js/trix/trix.js]
[www.falker.com.br/es.html]
[www.googletagmanager.com/gtm5445.html]
[www.falker.com.br/css/bootstrap.css]
[www.falker.com.br/allowed-cookies.html]
[www.falker.com.br/css/images/icons/close.png]
[www.falker.com.br/images/grid.png]
[www.falker.com.br/css/images/pattern.png]
[www.falker.com.br/css/images/parallax/parallax-bg.jpg]
[www.falker.com.br/css/images/icons/iconalt.svg]
[www.falker.com.br/css/images/icons/play.png]
[www.falker.com.br/css/style.css]
[www.falker.com.br/css/swiper.css]
[www.falker.com.br/css/dark.css]
[www.falker.com.br/css/fonts/font-icons.eot]
[www.falker.com.br/css/fonts/font-icons.woff]
[www.falker.com.br/css/fonts/font-icons.ttf]
[www.falker.com.br/css/fonts/lined-icons.eot]
[www.falker.com.br/css/fonts/font-icons.svg]
[www.falker.com.br/css/fonts/lined-icons.woff]
[www.falker.com.br/css/fonts/lined-icons.ttf]
[www.falker.com.br/css/fonts/lined-icons.svg]
[www.falker.com.br/css/fonts/Simple-Line-Icons.eot]
[www.falker.com.br/css/fonts/Simple-Line-Iconsd41d.eot]
[www.falker.com.br/css/fonts/Simple-Line-Icons.woff]
[www.falker.com.br/css/fonts/Simple-Line-Icons.ttf]
[www.falker.com.br/css/font-icons.css]
[www.falker.com.br/css/animate.css]
[www.falker.com.br/css/fonts/Simple-Line-Icons.svg]
[www.falker.com.br/images/preloader-dark.gif]
[www.falker.com.br/css/magnific-popup.css]
[www.falker.com.br/css/custom.css]
[www.falker.com.br/css/datepicker/bootstrap-datepicker.css]
[www.falker.com.br/css/trix/trix.css]
[www.falker.com.br/css/menu.css]
[www.falker.com.br/falker/font-icons/fonts/falkerbbd6.eot]
[www.falker.com.br/falker/font-icons/fonts/falkerbbd6.ttf]
[www.falker.com.br/falker/font-icons/fonts/falkerbbd6.woff]
[www.falker.com.br/falker/font-icons/style.css]
[www.falker.com.br/css/whatsapp.css]
[connect.facebook.net/pt_BR/sdk.js]
[www.falker.com.br/falker/font-icons/fonts/falkerbbd6.svg]
[www.falker.com.br/images/applications/precision-agriculture/bg-top.webp]
[www.falker.com.br/images/applications/precision-agriculture/bg-section.webp]
[www.falker.com.br/images/applications/precision-agriculture/kit-ap.webp]
[www.falker.com.br/images/applications/precision-agriculture/solodrill-field-site-ap.png]
[www.falker.com.br/images/applications/precision-agriculture/solodrill-square-icon.png]
[www.falker.com.br/images/products/falkermap/logo.webp]
[www.falker.com.br/es/agricultura_de_precision.html]
[www.falker.com.br/images/applications/soil-compaction/perfil_do_solo_compactado_comparativo_ES.webp]
[www.falker.com.br/images/products/solostar/solostar-card.webp]
[www.falker.com.br/es/compactacion_del_suelo.html]
[www.falker.com.br/images/applications/plant-analysis/bg-top.webp]
[www.falker.com.br/images/products/flexum/logo.webp]
[www.falker.com.br/es/manejo_de_fertilizacion.html]
[www.falker.com.br/es/control_de_humedad.html]
[www.falker.com.br/images/products/kit-ap/kit-ap-header-horizontal.webp]
[www.falker.com.br/images/products/kit-ap/kit-ap-solodrill-img.webp]
[www.falker.com.br/images/products/fieldbox/fieldbox.webp]
[www.falker.com.br/images/budgets/bg.webp]
[www.falker.com.br/es/kit_ap.html]
[www.falker.com.br/images/products/solodrill/solodrill-hood.png]
[www.falker.com.br/images/products/solodrill/solodrill-box.png]
[www.falker.com.br/images/products/solodrill/solodrill_campo.webp]
[www.falker.com.br/es/solodrill.html]
[www.falker.com.br/es/fieldbox.html]
[www.falker.com.br/es/falkermap.html]
[www.falker.com.br/es/terram.html]
[www.falker.com.br/images/products/penetrolog/bg-top-es.webp]
[www.falker.com.br/images/products/penetrolog/mobile-bg/bg-top-es.webp]
[www.falker.com.br/images/products/penetrolog/PLG2040_passos_de_operacao-ES.webp]
[www.falker.com.br/images/products/compact/falker-compact-logo.webp]
[www.falker.com.br/images/products/compact/compact-horizontal-report-es.png]
[www.falker.com.br/images/products/compact/Mobile.webp]
[www.falker.com.br/images/products/compact/Desktop.webp]
[www.falker.com.br/images/products/penetrolog/reports-compact-web.png]
[www.falker.com.br/images/products/compact/app-stores.webp]
[www.falker.com.br/images/products/penetrolog/aquario.webp]
[www.falker.com.br/es/penetrolog.html]
[www.falker.com.br/es/solostar.html]
[www.falker.com.br/images/products/clorofilog/bg-top-es.webp]
[www.falker.com.br/images/products/leaf/falker-leaf-logo.webp]
[www.falker.com.br/images/products/leaf/falker-leaf-telas-ES.webp]
[www.falker.com.br/images/products/leaf/Mobile.webp]
[www.falker.com.br/images/products/leaf/app-stores.webp]
[www.falker.com.br/images/products/clorofilog/product.webp]
[www.falker.com.br/es/clorofilog.html]
[www.falker.com.br/es/flexum.html]
[www.falker.com.br/images/products/hidrofarm2/bg-top-es.webp]
[www.falker.com.br/images/products/water/water-mobile.webp]
[www.falker.com.br/es/hidrofarm.html]
[www.falker.com.br/images/products/soloflux/bg-top-es.webp]
[www.falker.com.br/images/products/soloflux/soloflux-desktop.webp]
[www.falker.com.br/images/products/soloflux/Site-parceria-embrapa-es.webp]
[www.falker.com.br/es/soloflux.html]
[www.falker.com.br/images/support/bg-top.webp]
[www.falker.com.br/images/products/soloflux/soloflux-card.webp]
[www.falker.com.br/images/products/solodrill/solodrill-card.webp]
[www.falker.com.br/images/products/solotrack/solotrack-card.webp]
[www.falker.com.br/images/products/plg1020/penetrolog-card.webp]
[www.falker.com.br/images/products/cfl1030/clorofilog-card.webp]
[www.falker.com.br/images/products/hidrofarm/hidrofarm-card.webp]
[www.falker.com.br/es/apoyo.html]
[www.falker.com.br/es/presupuestos.html]
[player.vimeo.com/api/player.js]
[www.falker.com.br/images/companies/partners/cientec.webp]
[www.falker.com.br/images/companies/partners/fapergs.webp]
[www.falker.com.br/images/companies/partners/finep.webp]
[www.falker.com.br/images/companies/partners/inst-senai.webp]
[www.falker.com.br/images/companies/partners/sebrae.webp]
[www.falker.com.br/images/companies/partners/senai.webp]
[www.falker.com.br/images/companies/partners/senar.webp]
[www.falker.com.br/images/companies/partners/ufrgs.webp]
[www.falker.com.br/images/companies/clients/agroexata.webp]
[www.falker.com.br/images/companies/clients/amaggi.webp]
[www.falker.com.br/images/companies/clients/ap-agri.webp]
[www.falker.com.br/images/companies/clients/bom-futuro.webp]
[www.falker.com.br/images/companies/clients/coopavel.webp]
[www.falker.com.br/images/companies/clients/cotrijal.webp]
[www.falker.com.br/images/companies/clients/louis-dreyfus.webp]
[www.falker.com.br/images/companies/clients/microgeo.webp]
[www.falker.com.br/images/companies/clients/ufrgs.webp]
[www.falker.com.br/images/companies/clients/ufsm.webp]
[www.falker.com.br/images/companies/clients/unicamp.webp]
[www.falker.com.br/images/companies/clients/usr.webp]
[www.falker.com.br/images/companies/asbraap.webp]
[www.falker.com.br/images/companies/cedra.webp]
[www.falker.com.br/es/institucional.html]
[www.falker.com.br/blog_images/blog-que-es-el-indice-de-clorofila-y-como-utilizarlo-en-la-agricultura-k8aye-600x400.png]
[www.falker.com.br/es/blog.html]
[www.falker.com.br/index.html]
[www.falker.com.br/portfolio-single.html]
[www.falker.com.br/cdn-cgi/l/email-protection.html]
[connect.facebook.net/en_US/fbevents.js]
[www.falker.com.br/images/logo-falker-whatsapp.svg]
[www.falker.com.br/js/jquery.js]
[www.falker.com.br/js/plugins.min.js]
[www.falker.com.br/js/functions.js]
[www.falker.com.br/js/datepicker/bootstrap-datepicker.js]
[www.falker.com.br/js/datepicker/locales/bootstrap-datepicker.pt-BR.min.js]
[www.falker.com.br/js/trix/trix.js]
[www.falker.com.br/allowed-cookies.html]
[www.falker.com.br/css/images/icons/close.html]
[www.falker.com.br/css/images/pattern.html]
[www.falker.com.br/css/images/parallax/parallax-bg.html]
[www.falker.com.br/css/images/icons/iconalt.html]
[www.falker.com.br/css/images/icons/play.html]
[www.falker.com.br/css/fonts/font-icons.svg]
[www.falker.com.br/css/fonts/lined-icons.svg]
[www.falker.com.br/css/fonts/Simple-Line-Icons.svg]
[www.falker.com.br/images/preloader-dark.html]
[www.falker.com.br/css/menu.css]
[www.falker.com.br/falker/font-icons/fonts/falkerbbd6.svg]
[www.falker.com.br/images/applications/soil-compaction/bg-top.html]
[www.falker.com.br/images/applications/soil-compaction/perfil_do_solo_compactado_comparativo.html]
[www.falker.com.br/images/applications/soil-compaction/3d-compactacion-ES.html]
[www.falker.com.br/images/applications/soil-compaction/smartphone_angle.html]
[www.falker.com.br/images/applications/soil-compaction/smartphone-compact-es.html]
[www.falker.com.br/images/applications/plant-analysis/produto-aplicado.html]
[www.falker.com.br/images/applications/irrigation-control/bg-top.html]
[www.falker.com.br/images/products/kit-ap/precision-farming-es.html]
[www.falker.com.br/es/presupuestos61db.html]
[www.falker.com.br/images/products/kit-ap/kit-ap-header-mobile.html]
[www.falker.com.br/images/products/falkermap/falkermap-interface.html]
[www.falker.com.br/images/products/solodrill/solodrill-header-es.html]
[www.falker.com.br/es/presupuestosa267.html]
[www.falker.com.br/images/products/solodrill/solodrill-seat.html]
[www.falker.com.br/images/products/fieldbox/bg-top-es.html]
[www.falker.com.br/es/presupuestos2a8e.html]
[www.falker.com.br/images/products/fieldbox/mobile-bg/bg-top-es.html]
[www.falker.com.br/images/products/fieldbox/fieldbox-grids.html]
[www.falker.com.br/images/products/falkermap/bg-top.html]
[www.falker.com.br/images/products/falkermap/brand.html]
[www.falker.com.br/es/presupuestosc1ba.html]
[www.falker.com.br/images/products/falkermap/multi-screen.html]
[www.falker.com.br/images/products/falkermap/falkermap-pro-selo.html]
[www.falker.com.br/images/products/falkermap/falkermap-versoes.html]
[www.falker.com.br/images/products/terram/bg-top.html]
[www.falker.com.br/images/products/terram/logo.html]
[www.falker.com.br/es/presupuestos613d.html]
[www.falker.com.br/images/products/terram/field-operation.html]
[www.falker.com.br/images/products/terram/quadriciculo.html]
[www.falker.com.br/images/products/terram/carro.html]
[www.falker.com.br/images/products/terram/camionete.html]
[www.falker.com.br/images/products/terram/trator.html]
[www.falker.com.br/es/presupuestos43db.html]
[www.falker.com.br/images/products/penetrolog/maleta.html]
[www.falker.com.br/br/orcamentos43db.html]
[www.falker.com.br/images/products/solostar/bg-top.html]
[www.falker.com.br/images/products/solostar/logo.html]
[www.falker.com.br/es/presupuestos236a.html]
[www.falker.com.br/images/products/solostar/operation.html]
[www.falker.com.br/images/products/solostar/aquario.html]
[www.falker.com.br/es/presupuestosef16.html]
[www.falker.com.br/images/products/leaf/Desktop.html]
[www.falker.com.br/images/products/flexum/bg-top.html]
[www.falker.com.br/images/products/flexum/product-top.html]
[www.falker.com.br/images/products/flexum/logo.html]
[www.falker.com.br/es/presupuestos78fa.html]
[www.falker.com.br/images/products/flexum/operation.html]
[www.falker.com.br/es/presupuestosb958.html]
[www.falker.com.br/images/products/water/falker-water-logo.html]
[www.falker.com.br/images/products/water/falker-water-telas-es.html]
[www.falker.com.br/images/products/water/water-desktop.html]
[www.falker.com.br/images/products/water/app-stores.html]
[www.falker.com.br/images/products/hidrofarm2/hfm1010.html]
[www.falker.com.br/es/presupuestos530f.html]
[www.falker.com.br/images/products/soloflux/mobile-bg/bg-top-es.html]
[www.falker.com.br/images/products/flow/logo.html]
[www.falker.com.br/download8696.html]
[www.falker.com.br/downloadcd62.html]
[www.falker.com.br/downloadfc1a.html]
[www.falker.com.br/downloadb404.html]
[www.falker.com.br/download5424.html]
[www.falker.com.br/download493c.html]
[www.falker.com.br/downloadf829.html]
[www.falker.com.br/download8dbf.html]
[www.falker.com.br/download6443.html]
[www.falker.com.br/download2a9a.html]
[www.falker.com.br/es/solotrack.html]
[www.falker.com.br/downloade865.html]
[www.falker.com.br/downloadd81d.html]
[www.falker.com.br/download0b16.html]
[www.falker.com.br/download96a1.html]
[www.falker.com.br/download3419.html]
[www.falker.com.br/download17f2.html]
[www.falker.com.br/base/article/AA-00534/22/Compactação-do-Solo/Medidores-de-Compactação-do-Solo/Software-para-PC/Dúvidas-Frequentes/Instalação-do-Conversor-USB-SERIAL.html]
[www.falker.com.br/download5c43.html]
[www.falker.com.br/downloadb2b7.html]
[www.falker.com.br/downloadab54.html]
[www.falker.com.br/download67f7.html]
[www.falker.com.br/download0ac3.html]
[www.falker.com.br/downloadae47.html]
[www.falker.com.br/downloadc7d0.html]
[www.falker.com.br/download6bd7.html]
[www.falker.com.br/es/articulos_tecnicos/agricultura_de_precision.html]
[www.falker.com.br/es/articulos_tecnicos/compactacion_del_suelo.html]
[www.falker.com.br/es/articulos_tecnicos/analisis_de_plantas.html]
[www.falker.com.br/es/articulos_tecnicos/control_de_riego.html]
[www.falker.com.br/base/index.html]
[www.falker.com.br/es/blog-lineas-de-infiltracion.html]
[www.falker.com.br/blog_images/blog-lineas-de-infiltracino-synet-600x400.html]
[www.falker.com.br/es/blog-por-qu-medir-la-ksat-es-crucial-para-sus-proyectos-agrcolas-conozcan-el-soloflux.html]
[www.falker.com.br/blog_images/por-qu-medir-la-ksat-es-crucial-para-sus-proyectos-agrcolas-conozcan-el-soloflux-600x400.html]
[www.falker.com.br/es/blog-7-posibles-aplicaciones-agronmicas-de-los-datos-de-conductividad-elctrica-del-suelo.html]
[www.falker.com.br/blog_images/blog-7-posibles-aplicaciones-agronmicas-de-los-datos-de-conductividad-elctrica-del-suelo-600x400.html]
[www.falker.com.br/es/blog-conductividad-electrica-del-suelo.html]
[www.falker.com.br/blog_images/blog-conductividad-electrica-del-suelo-hqnx5-600x400.html]
[www.falker.com.br/es/blog-4-razones-para-medir-la-compactacion-del-suelo-en-la-agricultura.html]
[www.falker.com.br/blog_images/4-razones-para-medir-la-compactacin-del-suelo-en-la-agricultura-600x400.html]
[www.falker.com.br/es/blog-tipos-de-datos-recopilados-en-la-agricultura-de-precision.html]
[www.falker.com.br/blog_images/blog-tipos-de-datos-recopilados-en-la-agricultura-de-precision-600x400.html]
[www.falker.com.br/es/blog-que-es-el-indice-de-clorofila-y-como-utilizarlo-en-la-agricultura.html]
[www.falker.com.br/es/blog-que-es-la-compactacion-del-suelo.html]
[www.falker.com.br/blog_images/blog-que-es-la-compactacion-del-suelo-600x400.html]
[www.falker.com.br/es/blog-que-es-agricultura-de-precision.html]
[www.falker.com.br/blog_images/al-final-qu-es-la-agricultura-de-precisin-600x400.html]
[www.falker.com.br/es/blog-cules-son-las-etapas-de-la-agricultura-de-precisin.html]
[www.falker.com.br/blog_images/cules-son-las-etapas-de-la-agricultura-de-precisin-600x400.html]
[www.falker.com.br/en.html]
[www.falker.com.br/js/index.html]
[www.falker.com.br/signals/config/index.html]
[www.falker.com.br/t.html]
[www.falker.com.br/e.html]
[www.falker.com.br/signals/plugins/index.html]
[www.falker.com.br/schema.org/index.html]
[www.falker.com.br/t-2.html]
[www.falker.com.br/o.html]
[www.falker.com.br/signals/iwl.html]
[www.falker.com.br/signals/iwl0fc5.html]
[www.falker.com.br/n.html]
[www.falker.com.br/n-2.html]
[www.falker.com.br/js/index.html]
[www.falker.com.br/indexd41d.html]
[www.falker.com.br/signals/config.html]
[www.falker.com.br/signals/plugins.html]
[www.falker.com.br/schema.html]
