[mapitgis.com/index.html]
[backblue.gif]
[fade.gif]
[index.html]
[mapitgis.com/img/logo256_rounded.png]
[mapitgis.com/img/favicon.ico]
[mapitgis.com/opensearch.xml]
[mapitgis.com/assets/css/styles.7cbcd657.css]
[mapitgis.com/assets/js/runtime_main.999f90c5.js]
[mapitgis.com/blog/atom.xml]
[mapitgis.com/blog/rss.xml]
[mapitgis.com/assets/js/main.c0834b82.js]
[mapitgis.com/img/hero-image.png]
[mapitgis.com/blog/ios-launch/index.html]
[mapitgis.com/about/index.html]
[mapitgis.com/docs/intro/index.html]
[mapitgis.com/index.html]
[mapitgis.com/contact/index.html]
[mapitgis.com/testimonials/index.html]
[mapitgis.com/blog/index.html]
[mapitgis.com/feedback/index.html]
[mapitgis.com/privacy-policy/index.html]
[mapitgis.com/assets/images/background-light-07c1ea9ba7dc298ddd7b0ef43040522e.png]
[mapitgis.com/assets/images/background-dark-07c1ea9ba7dc298ddd7b0ef43040522e.png]
[mapitgis.com/terms/index.html]
[mapitgis.com/assets/css/styles.7cbcd657.css]
[mapitgis.com/img/app-store-badge.svg]
[mapitgis.com/img/google-play-badge.svg]
[mapitgis.com/img/mapit-gis-capabilities.svg]
[mapitgis.com/blog/the-mapit-story/index.html]
[mapitgis.com/blog/ios-launch/index.html]
[mapitgis.com/about/index.html]
[mapitgis.com/blog/3.0.0/index.html]
[mapitgis.com/docs/category/getting-started/index.html]
[mapitgis.com/docs/category/data-collection-workflow/index.html]
[mapitgis.com/blog/tags/App/index.html]
[mapitgis.com/blog/tags/ios/index.html]
[mapitgis.com/docs/category/data-import--export/index.html]
[mapitgis.com/docs/category/offline-maps/index.html]
[mapitgis.com/docs/category/external-gnss/index.html]
[mapitgis.com/docs/category/mapit-subscriptions/index.html]
[mapitgis.com/docs/category/faq/index.html]
[mapitgis.com/docs/tags/mapit-gis-professional/index.html]
[mapitgis.com/docs/tags/documentation/index.html]
[mapitgis.com/docs/tags/gis-app/index.html]
[mapitgis.com/docs/tags/android/index.html]
[mapitgis.com/docs/tags/geospatial/index.html]
[mapitgis.com/docs/tags/mobile-gis/index.html]
[mapitgis.com/docs/tags/user-guide/index.html]
[mapitgis.com/docs/tags/data-collection/index.html]
[mapitgis.com/docs/tags/mapping/index.html]
[mapitgis.com/docs/tags/geo-package/index.html]
[mapitgis.com/docs/tags/mapbox/index.html]
[mapitgis.com/docs/tags/gps/index.html]
[mapitgis.com/docs/tags/survey/index.html]
[mapitgis.com/docs/intro/index.html]
[mapitgis.com/docs/tags/spatial-data/index.html]
[mapitgis.com/blog/authors/osedok/index.html]
[mapitgis.com/blog/index.html]
[mapitgis.com/testimonials/index.html]
[mapitgis.com/blog/tags/android/index.html]
[mapitgis.com/contact/index.html]
[mapitgis.com/feedback/index.html]
[mapitgis.com/privacy-policy/index.html]
[mapitgis.com/terms/index.html]
[mapitgis.com/blog/the-mapit-story/index.html]
[mapitgis.com/blog/3.0.0/index.html]
[mapitgis.com/blog/tags/gis/index.html]
[mapitgis.com/blog/tags/App/index.html]
[mapitgis.com/blog/tags/index.html]
[mapitgis.com/blog/tags/ios/index.html]
[mapitgis.com/docs/getting-started/map-screen/index.html]
[mapitgis.com/docs/getting-started/main-menu/index.html]
[mapitgis.com/docs/getting-started/manage-projects/index.html]
[mapitgis.com/docs/getting-started/manage-layers/index.html]
[mapitgis.com/docs/getting-started/online-maps/index.html]
[mapitgis.com/docs/category/getting-started/index.html]
[mapitgis.com/docs/getting-started/quick-measurement/index.html]
[mapitgis.com/docs/data-collection-workflow/survey-design/index.html]
[mapitgis.com/docs/data-collection-workflow/configure-survey/index.html]
[mapitgis.com/docs/data-collection-workflow/attribute-sets/index.html]
[mapitgis.com/docs/data-collection-workflow/layer-field-linking/index.html]
[mapitgis.com/docs/data-collection-workflow/layer-styling/index.html]
[mapitgis.com/docs/category/data-collection-workflow/index.html]
[mapitgis.com/docs/data-collection-workflow/project-point-method/index.html]
[mapitgis.com/docs/data-import-export/export-project/index.html]
[mapitgis.com/docs/data-import-export/import-project/index.html]
[mapitgis.com/docs/data-import-export/export-layers/index.html]
[mapitgis.com/docs/data-import-export/import-layers/index.html]
[mapitgis.com/docs/data-import-export/export-to-postgresql/index.html]
[mapitgis.com/docs/category/data-import--export/index.html]
[mapitgis.com/docs/data-import-export/export-to-dropbox/index.html]
[mapitgis.com/docs/offline-maps/mbtiles/index.html]
[mapitgis.com/docs/offline-maps/georeferenced-images/index.html]
[mapitgis.com/docs/category/offline-maps/index.html]
[mapitgis.com/docs/offline-maps/geopdfs/index.html]
[mapitgis.com/docs/external-gnss/connecting-a-receiver/index.html]
[mapitgis.com/docs/external-gnss/nmea-protocol/index.html]
[mapitgis.com/docs/external-gnss/gps-info-and-satellites/index.html]
[mapitgis.com/docs/external-gnss/rtk-and-fix-types/index.html]
[mapitgis.com/docs/external-gnss/height-and-geoid-models/index.html]
[mapitgis.com/docs/external-gnss/ntrip-client/index.html]
[mapitgis.com/docs/external-gnss/position-averaging/index.html]
[mapitgis.com/docs/external-gnss/settings-reference/index.html]
[mapitgis.com/docs/category/external-gnss/index.html]
[mapitgis.com/docs/category/receiver-setup-guides/index.html]
[mapitgis.com/docs/subscriptions/mapit-pro/index.html]
[mapitgis.com/docs/category/mapit-subscriptions/index.html]
[mapitgis.com/docs/subscriptions/mapit-pro-plus/index.html]
[mapitgis.com/docs/external-gnss/receiver-setup-guides/ardusimple-handheld-surveyor/index.html]
[mapitgis.com/docs/faq/export-to-postgres/index.html]
[mapitgis.com/docs/faq/gps-tracking/index.html]
[mapitgis.com/docs/category/faq/index.html]
[mapitgis.com/docs/faq/import-attribute-set/index.html]
[mapitgis.com/docs/tags/mapit-gis-professional/index.html]
[mapitgis.com/docs/tags/documentation/index.html]
[mapitgis.com/docs/tags/gis-app/index.html]
[mapitgis.com/docs/tags/android/index.html]
[mapitgis.com/docs/tags/geospatial/index.html]
[mapitgis.com/docs/tags/mobile-gis/index.html]
[mapitgis.com/docs/tags/user-guide/index.html]
[mapitgis.com/docs/tags/data-collection/index.html]
[mapitgis.com/docs/tags/mapping/index.html]
[mapitgis.com/docs/tags/geo-package/index.html]
[mapitgis.com/docs/tags/mapbox/index.html]
[mapitgis.com/docs/tags/gps/index.html]
[mapitgis.com/docs/tags/survey/index.html]
[mapitgis.com/docs/tags/spatial-data/index.html]
[mapitgis.com/docs/tags/index.html]
[mapitgis.com/blog/authors/osedok/index.html]
[mapitgis.com/blog/authors/index.html]
[mapitgis.com/blog/tags/android/index.html]
[mapitgis.com/blog/tags/gis/index.html]
[mapitgis.com/blog/tags/index.html]
[mapitgis.com/assets/images/map-screen-095485d8722473d9d45ef63716a0080e.png]
[mapitgis.com/blog/tags/Update/index.html]
[mapitgis.com/assets/images/search-activity-9cc1f7a4543edbe9f67d15f5adc0394d.png]
[mapitgis.com/assets/images/gps-info-6a952b9965632b5955af7de2d01f7cd4.png]
[mapitgis.com/assets/images/map-screen-ed25f1613dae6a2c65dda8a32700c859.png]
[mapitgis.com/blog/tags/mapping/index.html]
[mapitgis.com/assets/images/search-activity-e1baf566cf9f04610cd9a64c7d3ac702.png]
[mapitgis.com/assets/images/gps-info-a86525aee62353c27b52b18c3781167b.png]
[mapitgis.com/assets/images/gps-info-expanded-4bb04fec6b6b6c972609a01e9be62c58.png]
[mapitgis.com/docs/tags/map-screen/index.html]
[mapitgis.com/docs/tags/navigation/index.html]
[mapitgis.com/docs/tags/layers/index.html]
[mapitgis.com/docs/tags/crs/index.html]
[mapitgis.com/docs/tags/measurement/index.html]
[mapitgis.com/docs/getting-started/map-screen/index.html]
[mapitgis.com/assets/images/main-menu-9aaaae1692b21d04d14ca52ff5a9aeb3.png]
[mapitgis.com/docs/tags/guide/index.html]
[mapitgis.com/assets/images/select-basemap-56363c271afb8fd5dee147fa84442a23.png]
[mapitgis.com/assets/images/offline-map-789abb7032d2c9b09474db77f01711ae.png]
[mapitgis.com/assets/images/main-menu-5feb15a6bdc3423ae5b2c97b801149ec.png]
[mapitgis.com/assets/images/select-basemap-881f670c4539f8afb39d97d64f500071.png]
[mapitgis.com/docs/tags/main-menu/index.html]
[mapitgis.com/docs/tags/basemap/index.html]
[mapitgis.com/docs/tags/online-maps/index.html]
[mapitgis.com/docs/getting-started/main-menu/index.html]
[mapitgis.com/docs/tags/offline-maps/index.html]
[mapitgis.com/docs/tags/projects/index.html]
[mapitgis.com/docs/getting-started/manage-projects/index.html]
[mapitgis.com/docs/tags/data-management/index.html]
[mapitgis.com/docs/tags/feature-layers/index.html]
[mapitgis.com/docs/getting-started/manage-layers/index.html]
[mapitgis.com/docs/tags/geometry/index.html]
[mapitgis.com/assets/images/map-services-8f45f53cbf9cc6c379db6e9373063eea.png]
[mapitgis.com/assets/images/map-services-5e8c0c323e3dddcbfc79c264a2a6649e.png]
[mapitgis.com/assets/images/add-wms-1-7d6b35346a2603987875fa2c26fe04ab.png]
[mapitgis.com/assets/images/add-wms-1-77d76f0a98b9d31336595bfc256dab17.png]
[mapitgis.com/assets/images/add-wms-2-53d0ed1a48ca2c651ea8308ba1fac9b7.png]
[mapitgis.com/assets/images/add-wms-2-1f1b40e63fbdd43843c203d8a0be582f.png]
[mapitgis.com/assets/images/add-wms-3-b298f9ddf8f2465e995603c84487d868.png]
[mapitgis.com/assets/images/add-wms-3-bd88da3a8091233b0290d38ab61566c5.png]
[mapitgis.com/assets/images/add-wms-4-4d8f8d8c69d3c295d6300146c4b542cc.png]
[mapitgis.com/assets/images/add-wms-4-ef822392617c0cb12a08df634a19b4c1.png]
[mapitgis.com/assets/images/open-topo-map-332bc4f0dc8b8d3da7331c4c0f34233a.png]
[mapitgis.com/docs/tags/wms/index.html]
[mapitgis.com/docs/tags/wmts/index.html]
[mapitgis.com/docs/tags/xyz/index.html]
[mapitgis.com/docs/tags/map-services/index.html]
[mapitgis.com/docs/getting-started/online-maps/index.html]
[mapitgis.com/docs/tags/basemaps/index.html]
[mapitgis.com/docs/tags/distance/index.html]
[mapitgis.com/docs/tags/area/index.html]
[mapitgis.com/docs/tags/bearing/index.html]
[mapitgis.com/docs/getting-started/quick-measurement/index.html]
[mapitgis.com/docs/tags/units/index.html]
[mapitgis.com/docs/tags/survey-design/index.html]
[mapitgis.com/docs/data-collection-workflow/survey-design/index.html]
[mapitgis.com/docs/tags/project-management/index.html]
[mapitgis.com/docs/tags/survey-configuration/index.html]
[mapitgis.com/docs/tags/project-setup/index.html]
[mapitgis.com/docs/data-collection-workflow/configure-survey/index.html]
[mapitgis.com/docs/tags/field-mapping/index.html]
[mapitgis.com/docs/tags/attribute-sets/index.html]
[mapitgis.com/docs/tags/value-dictionaries/index.html]
[mapitgis.com/docs/tags/dropdown-fields/index.html]
[mapitgis.com/docs/data-collection-workflow/attribute-sets/index.html]
[mapitgis.com/docs/tags/multiselect-lists/index.html]
[mapitgis.com/docs/data-collection-workflow/layer-field-linking/index.html]
[mapitgis.com/docs/tags/layer-fields/index.html]
[mapitgis.com/docs/tags/layer-styling/index.html]
[mapitgis.com/docs/tags/symbology/index.html]
[mapitgis.com/docs/tags/style-by-attribute/index.html]
[mapitgis.com/docs/data-collection-workflow/layer-styling/index.html]
[mapitgis.com/assets/images/project-point-8f8798a0331ae2701ed645e87203b05b.png]
[mapitgis.com/docs/tags/thematic-mapping/index.html]
[mapitgis.com/docs/tags/project-point/index.html]
[mapitgis.com/docs/tags/distance-and-bearing/index.html]
[mapitgis.com/docs/tags/rangefinder/index.html]
[mapitgis.com/docs/tags/surveying/index.html]
[mapitgis.com/docs/data-collection-workflow/project-point-method/index.html]
[mapitgis.com/assets/images/project-options-7009cb865eb007381943efcd752ca9b4.png]
[mapitgis.com/docs/tags/base-point/index.html]
[mapitgis.com/assets/images/project-options-d6bd43363a845869cdb809c9601d4bd2.png]
[mapitgis.com/docs/tags/export/index.html]
[mapitgis.com/docs/tags/project/index.html]
[mapitgis.com/docs/data-import-export/export-project/index.html]
[mapitgis.com/docs/tags/backup/index.html]
[mapitgis.com/docs/data-import-export/import-project/index.html]
[mapitgis.com/docs/tags/import/index.html]
[mapitgis.com/docs/tags/geo-json/index.html]
[mapitgis.com/docs/tags/shapefile/index.html]
[mapitgis.com/docs/tags/csv/index.html]
[mapitgis.com/docs/tags/kml/index.html]
[mapitgis.com/docs/tags/gpx/index.html]
[mapitgis.com/docs/data-import-export/export-layers/index.html]
[mapitgis.com/docs/data-import-export/import-layers/index.html]
[mapitgis.com/docs/tags/dxf/index.html]
[mapitgis.com/docs/tags/postgre-sql/index.html]
[mapitgis.com/docs/tags/post-gis/index.html]
[mapitgis.com/docs/tags/database/index.html]
[mapitgis.com/docs/data-import-export/export-to-postgresql/index.html]
[mapitgis.com/docs/tags/jdbc/index.html]
[mapitgis.com/docs/tags/dropbox/index.html]
[mapitgis.com/docs/data-import-export/export-to-dropbox/index.html]
[mapitgis.com/docs/tags/cloud/index.html]
[mapitgis.com/docs/tags/mb-tiles/index.html]
[mapitgis.com/docs/tags/qgis/index.html]
[mapitgis.com/docs/tags/map-tiler/index.html]
[mapitgis.com/docs/tags/offline/index.html]
[mapitgis.com/docs/offline-maps/mbtiles/index.html]
[mapitgis.com/docs/tags/tiles/index.html]
[mapitgis.com/docs/tags/geo-tiff/index.html]
[mapitgis.com/docs/tags/world-file/index.html]
[mapitgis.com/docs/tags/georeferenced-images/index.html]
[mapitgis.com/docs/tags/raster-overlay/index.html]
[mapitgis.com/docs/tags/drone-imagery/index.html]
[mapitgis.com/docs/offline-maps/georeferenced-images/index.html]
[mapitgis.com/docs/tags/scanned-maps/index.html]
[mapitgis.com/docs/tags/geo-pdf/index.html]
[mapitgis.com/docs/tags/pdf/index.html]
[mapitgis.com/docs/tags/usgs/index.html]
[mapitgis.com/docs/offline-maps/geopdfs/index.html]
[mapitgis.com/docs/tags/topographic-maps/index.html]
[mapitgis.com/docs/tags/gnss/index.html]
[mapitgis.com/docs/tags/bluetooth/index.html]
[mapitgis.com/docs/tags/ble/index.html]
[mapitgis.com/docs/tags/usb/index.html]
[mapitgis.com/docs/tags/tcp/index.html]
[mapitgis.com/docs/tags/receiver/index.html]
[mapitgis.com/docs/external-gnss/connecting-a-receiver/index.html]
[mapitgis.com/docs/tags/connection/index.html]
[mapitgis.com/docs/tags/nmea/index.html]
[mapitgis.com/docs/tags/parsing/index.html]
[mapitgis.com/docs/external-gnss/nmea-protocol/index.html]
[mapitgis.com/docs/tags/protocol/index.html]
[mapitgis.com/docs/tags/gps-info/index.html]
[mapitgis.com/docs/tags/satellites/index.html]
[mapitgis.com/docs/tags/dop/index.html]
[mapitgis.com/docs/tags/accuracy/index.html]
[mapitgis.com/docs/external-gnss/gps-info-and-satellites/index.html]
[mapitgis.com/docs/tags/sky-plot/index.html]
[mapitgis.com/docs/tags/rtk/index.html]
[mapitgis.com/docs/tags/fix-type/index.html]
[mapitgis.com/docs/tags/dgps/index.html]
[mapitgis.com/docs/external-gnss/rtk-and-fix-types/index.html]
[mapitgis.com/docs/tags/corrections/index.html]
[mapitgis.com/docs/tags/height/index.html]
[mapitgis.com/docs/tags/geoid/index.html]
[mapitgis.com/docs/tags/orthometric/index.html]
[mapitgis.com/docs/tags/ellipsoidal/index.html]
[mapitgis.com/docs/tags/antenna/index.html]
[mapitgis.com/docs/external-gnss/height-and-geoid-models/index.html]
[mapitgis.com/docs/tags/egm-2008/index.html]
[mapitgis.com/docs/tags/ntrip/index.html]
[mapitgis.com/docs/tags/rtcm/index.html]
[mapitgis.com/docs/external-gnss/ntrip-client/index.html]
[mapitgis.com/docs/tags/caster/index.html]
[mapitgis.com/docs/tags/pro-plus/index.html]
[mapitgis.com/docs/tags/averaging/index.html]
[mapitgis.com/docs/external-gnss/position-averaging/index.html]
[mapitgis.com/docs/tags/point/index.html]
[mapitgis.com/docs/tags/settings/index.html]
[mapitgis.com/docs/tags/preferences/index.html]
[mapitgis.com/docs/external-gnss/settings-reference/index.html]
[mapitgis.com/docs/category/receiver-setup-guides/index.html]
[mapitgis.com/docs/tags/configuration/index.html]
[mapitgis.com/docs/tags/subscription/index.html]
[mapitgis.com/docs/subscriptions/mapit-pro/index.html]
[mapitgis.com/docs/tags/pro/index.html]
[mapitgis.com/docs/subscriptions/mapit-pro-plus/index.html]
[mapitgis.com/docs/tags/arc-gis-online/index.html]
[mapitgis.com/assets/images/usb-permissions-d88ed51448195dc2e1147b8a09e2f3a0.png]
[mapitgis.com/assets/images/usb-enable-0a2cf405cd4a4c1e4a12a98f0c39f473.png]
[mapitgis.com/assets/images/usb-no-ntrip-cf4b15b536510eb528c1b2678676fae1.png]
[mapitgis.com/assets/images/ble-scan-3bd10d340e977212929620e1bc51d052.png]
[mapitgis.com/assets/images/ntrip-create-profile-dc9d72f94d9076092008ac16a07d7d5c.png]
[mapitgis.com/assets/images/ntrip-start-00449658789c31515581e038c8c29743.png]
[mapitgis.com/assets/images/ntrip-streams-4f4fb0d83ee16e1a0d20562014917e93.png]
[mapitgis.com/assets/images/ntrip-rtk-correction-4c5b2bc79f3106055feeae8c2f769e6f.png]
[mapitgis.com/assets/images/gps-settings1-137120e82cc7ad8efa92924f51976e90.png]
[mapitgis.com/assets/images/gps-settings2-499edd3b7ece5f6e1d3968f7fe19beda.png]
[mapitgis.com/assets/images/gps-settings3-1d226f40b66b21b1d45007d62d6cf986.png]
[mapitgis.com/assets/images/gps-settings4-065df3da2a71dfbf4836f817358da717.png]
[mapitgis.com/assets/images/gps-info1-87faf566a24fdf0759719bdc81dbce17.png]
[mapitgis.com/assets/images/gps-info2-408e8b85841e5789932c87697e962486.png]
[mapitgis.com/assets/images/ntrip-1-3651b43025d3b493af54a8ef00696c55.png]
[mapitgis.com/assets/images/ntrip-2-16c251a3ac2da0367b2ed70c1eb7151f.png]
[mapitgis.com/assets/images/ntrip-3-491591f431b229caf7b89763ccb9396a.png]
[mapitgis.com/assets/images/ntrip-4-d67e9171f009ab060fb048dc8d1821b3.png]
[mapitgis.com/assets/images/gps-info3-6d6743ea0aaf69e1f719882cab1ab2ef.png]
[mapitgis.com/assets/images/gps-info4-56e63f05892f93f64992fb65d211c112.png]
[mapitgis.com/docs/external-gnss/receiver-setup-guides/ardusimple-handheld-surveyor/index.html]
[mapitgis.com/docs/faq/export-to-postgres/index.html]
[mapitgis.com/docs/tags/setup-guide/index.html]
[mapitgis.com/docs/tags/ardu-simple/index.html]
[mapitgis.com/assets/images/location-permissions-1b08a1b014bc7228398ba8ee07d40b5a.png]
[mapitgis.com/docs/faq/gps-tracking/index.html]
[mapitgis.com/download/Sample Attribute Set - Modified.json]
[mapitgis.com/docs/faq/import-attribute-set/index.html]
[mapitgis.com/docs/tags/index.html]
[mapitgis.com/blog/authors/index.html]
[mapitgis.com/blog/tags/Update/index.html]
[mapitgis.com/blog/tags/mapping/index.html]
[mapitgis.com/docs/tags/map-screen/index.html]
[mapitgis.com/docs/tags/navigation/index.html]
[mapitgis.com/docs/tags/layers/index.html]
[mapitgis.com/docs/tags/crs/index.html]
[mapitgis.com/docs/tags/measurement/index.html]
[mapitgis.com/docs/tags/guide/index.html]
[mapitgis.com/docs/tags/main-menu/index.html]
[mapitgis.com/docs/tags/basemap/index.html]
[mapitgis.com/docs/tags/online-maps/index.html]
[mapitgis.com/docs/tags/offline-maps/index.html]
[mapitgis.com/docs/tags/projects/index.html]
[mapitgis.com/docs/tags/data-management/index.html]
[mapitgis.com/docs/tags/feature-layers/index.html]
[mapitgis.com/docs/tags/geometry/index.html]
[mapitgis.com/docs/tags/wms/index.html]
[mapitgis.com/docs/tags/wmts/index.html]
[mapitgis.com/docs/tags/xyz/index.html]
[mapitgis.com/docs/tags/map-services/index.html]
[mapitgis.com/docs/tags/basemaps/index.html]
[mapitgis.com/docs/tags/distance/index.html]
[mapitgis.com/docs/tags/area/index.html]
[mapitgis.com/docs/tags/bearing/index.html]
[mapitgis.com/docs/tags/units/index.html]
[mapitgis.com/docs/tags/survey-design/index.html]
[mapitgis.com/docs/tags/project-management/index.html]
[mapitgis.com/docs/tags/survey-configuration/index.html]
[mapitgis.com/docs/tags/project-setup/index.html]
[mapitgis.com/docs/tags/field-mapping/index.html]
[mapitgis.com/docs/tags/attribute-sets/index.html]
[mapitgis.com/docs/tags/value-dictionaries/index.html]
[mapitgis.com/docs/tags/dropdown-fields/index.html]
[mapitgis.com/docs/tags/multiselect-lists/index.html]
[mapitgis.com/docs/tags/layer-fields/index.html]
[mapitgis.com/docs/tags/layer-styling/index.html]
[mapitgis.com/docs/tags/symbology/index.html]
[mapitgis.com/docs/tags/style-by-attribute/index.html]
[mapitgis.com/docs/tags/thematic-mapping/index.html]
[mapitgis.com/docs/tags/project-point/index.html]
[mapitgis.com/docs/tags/distance-and-bearing/index.html]
[mapitgis.com/docs/tags/rangefinder/index.html]
[mapitgis.com/docs/tags/surveying/index.html]
[mapitgis.com/docs/tags/base-point/index.html]
[mapitgis.com/docs/tags/export/index.html]
[mapitgis.com/docs/tags/project/index.html]
[mapitgis.com/docs/tags/backup/index.html]
[mapitgis.com/docs/tags/import/index.html]
[mapitgis.com/docs/tags/geo-json/index.html]
[mapitgis.com/docs/tags/shapefile/index.html]
[mapitgis.com/docs/tags/csv/index.html]
[mapitgis.com/docs/tags/kml/index.html]
[mapitgis.com/docs/tags/gpx/index.html]
[mapitgis.com/docs/tags/dxf/index.html]
[mapitgis.com/docs/tags/postgre-sql/index.html]
[mapitgis.com/docs/tags/post-gis/index.html]
[mapitgis.com/docs/tags/database/index.html]
[mapitgis.com/docs/tags/jdbc/index.html]
[mapitgis.com/docs/tags/dropbox/index.html]
[mapitgis.com/docs/tags/cloud/index.html]
[mapitgis.com/docs/tags/mb-tiles/index.html]
[mapitgis.com/docs/tags/qgis/index.html]
[mapitgis.com/docs/tags/map-tiler/index.html]
[mapitgis.com/docs/tags/offline/index.html]
[mapitgis.com/docs/tags/tiles/index.html]
[mapitgis.com/docs/tags/geo-tiff/index.html]
[mapitgis.com/docs/tags/world-file/index.html]
[mapitgis.com/docs/tags/georeferenced-images/index.html]
[mapitgis.com/docs/tags/raster-overlay/index.html]
[mapitgis.com/docs/tags/drone-imagery/index.html]
[mapitgis.com/docs/tags/scanned-maps/index.html]
[mapitgis.com/docs/tags/geo-pdf/index.html]
[mapitgis.com/docs/tags/pdf/index.html]
[mapitgis.com/docs/tags/usgs/index.html]
[mapitgis.com/docs/tags/topographic-maps/index.html]
[mapitgis.com/docs/tags/gnss/index.html]
[mapitgis.com/docs/tags/bluetooth/index.html]
[mapitgis.com/docs/tags/ble/index.html]
[mapitgis.com/docs/tags/usb/index.html]
[mapitgis.com/docs/tags/tcp/index.html]
[mapitgis.com/docs/tags/receiver/index.html]
[mapitgis.com/docs/tags/connection/index.html]
[mapitgis.com/docs/tags/nmea/index.html]
[mapitgis.com/docs/tags/parsing/index.html]
[mapitgis.com/docs/tags/protocol/index.html]
[mapitgis.com/docs/tags/gps-info/index.html]
[mapitgis.com/docs/tags/satellites/index.html]
[mapitgis.com/docs/tags/dop/index.html]
[mapitgis.com/docs/tags/accuracy/index.html]
[mapitgis.com/docs/tags/sky-plot/index.html]
[mapitgis.com/docs/tags/rtk/index.html]
[mapitgis.com/docs/tags/fix-type/index.html]
[mapitgis.com/docs/tags/dgps/index.html]
[mapitgis.com/docs/tags/corrections/index.html]
[mapitgis.com/docs/tags/height/index.html]
[mapitgis.com/docs/tags/geoid/index.html]
[mapitgis.com/docs/tags/orthometric/index.html]
[mapitgis.com/docs/tags/ellipsoidal/index.html]
[mapitgis.com/docs/tags/antenna/index.html]
[mapitgis.com/docs/tags/egm-2008/index.html]
[mapitgis.com/docs/tags/ntrip/index.html]
[mapitgis.com/docs/tags/rtcm/index.html]
[mapitgis.com/docs/tags/caster/index.html]
[mapitgis.com/docs/tags/pro-plus/index.html]
[mapitgis.com/docs/tags/averaging/index.html]
[mapitgis.com/docs/tags/point/index.html]
[mapitgis.com/docs/tags/settings/index.html]
[mapitgis.com/docs/tags/preferences/index.html]
[mapitgis.com/docs/tags/configuration/index.html]
[mapitgis.com/docs/tags/subscription/index.html]
[mapitgis.com/docs/tags/pro/index.html]
[mapitgis.com/docs/tags/arc-gis-online/index.html]
[mapitgis.com/docs/tags/ardu-simple/index.html]
[mapitgis.com/docs/tags/setup-guide/index.html]
