[www.ditchassist.com/index.html]
[backblue.gif]
[fade.gif]
[index.html]
[www.ditchassist.com/wp-json/oembed/1.0/embedd7da.json]
[www.ditchassist.com/wp-json/oembed/1.0/embedb266]
[www.ditchassist.com/feed/index.html]
[cdn.ditchassist.com/wp-includes/css/dashicons.minb34e.css]
[cdn.ditchassist.com/wp-includes/css/admin-bar.minb34e.css]
[cdn.ditchassist.com/wp-content/themes/Divi/includes/builder/styles/images/preloader.gif]
[cdn.ditchassist.com/wp-includes/js/dist/vendor/react.mine1ab.js]
[cdn.ditchassist.com/wp-includes/js/dist/vendor/react-dom.mine1ab.js]
[cdn.ditchassist.com/wp-includes/js/dist/escape-html.min3a9d.js]
[cdn.ditchassist.com/wp-includes/js/dist/element.min8eb0.js]
[www.ditchassist.com/wp-content/plugins/ai-engine-pro/app/chatbot5dfc.js]
[www.ditchassist.com/wp-json/wp/v2/pages/214730.json]
[www.ditchassist.com/xmlrpc0db0.php]
[cdn.ditchassist.com/wp-content/uploads/2022/04/cropped-Black_SQUARE-32x32.png]
[www.ditchassist.com/wp-json/index.html]
[cdn.ditchassist.com/wp-content/uploads/2022/04/cropped-Black_SQUARE-192x192.png]
[cdn.ditchassist.com/wp-content/uploads/2022/04/cropped-Black_SQUARE-180x180.png]
[www.ditchassist.com/wp-content/uploads/user_manuals/Ditch_Assist_User_Manual.pdf]
[www.ditchassist.com/wp-content/uploads/user_manuals/Ditch_Assist_Quick_Start_Guides.pdf]
[www.ditchassist.com/wp-content/uploads/user_manuals/Ditch_Assist_DIG_Installation_Operation_Manual.pdf]
[www.ditchassist.com/about_ditchassist/index.html]
[www.ditchassist.com/wp-content/uploads/user_manuals/REACH_RS3_FULL_GUIDE_FOR_DITCH_ASSIST.pdf]
[www.ditchassist.com/wp-content/uploads/user_manuals/Reach-RS3-Quick-Setup-for-Ditch-Assist.1a.delayed]
[www.ditchassist.com/about_ditch_assist_dig/index.html]
[www.ditchassist.com/about_ditch_assist_x/index.html]
[cdn.ditchassist.com/wp-content/uploads/2022/04/Color-4-768x602.png]
[cdn.ditchassist.com/wp-content/uploads/2022/04/Color-3-768x441.png]
[cdn.ditchassist.com/wp-content/uploads/2024/08/Ditch-Assist-Universal-Hydraulic-Control-480x480.png]
[www.ditchassist.com/ditch-assist-dealer-locator/index.html]
[www.ditchassist.com/get-a-quote/index.html]
[www.ditchassist.com/app-releases/index.html]
[cdn.ditchassist.com/wp-content/uploads/2022/04/DA_Controller_500x500-300x300.png]
[cdn.ditchassist.com/wp-content/uploads/2022/04/Easily-enter-target-grade-using-the-Ditch-Assist-App.png]
[www.ditchassist.com/troubleshooting/index.html]
[www.ditchassist.com/da-app-simulator/index.html]
[cdn.ditchassist.com/wp-content/uploads/2022/04/Scraper2_300x500.png]
[www.ditchassist.com/idm/index.html]
[cdn.ditchassist.com/wp-content/uploads/2022/04/Land_Leveler_300x500.png]
[www.ditchassist.com/contact-form/index.html]
[cdn.ditchassist.com/wp-content/uploads/2022/04/Do-everything-from-the-cab-with-Ditch-Assist-X.jpg]
[www.ditchassist.com/geo/index.html]
[cdn.ditchassist.com/wp-content/uploads/2022/04/App_500x500-480x480.png]
[cdn.ditchassist.com/wp-content/uploads/2022/04/excavator_500x500v2.png]
[cdn.ditchassist.com/wp-content/uploads/2022/04/Color-4.png]
[cdn.ditchassist.com/wp-content/uploads/2022/04/Color-3.png]
[www.ditchassist.com/ditch-assist-learning-zone/index.html]
[cdn.ditchassist.com/wp-content/uploads/2025/06/emlid.png]
[cdn.ditchassist.com/wp-content/uploads/2024/02/Black-300x187.png]
[cdn.ditchassist.com/wp-includes/js/jquery/jquery.minf43b.js]
[cdn.ditchassist.com/wp-includes/js/jquery/jquery-migrate.min5589.js]
[cdn.ditchassist.com/wp-content/themes/Divi/js/theme-scripts-library-baseafba.js]
[cdn.ditchassist.com/wp-content/themes/Divi/js/smoothscrollafba.js]
[cdn.ditchassist.com/wp-content/themes/Divi/js/theme-scripts-library-scroll-to-topafba.js]
[cdn.ditchassist.com/wp-content/themes/Divi/includes/builder-5/visual-builder/build/script-library-frontend-global-functionsafba.js]
[cdn.ditchassist.com/wp-content/themes/Divi/includes/builder-5/visual-builder/build/script-library-ext-waypointafba.js]
[cdn.ditchassist.com/wp-content/themes/Divi/includes/builder-5/visual-builder/build/script-library-menuafba.js]
[cdn.ditchassist.com/wp-content/themes/Divi/includes/builder-5/visual-builder/build/script-library-jquery.fitvidsafba.js]
[cdn.ditchassist.com/wp-content/themes/Divi/includes/builder-5/visual-builder/build/script-library-fitvids-functionsafba.js]
[www.ditchassist.com/data-privacy/index.html]
[cdn.ditchassist.com/wp-content/themes/Divi/core/admin/js/commonafba.js]
[cdn.ditchassist.com/wp-content/themes/Divi/includes/builder-5/visual-builder/build/script-library-linkafba.js]
[cdn.ditchassist.com/wp-content/themes/Divi/includes/builder-5/visual-builder/build/script-library-frontend-scriptsafba.js]
[www.ditchassist.com/index.html]
[www.ditchassist.com/xmlrpc.php]
[cdn.ditchassist.com/wp-includes/css/dashicons.minb34e.css]
[cdn.ditchassist.com/wp-includes/css/admin-bar.minb34e.css]
[cdn.ditchassist.com/wp-content/themes/Divi/includes/builder-5/visual-builder/build/script-library-multi-viewafba.js]
[www.ditchassist.com/wp-content/plugins/wp-store-locator/font/fontello8040.eot]
[www.ditchassist.com/wp-content/plugins/wp-store-locator/font/fontello8040.woff]
[www.ditchassist.com/wp-content/plugins/wp-store-locator/font/fontello8040.ttf]
[storage.googleapis.com/geo-devrel-public-buckets/powered_by_google_on_white.png]
[www.ditchassist.com/wp-content/plugins/wp-store-locator/css/styles.min8c4c.css]
[www.ditchassist.com/wp-content/plugins/ai-engine-pro/themes/messages5dfc.css]
[www.ditchassist.com/wp-content/et-cache/214730/et-divi-dynamic-tb-213188-tb-213360-21473055c7.css]
[www.ditchassist.com/wp-content/et-cache/214730/et-core-unified-214730.mind2c0.css]
[www.ditchassist.com/wp-content/et-cache/214730/et-core-unified-tb-213188-tb-213360-deferred-214730.mind2c0.css]
[www.ditchassist.com/wp-json/oembed/1.0/embedd2f4.json]
[www.ditchassist.com/wp-json/oembed/1.0/embed9240]
[www.ditchassist.com/wp-json/wp/v2/pages/213462.json]
[cdn.ditchassist.com/wp-includes/js/mediaelement/mediaelementplayer-legacy.min1f61.css]
[cdn.ditchassist.com/wp-includes/js/mediaelement/wp-mediaelement.minb34e.css]
[cdn.ditchassist.com/wp-content/themes/Divi/includes/builder-5/visual-builder/build/module-style-static-background-videoafba.css]
[cdn.ditchassist.com/wp-content/uploads/2022/04/White_no_bgrd.png]
[cdn.ditchassist.com/wp-content/uploads/2024/08/Ditch-Assist-Universal-Hydraulic-Control.png]
[cdn.ditchassist.com/wp-content/uploads/2024/06/15.Post_.png]
[cdn.ditchassist.com/wp-content/uploads/2022/04/Custom-Design-Feature-in-Slope-IQ-Ditch-Assist.gif]
[cdn.ditchassist.com/wp-content/uploads/2022/04/Color.png]
[cdn.ditchassist.com/wp-content/uploads/2022/04/Slope-IQ-3-Steps.gif]
[cdn.ditchassist.com/wp-content/uploads/2022/04/Scraper2_300x500-400x284.png]
[cdn.ditchassist.com/wp-content/uploads/2022/04/rotary_ditcher_300x500.png]
[cdn.ditchassist.com/wp-content/uploads/2022/04/rotary_ditcher_300x500-400x284.png]
[cdn.ditchassist.com/wp-content/uploads/2022/04/Heavy_Blade_500x500.png]
[cdn.ditchassist.com/wp-content/uploads/2022/04/Heavy_Blade_500x500-400x284.png]
[cdn.ditchassist.com/wp-content/uploads/2022/04/TilePlow_300x500.png]
[cdn.ditchassist.com/wp-content/uploads/2022/04/TilePlow_300x500-400x284.png]
[www.ditchassist.com/pull-type-scraper-grade-control-with-ditch-assist/index.html]
[cdn.ditchassist.com/wp-content/uploads/2022/04/Ditch-Assist-Full-Automation-Kit.jpg]
[www.ditchassist.com/wolverine-ditcher-grade-control-with-ditch-assist/index.html]
[cdn.ditchassist.com/wp-content/uploads/2022/04/WATER-MANAGEMENT.jpg]
[cdn.ditchassist.com/wp-content/uploads/2022/04/App_500x500.png]
[cdn.ditchassist.com/wp-content/uploads/2022/04/Heavy_Blade_300x500.png]
[cdn.ditchassist.com/wp-content/uploads/2023/11/SLOPEIQ_PLANES_600X600.png]
[www.ditchassist.com/revolution-ditcher-grade-control-with-ditch-assist/index.html]
[cdn.ditchassist.com/wp-content/uploads/2022/04/Import-Earthworks-Designs-from.png]
[www.ditchassist.com/pulldozer-grade-control-with-ditch-assist/index.html]
[cdn.ditchassist.com/wp-content/uploads/2024/06/5.Post_.png]
[cdn.ditchassist.com/wp-content/uploads/2024/06/1.Post_.png]
[platform.twitter.com/widgets.js]
[cdn.ditchassist.com/wp-content/themes/Divi/includes/builder-5/visual-builder/build/script-library-toggleafba.js]
[cdn.ditchassist.com/wp-content/themes/Divi/includes/builder-5/visual-builder/build/script-library-fullwidth-headerafba.js]
[cdn.ditchassist.com/wp-content/themes/Divi/includes/builder-5/visual-builder/build/script-library-fullscreen-sectionafba.js]
[cdn.ditchassist.com/wp-content/themes/Divi/includes/builder-5/visual-builder/build/script-library-sliderafba.js]
[cdn.ditchassist.com/wp-content/themes/Divi/includes/builder-5/visual-builder/build/script-library-easypiechartafba.js]
[cdn.ditchassist.com/wp-content/themes/Divi/includes/builder-5/visual-builder/build/script-library-galleryafba.js]
[cdn.ditchassist.com/wp-includes/js/mediaelement/mediaelement-and-player.min1f61.js]
[cdn.ditchassist.com/wp-includes/js/mediaelement/mediaelement-migrate.minb34e.js]
[cdn.ditchassist.com/wp-includes/js/mediaelement/wp-mediaelement.minb34e.js]
[cdn.ditchassist.com/wp-content/themes/Divi/includes/builder-5/visual-builder/build/script-libraryafba.js]
[cdn.ditchassist.com/wp-content/themes/Divi/includes/builder-5/visual-builder/build/module-script-background-videoafba.js]
[cdn.ditchassist.com/wp-content/themes/Divi/includes/builder-5/visual-builder/build/script-library-magnific-popupafba.js]
[cdn.ditchassist.com/wp-content/themes/Divi/includes/builder-5/visual-builder/build/script-library-animationafba.js]
[cdn.ditchassist.com/wp-content/themes/Divi/includes/builder-5/visual-builder/build/module-library-script-circle-counterafba.js]
[www.ditchassist.com/about_ditchassist/index.html]
[cdn.ditchassist.com/wp-content/themes/Divi/includes/builder-5/visual-builder/build/script-library-motion-effectsafba.js]
[www.ditchassist.com/wp-json/oembed/1.0/embedd812.json]
[www.ditchassist.com/wp-json/oembed/1.0/embed0686]
[www.ditchassist.com/wp-json/wp/v2/pages/213614.json]
[cdn.ditchassist.com/wp-content/uploads/2022/04/Ditch-Assist-X-Smart-Sensor-Module.png]
[cdn.ditchassist.com/wp-content/uploads/2022/04/Digging-with-grade-breaks-using-Ditch-Assist-X.png]
[www.ditchassist.com/about_ditch_assist_dig/index.html]
[www.ditchassist.com/wp-json/oembed/1.0/embedffde.json]
[www.ditchassist.com/wp-json/oembed/1.0/embed2030]
[www.ditchassist.com/wp-json/wp/v2/pages/208566.json]
[cdn.ditchassist.com/wp-content/uploads/2022/04/White_no_Bgrd-1.png]
[cdn.ditchassist.com/wp-content/uploads/2022/04/Ditch-Assist-X-Sensor-Module.png]
[www.ditchassist.com/about_ditch_assist_x/index.html]
[www.ditchassist.com/wp-json/oembed/1.0/embedd05b.json]
[www.ditchassist.com/wp-json/oembed/1.0/embed6e02]
[www.ditchassist.com/wp-json/wp/v2/pages/208648.json]
[ditchassist.com/wp-content/uploads/2025/04/3.jpg]
[ditchassist.com/wp-content/uploads/2025/04/4.jpg]
[ditchassist.com/wp-content/uploads/2025/04/1.jpg]
[ditchassist.com/wp-content/uploads/2025/04/2.jpg]
[ditchassist.com/wp-content/uploads/2025/04/5.jpg]
[cdn.ditchassist.com/wp-content/uploads/2022/04/Ditch-Assist-works-with-John-Deere-Starfire-GPS.jpg]
[cdn.ditchassist.com/wp-content/uploads/2022/04/Ditch-Assist-works-with-Trimble-Case-IH-New-Holland-372-GPS.jpg]
[cdn.ditchassist.com/wp-content/uploads/2022/04/Ditch-Assist-works-with-Trimble-TMX-2050-and-FMX-FM-1000-GPS-with-NAV-Controller.jpg]
[cdn.ditchassist.com/wp-content/uploads/2022/04/Ditch-Assist-works-with-Trimble-TMX-2050-and-FMX-FM-1000-GPS.jpg]
[cdn.ditchassist.com/wp-content/uploads/2022/04/Ditch-Assist-works-with-Outback-Atlas-and-A320-GPS.jpg]
[cdn.ditchassist.com/wp-content/uploads/2022/04/Ditch-Assist-works-with-Outback-MAX-STX-S3-S2-GPS.jpg]
[cdn.ditchassist.com/wp-content/uploads/2022/04/Ditch-Assist-works-with-Emlid-Reach-RS2-GPS.jpg]
[cdn.ditchassist.com/wp-content/uploads/2022/04/Ditch-Assist-works-with-Virtually-ANY-GPS.jpg]
[www.ditchassist.com/wp-content/plugins/wpforms-lite/assets/lib/jquery.validate.min3c17.js]
[www.ditchassist.com/wp-content/plugins/wpforms-lite/assets/lib/mailcheck.mincfa9.js]
[www.ditchassist.com/wp-content/plugins/wpforms-lite/assets/lib/punycode.min8a54.js]
[www.ditchassist.com/wp-content/plugins/wpforms-lite/assets/js/share/utils.minb3b6.js]
[www.ditchassist.com/wp-content/plugins/wpforms-lite/assets/js/frontend/wpforms.minb3b6.js]
[www.google.com/recaptcha/api788b.js]
[www.ditchassist.com/wp-content/plugins/wpforms-lite/assets/js/frontend/fields/address.minb3b6.js]
[www.ditchassist.com/get-a-quote/index.html]
[www.ditchassist.com/wp-json/oembed/1.0/embed3fa7.json]
[www.ditchassist.com/wp-json/oembed/1.0/embed518f]
[www.ditchassist.com/wp-json/wp/v2/pages/209154.json]
[www.ditchassist.com/wp-content/plugins/wp-store-locator/js/wpsl-gmap.min8c4c.js]
[www.ditchassist.com/ditch-assist-dealer-locator/index.html]
[cdn.ditchassist.com/wp-includes/js/underscore.min3ab8.js]
[www.ditchassist.com/wp-json/oembed/1.0/embed7d30.json]
[www.ditchassist.com/wp-json/oembed/1.0/embed0265]
[www.ditchassist.com/wp-json/wp/v2/pages/212301.json]
[cdn.ditchassist.com/wp-content/themes/Divi/includes/builder-5/visual-builder/build/module-style-static-background-parallaxafba.css]
[cdn.ditchassist.com/wp-content/uploads/2023/09/Ditch_Assist_Ideal_Ditch_Overlay.jpg]
[www.ditchassist.com/wp-content/uploads/app_releases/DA_4.22.4.apk]
[www.ditchassist.com/wp-content/uploads/app_releases/com.AutoBotz.DitchAssist.v4.27.2.apk]
[www.ditchassist.com/wp-content/uploads/app_releases/com.AutoBotz.DitchAssist.v4.28.3.apk]
[www.ditchassist.com/wp-content/uploads/app_releases/DA_User_Guide_2.0.2.apk]
[cdn.ditchassist.com/wp-content/themes/Divi/includes/builder-5/visual-builder/build/script-library-audioafba.js]
[www.ditchassist.com/alpha-release-4-28-3-updates/index.html]
[cdn.ditchassist.com/wp-content/themes/Divi/includes/builder-5/visual-builder/build/script-library-video-overlayafba.js]
[www.ditchassist.com/author/ditchassist_d4bqov/index.html]
[cdn.ditchassist.com/wp-content/themes/Divi/includes/builder-5/visual-builder/build/module-library-script-blogafba.js]
[www.ditchassist.com/category/dev-updates/index.html]
[cdn.ditchassist.com/wp-content/themes/Divi/includes/builder-5/visual-builder/build/script-library-paginationafba.js]
[www.ditchassist.com/2025-new-year-dev-update-estimated-volume-in-slope-iq/index.html]
[cdn.ditchassist.com/wp-content/themes/Divi/includes/builder-5/visual-builder/build/module-script-background-parallaxafba.js]
[www.ditchassist.com/app-releases/index.html]
[www.ditchassist.com/2025-new-year-dev-update-implement-width-setting/index.html]
[www.ditchassist.com/2025-new-year-dev-update-idm-auto-download-and-increased-coverage-areas/index.html]
[www.ditchassist.com/wp-content/uploads/user_manuals/Ditch_Assist_Quick_Start_Guides.pdf]
[www.ditchassist.com/2025-new-year-dev-update-1-auto-nudge/index.html]
[www.ditchassist.com/wp-json/oembed/1.0/embed2f82.json]
[www.ditchassist.com/wp-json/oembed/1.0/embed9d6b]
[www.ditchassist.com/wp-json/wp/v2/pages/210309.json]
[cdn.jsdelivr.net/npm/markmap-toolbar@0.16.0/dist/style.css]
[cdn.jsdelivr.net/npm/katex@0.16.8/dist/katex.min.css]
[cdn.jsdelivr.net/npm/d3@7.8.5/dist/d3.min.js]
[cdn.jsdelivr.net/npm/markmap-view@0.16.0/dist/browser/index.js]
[cdn.jsdelivr.net/npm/markmap-toolbar@0.16.0/dist/index.js]
[cdn.jsdelivr.net/npm/webfontloader@1.6.28/webfontloader.js]
[www.ditchassist.com/troubleshooting/index.html]
[www.ditchassist.com/wp-json/oembed/1.0/embed9435.json]
[www.ditchassist.com/wp-json/oembed/1.0/embed0d29]
[www.ditchassist.com/wp-json/wp/v2/pages/209088.json]
[cdn.ditchassist.com/wp-content/uploads/2022/04/Black.png]
[www.ditchassist.com/ditch-assist-learning-zone/index.html]
[www.ditchassist.com/wp-json/oembed/1.0/embedf6d9.json]
[www.ditchassist.com/wp-json/oembed/1.0/embedc634]
[www.ditchassist.com/wp-json/wp/v2/pages/209608.json]
[www.ditchassist.com/da-app-simulator/index.html]
[www.ditchassist.com/wp-json/oembed/1.0/embed5584.json]
[www.ditchassist.com/wp-json/oembed/1.0/embedf554]
[www.ditchassist.com/wp-json/wp/v2/pages/209537.json]
[www.ditchassist.com/geo/index.html]
[www.ditchassist.com/wp-json/oembed/1.0/embedc9c0.json]
[www.ditchassist.com/wp-json/oembed/1.0/embedb6d1]
[www.ditchassist.com/wp-json/wp/v2/pages/209377.json]
[cdn.ditchassist.com/wp-content/uploads/2024/09/IDM-Screens.png]
[cdn.ditchassist.com/wp-content/uploads/2023/09/IDM.jpg]
[cdn.ditchassist.com/wp-content/uploads/2023/09/IDM2.jpg]
[cdn.ditchassist.com/wp-content/uploads/2023/09/DA_Layer.jpg]
[cdn.ditchassist.com/wp-content/uploads/2023/10/How-To-Create-Value-For-Online-Audience-427x1024.jpg]
[cdn.ditchassist.com/wp-content/uploads/2022/04/DA_Controller_500x500.png]
[cdn.ditchassist.com/wp-content/uploads/2023/09/set_pw-262x300.jpg]
[cdn.ditchassist.com/wp-content/uploads/2023/09/open-portal-300x177.jpg]
[cdn.ditchassist.com/wp-content/uploads/2023/09/search-300x238.jpg]
[www.ditchassist.com/idm/index.html]
[www.ditchassist.com/wp-json/oembed/1.0/embed4201.json]
[www.ditchassist.com/wp-json/oembed/1.0/embed08b6]
[www.ditchassist.com/wp-json/wp/v2/pages/208620.json]
[www.ditchassist.com/contact-form/index.html]
[www.ditchassist.com/wp-json/oembed/1.0/embededca.json]
[www.ditchassist.com/wp-json/oembed/1.0/embed3f2d]
[www.ditchassist.com/wp-json/wp/v2/pages/209166.json]
[www.ditchassist.com/data-privacy/index.html]
[www.ditchassist.com/wp-content/plugins/wp-store-locator/font/fontello8040.svg]
[www.ditchassist.com/wp-content/plugins/ai-engine-pro/themes/icons/white-icons.svg]
[www.ditchassist.com/wp-content/et-cache/213462/et-divi-dynamic-tb-213188-tb-213360-213462df6f.css]
[www.ditchassist.com/index5399.html]
[www.ditchassist.com/wp-content/et-cache/213462/et-core-unified-213462.mindf6f.css]
[cdn.ditchassist.com/wp-includes/js/mediaelement/mediaelementplayer-legacy.min1f61.css]
[cdn.ditchassist.com/wp-includes/js/mediaelement/wp-mediaelement.minb34e.css]
[cdn.ditchassist.com/wp-content/themes/Divi/includes/builder-5/visual-builder/build/module-style-static-background-videoafba.css]
[cdn.ditchassist.com/wp-includes/js/mediaelement/mejs-controls.svg]
[www.ditchassist.com/wp-json/oembed/1.0/embed8e76.json]
[www.ditchassist.com/wp-json/oembed/1.0/embed919d]
[www.ditchassist.com/wp-json/wp/v2/pages/213903.json]
[cdn.ditchassist.com/wp-content/uploads/2023/06/image-6.png]
[cdn.ditchassist.com/wp-content/uploads/2023/06/image-8.png]
[cdn.ditchassist.com/wp-content/uploads/2022/04/Valve_500x500.png]
[cdn.ditchassist.com/wp-content/uploads/2025/04/3.jpg]
[www.ditchassist.com/pull-type-scraper-grade-control-with-ditch-assist/index.html]
[www.ditchassist.com/wp-json/oembed/1.0/embed74a3.json]
[www.ditchassist.com/wp-json/oembed/1.0/embed01a6]
[www.ditchassist.com/wp-json/wp/v2/pages/213924.json]
[cdn.ditchassist.com/wp-content/uploads/2025/05/Wolverine2-scaled.jpg]
[cdn.ditchassist.com/wp-content/uploads/2024/03/2.Post_.png]
[cdn.ditchassist.com/wp-content/uploads/2025/05/Wolverine1-scaled.jpg]
[www.ditchassist.com/wolverine-ditcher-grade-control-with-ditch-assist/index.html]
[www.ditchassist.com/wp-json/oembed/1.0/embedbdfb.json]
[www.ditchassist.com/wp-json/oembed/1.0/embed55ab]
[www.ditchassist.com/wp-json/wp/v2/pages/213946.json]
[cdn.ditchassist.com/wp-content/uploads/2025/06/Ditch_Assist_Revolution_Ditcher.jpg]
[cdn.ditchassist.com/wp-content/uploads/2025/06/Ditch_Assist_Revolution_Ditcher_Valve_Connection.jpg]
[cdn.ditchassist.com/wp-content/uploads/2025/06/Ditch_Assist_Revolution_Ditcher_Setup.jpg]
[cdn.ditchassist.com/wp-content/uploads/2025/06/Ditch_Assist_Revolution_Ditcher_Setup2.jpg]
[cdn.ditchassist.com/wp-content/uploads/2025/06/Ditch_Assist_Revolution_Ditcher_Setup3.jpg]
[www.ditchassist.com/revolution-ditcher-grade-control-with-ditch-assist/index.html]
[www.ditchassist.com/wp-json/oembed/1.0/embed2ef8.json]
[www.ditchassist.com/wp-json/oembed/1.0/embed5650]
[www.ditchassist.com/wp-json/wp/v2/pages/213936.json]
[cdn.ditchassist.com/wp-content/uploads/2024/03/1.Landscape.png]
[cdn.ditchassist.com/wp-content/uploads/2022/04/DA-Land-Leveler-scaled.jpg]
[www.ditchassist.com/pulldozer-grade-control-with-ditch-assist/index.html]
[www.ditchassist.com/ideal-drainage-mapping-for-ditch-assist/index.html]
[www.ditchassist.com/wp-content/et-cache/213614/et-divi-dynamic-tb-213188-tb-213360-2136148b7e.css]
[www.ditchassist.com/indexef35.html]
[www.ditchassist.com/wp-content/et-cache/213614/et-core-unified-213614.min8b7e.css]
[www.ditchassist.com/wp-content/et-cache/208566/et-divi-dynamic-tb-213188-tb-213360-2085669f14.css]
[www.ditchassist.com/index38a6.html]
[www.ditchassist.com/wp-content/et-cache/208566/et-core-unified-208566.min9f14.css]
[www.ditchassist.com/wp-content/et-cache/208648/et-divi-dynamic-tb-213188-tb-213360-20864831a2.css]
[www.ditchassist.com/wp-content/plugins/wpforms-lite/assets/css/integrations/divi/choices.minf855.css]
[www.ditchassist.com/indexa95c.html]
[www.ditchassist.com/wp-content/et-cache/208648/et-core-unified-208648.min31a2.css]
[www.ditchassist.com/wp-content/plugins/wpforms-lite/assets/css/integrations/paypal-commerce/integrations/divi-frontend-paypal-commerce.minb3b6.css]
[www.ditchassist.com/wp-content/plugins/wpforms-lite/assets/css/frontend/classic/wpforms-full.minb3b6.css]
[www.ditchassist.com/wp-content/plugins/wpforms-lite/assets/images/submit-spin.svg]
[www.ditchassist.com/indexefaf.html]
[www.ditchassist.com/wp-content/et-cache/209154/et-core-unified-209154.min31a2.css]
[www.ditchassist.com/wp-content/et-cache/212301/et-divi-dynamic-tb-213188-tb-213360-212301db6b.css]
[www.ditchassist.com/index46e8.html]
[www.ditchassist.com/wp-content/et-cache/212301/et-core-unified-212301.mindb6b.css]
[cdn.ditchassist.com/wp-content/themes/Divi/includes/builder-5/visual-builder/build/module-style-static-background-parallaxafba.css]
[www.ditchassist.com/wp-content/uploads/app_releases/DA_4.22.4.apk]
[www.ditchassist.com/wp-content/uploads/app_releases/com.AutoBotz.DitchAssist.v4.27.2.apk]
[www.ditchassist.com/wp-json/oembed/1.0/embedbc25.json]
[www.ditchassist.com/wp-json/oembed/1.0/embede0b9]
[www.ditchassist.com/wp-json/wp/v2/posts/213708.json]
[www.ditchassist.com/alpha-release-4-28-3-updates/index.html]
[www.ditchassist.com/author/ditchassist_d4bqov/feed/index.html]
[www.ditchassist.com/wp-json/wp/v2/users/1.json]
[www.ditchassist.com/author/ditchassist_d4bqov/index.html]
[www.ditchassist.com/category/dev-updates/feed/index.html]
[www.ditchassist.com/author/ditchassist_d4bqov/page/2/index.html]
[www.ditchassist.com/wp-json/wp/v2/categories/23.json]
[www.ditchassist.com/category/dev-updates/index.html]
[www.ditchassist.com/wp-json/oembed/1.0/embed81b4.json]
[www.ditchassist.com/wp-json/oembed/1.0/embeda78a]
[www.ditchassist.com/wp-json/wp/v2/posts/212349.json]
[www.ditchassist.com/2025-new-year-dev-update-estimated-volume-in-slope-iq/index.html]
[www.ditchassist.com/wp-json/oembed/1.0/embed691f.json]
[www.ditchassist.com/wp-json/oembed/1.0/embed9edf]
[www.ditchassist.com/wp-json/wp/v2/posts/212353.json]
[www.ditchassist.com/2025-new-year-dev-update-implement-width-setting/index.html]
[www.ditchassist.com/wp-json/oembed/1.0/embeda90b.json]
[www.ditchassist.com/wp-json/oembed/1.0/embed8c5c]
[www.ditchassist.com/wp-json/wp/v2/posts/212338.json]
[www.ditchassist.com/2025-new-year-dev-update-idm-auto-download-and-increased-coverage-areas/index.html]
[www.ditchassist.com/wp-json/oembed/1.0/embed80d7.json]
[www.ditchassist.com/wp-json/oembed/1.0/embedd7fb]
[www.ditchassist.com/wp-json/wp/v2/posts/212332.json]
[www.ditchassist.com/2025-new-year-dev-update-1-auto-nudge/index.html]
[www.ditchassist.com/wp-content/et-cache/210309/et-divi-dynamic-tb-213188-tb-213360-2103096eb8.css]
[www.ditchassist.com/index2bc1.html]
[www.ditchassist.com/wp-content/et-cache/210309/et-core-unified-210309.min6eb8.css]
[cdn.jsdelivr.net/npm/markmap-toolbar@0.16.0/dist/style.css]
[cdn.jsdelivr.net/npm/katex@0.16.8/dist/fonts/KaTeX_AMS-Regular.woff2]
[cdn.jsdelivr.net/npm/katex@0.16.8/dist/fonts/KaTeX_AMS-Regular.woff]
[cdn.jsdelivr.net/npm/katex@0.16.8/dist/fonts/KaTeX_AMS-Regular.ttf]
[cdn.jsdelivr.net/npm/katex@0.16.8/dist/fonts/KaTeX_Caligraphic-Bold.woff2]
[cdn.jsdelivr.net/npm/katex@0.16.8/dist/fonts/KaTeX_Caligraphic-Bold.woff]
[cdn.jsdelivr.net/npm/katex@0.16.8/dist/fonts/KaTeX_Caligraphic-Bold.ttf]
[cdn.jsdelivr.net/npm/katex@0.16.8/dist/fonts/KaTeX_Caligraphic-Regular.woff2]
[cdn.jsdelivr.net/npm/katex@0.16.8/dist/fonts/KaTeX_Caligraphic-Regular.woff]
[cdn.jsdelivr.net/npm/katex@0.16.8/dist/fonts/KaTeX_Caligraphic-Regular.ttf]
[cdn.jsdelivr.net/npm/katex@0.16.8/dist/fonts/KaTeX_Fraktur-Bold.woff2]
[cdn.jsdelivr.net/npm/katex@0.16.8/dist/fonts/KaTeX_Fraktur-Bold.woff]
[cdn.jsdelivr.net/npm/katex@0.16.8/dist/fonts/KaTeX_Fraktur-Bold.ttf]
[cdn.jsdelivr.net/npm/katex@0.16.8/dist/fonts/KaTeX_Fraktur-Regular.woff2]
[cdn.jsdelivr.net/npm/katex@0.16.8/dist/fonts/KaTeX_Fraktur-Regular.woff]
[cdn.jsdelivr.net/npm/katex@0.16.8/dist/fonts/KaTeX_Fraktur-Regular.ttf]
[cdn.jsdelivr.net/npm/katex@0.16.8/dist/fonts/KaTeX_Main-Bold.woff2]
[cdn.jsdelivr.net/npm/katex@0.16.8/dist/fonts/KaTeX_Main-Bold.woff]
[cdn.jsdelivr.net/npm/katex@0.16.8/dist/fonts/KaTeX_Main-Bold.ttf]
[cdn.jsdelivr.net/npm/katex@0.16.8/dist/fonts/KaTeX_Main-BoldItalic.woff2]
[cdn.jsdelivr.net/npm/katex@0.16.8/dist/fonts/KaTeX_Main-BoldItalic.woff]
[cdn.jsdelivr.net/npm/katex@0.16.8/dist/fonts/KaTeX_Main-BoldItalic.ttf]
[cdn.jsdelivr.net/npm/katex@0.16.8/dist/fonts/KaTeX_Main-Italic.woff2]
[cdn.jsdelivr.net/npm/katex@0.16.8/dist/fonts/KaTeX_Main-Italic.woff]
[cdn.jsdelivr.net/npm/katex@0.16.8/dist/fonts/KaTeX_Main-Italic.ttf]
[cdn.jsdelivr.net/npm/katex@0.16.8/dist/fonts/KaTeX_Main-Regular.woff2]
[cdn.jsdelivr.net/npm/katex@0.16.8/dist/fonts/KaTeX_Main-Regular.woff]
[cdn.jsdelivr.net/npm/katex@0.16.8/dist/fonts/KaTeX_Main-Regular.ttf]
[cdn.jsdelivr.net/npm/katex@0.16.8/dist/fonts/KaTeX_Math-BoldItalic.woff2]
[cdn.jsdelivr.net/npm/katex@0.16.8/dist/fonts/KaTeX_Math-BoldItalic.woff]
[cdn.jsdelivr.net/npm/katex@0.16.8/dist/fonts/KaTeX_Math-BoldItalic.ttf]
[cdn.jsdelivr.net/npm/katex@0.16.8/dist/fonts/KaTeX_Math-Italic.woff2]
[cdn.jsdelivr.net/npm/katex@0.16.8/dist/fonts/KaTeX_Math-Italic.woff]
[cdn.jsdelivr.net/npm/katex@0.16.8/dist/fonts/KaTeX_Math-Italic.ttf]
[cdn.jsdelivr.net/npm/katex@0.16.8/dist/fonts/KaTeX_SansSerif-Bold.woff2]
[cdn.jsdelivr.net/npm/katex@0.16.8/dist/fonts/KaTeX_SansSerif-Bold.woff]
[cdn.jsdelivr.net/npm/katex@0.16.8/dist/fonts/KaTeX_SansSerif-Bold.ttf]
[cdn.jsdelivr.net/npm/katex@0.16.8/dist/fonts/KaTeX_SansSerif-Italic.woff2]
[cdn.jsdelivr.net/npm/katex@0.16.8/dist/fonts/KaTeX_SansSerif-Italic.woff]
[cdn.jsdelivr.net/npm/katex@0.16.8/dist/fonts/KaTeX_SansSerif-Italic.ttf]
[cdn.jsdelivr.net/npm/katex@0.16.8/dist/fonts/KaTeX_SansSerif-Regular.woff2]
[cdn.jsdelivr.net/npm/katex@0.16.8/dist/fonts/KaTeX_SansSerif-Regular.woff]
[cdn.jsdelivr.net/npm/katex@0.16.8/dist/fonts/KaTeX_SansSerif-Regular.ttf]
[cdn.jsdelivr.net/npm/katex@0.16.8/dist/fonts/KaTeX_Script-Regular.woff2]
[cdn.jsdelivr.net/npm/katex@0.16.8/dist/fonts/KaTeX_Script-Regular.woff]
[cdn.jsdelivr.net/npm/katex@0.16.8/dist/fonts/KaTeX_Script-Regular.ttf]
[cdn.jsdelivr.net/npm/katex@0.16.8/dist/fonts/KaTeX_Size1-Regular.woff2]
[cdn.jsdelivr.net/npm/katex@0.16.8/dist/fonts/KaTeX_Size1-Regular.woff]
[cdn.jsdelivr.net/npm/katex@0.16.8/dist/fonts/KaTeX_Size1-Regular.ttf]
[cdn.jsdelivr.net/npm/katex@0.16.8/dist/fonts/KaTeX_Size2-Regular.woff2]
[cdn.jsdelivr.net/npm/katex@0.16.8/dist/fonts/KaTeX_Size2-Regular.woff]
[cdn.jsdelivr.net/npm/katex@0.16.8/dist/fonts/KaTeX_Size2-Regular.ttf]
[cdn.jsdelivr.net/npm/katex@0.16.8/dist/fonts/KaTeX_Size3-Regular.woff2]
[cdn.jsdelivr.net/npm/katex@0.16.8/dist/fonts/KaTeX_Size3-Regular.woff]
[cdn.jsdelivr.net/npm/katex@0.16.8/dist/fonts/KaTeX_Size3-Regular.ttf]
[cdn.jsdelivr.net/npm/katex@0.16.8/dist/fonts/KaTeX_Size4-Regular.woff2]
[cdn.jsdelivr.net/npm/katex@0.16.8/dist/fonts/KaTeX_Size4-Regular.woff]
[cdn.jsdelivr.net/npm/katex@0.16.8/dist/fonts/KaTeX_Size4-Regular.ttf]
[cdn.jsdelivr.net/npm/katex@0.16.8/dist/fonts/KaTeX_Typewriter-Regular.woff2]
[cdn.jsdelivr.net/npm/katex@0.16.8/dist/fonts/KaTeX_Typewriter-Regular.woff]
[cdn.jsdelivr.net/npm/katex@0.16.8/dist/katex.min.css]
[www.ditchassist.com/wp-content/et-cache/209088/et-divi-dynamic-tb-213188-tb-213360-209088206e.css]
[www.ditchassist.com/index7e4d.html]
[www.ditchassist.com/wp-content/et-cache/209088/et-core-unified-209088.min206e.css]
[www.ditchassist.com/wp-content/et-cache/209608/et-divi-dynamic-tb-213188-tb-213360-2096086eb8.css]
[www.ditchassist.com/index27f5.html]
[www.ditchassist.com/wp-content/et-cache/global/et-divi-customizer-global.min9db3.css]
[www.ditchassist.com/wp-content/et-cache/209537/et-divi-dynamic-tb-213188-tb-213360-2095375fee.css]
[www.ditchassist.com/index8d31.html]
[www.ditchassist.com/index0b50.html]
[www.ditchassist.com/wp-content/et-cache/209377/et-core-unified-209377.min44fb.css]
[www.ditchassist.com/wp-content/et-cache/208620/et-divi-dynamic-tb-213188-tb-213360-2086209db3.css]
[www.ditchassist.com/indexa732.html]
[www.ditchassist.com/wp-content/et-cache/208620/et-core-unified-tb-213188-tb-213360-deferred-208620.min348f.css]
[www.ditchassist.com/wp-content/et-cache/209166/et-divi-dynamic-tb-213188-tb-213360-2091669d59.css]
[www.ditchassist.com/index5d36.html]
[www.ditchassist.com/wp-content/et-cache/209166/et-core-unified-209166.min9d59.css]
[cdn.ditchassist.com/wp-includes/js/mediaelement/mejs-controls.svg]
[www.ditchassist.com/wp-content/et-cache/213903/et-divi-dynamic-tb-213188-tb-213360-21390363b8.css]
[www.ditchassist.com/indexbc13.html]
[www.ditchassist.com/wp-content/et-cache/213903/et-core-unified-213903.min63b8.css]
[www.ditchassist.com/wp-content/et-cache/213924/et-divi-dynamic-tb-213188-tb-213360-2139242a2f.css]
[www.ditchassist.com/index7587.html]
[www.ditchassist.com/wp-content/et-cache/213924/et-core-unified-213924.min2a2f.css]
[www.ditchassist.com/wp-content/et-cache/213946/et-divi-dynamic-tb-213188-tb-213360-213946486f.css]
[www.ditchassist.com/index18cc.html]
[www.ditchassist.com/wp-content/et-cache/213946/et-core-unified-213946.min486f.css]
[www.ditchassist.com/wp-content/et-cache/213936/et-divi-dynamic-tb-213188-tb-213360-21393655af.css]
[www.ditchassist.com/indexf92e.html]
[www.ditchassist.com/wp-content/et-cache/213936/et-core-unified-213936.min55af.css]
[www.ditchassist.com/idm-3/index.html]
[www.ditchassist.com/wp-content/plugins/wpforms-lite/assets/images/cross.svg]
[www.ditchassist.com/wp-content/plugins/wpforms-lite/assets/images/cross-inverse.svg]
[www.ditchassist.com/wp-content/et-cache/213708/et-divi-dynamic-tb-213188-tb-213360-21370894ae.css]
[www.ditchassist.com/index71a9.html]
[cdn.jsdelivr.net/npm/katex@0.16.8/dist/fonts/KaTeX_Typewriter-Regular.ttf]
[www.ditchassist.com/author/ditchassist_d4bqov/page/2/index.html]
[www.ditchassist.com/wp-content/et-cache/213188/et-core-unified-213188.min8da7.css]
[www.ditchassist.com/wp-content/et-cache/213188/et-core-unified-deferred-213188.min8da7.css]
[www.ditchassist.com/wp-content/et-cache/213360/et-core-unified-deferred-213360.min8da7.css]
[www.ditchassist.com/in-depth-comparison-ditch-assist-versus-the-big-company-competitors-drainage-solutions/index.html]
[www.ditchassist.com/the-rise-of-ditch-assist-in-land-leveling-a-global-success-story/index.html]
[www.ditchassist.com/wp-content/et-cache/212349/et-divi-dynamic-tb-213188-tb-213360-212349a531.css]
[www.ditchassist.com/sarcastic-sam/index.html]
[www.ditchassist.com/discover-the-edge-with-ditch-assist-revolutionizing-surface-drainage-in-agriculture/index.html]
[www.ditchassist.com/index336a.html]
[www.ditchassist.com/wp-content/et-cache/212353/et-divi-dynamic-tb-213188-tb-213360-2123535bf8.css]
[www.ditchassist.com/indexc1ae.html]
[www.ditchassist.com/wp-content/et-cache/212338/et-divi-dynamic-tb-213188-tb-213360-212338868b.css]
[www.ditchassist.com/indexb00a.html]
[www.ditchassist.com/wp-content/et-cache/212332/et-divi-dynamic-tb-213188-tb-213360-2123320fc3.css]
[www.ditchassist.com/index781d.html]
[www.ditchassist.com/wp-content/et-cache/author/1/et-divi-dynamic-tb-213188-tb-213360-late8da7.css]
[www.ditchassist.com/ditch-assist-user-manual/index.html]
[www.ditchassist.com/author/ditchassist_d4bqov/page/3/index.html]
[www.ditchassist.com/wp-json/oembed/1.0/embed7a1c.json]
[www.ditchassist.com/wp-json/oembed/1.0/embed9271]
[www.ditchassist.com/wp-json/wp/v2/posts/209634.json]
[www.ditchassist.com/sarcastic-sam/index.html]
[www.ditchassist.com/wp-json/oembed/1.0/embed24e1.json]
[www.ditchassist.com/category/ditchassist/index.html]
[www.ditchassist.com/wp-json/oembed/1.0/embed91c0]
[www.ditchassist.com/wp-json/wp/v2/posts/209605.json]
[www.ditchassist.com/the-rise-of-ditch-assist-in-land-leveling-a-global-success-story/index.html]
[www.ditchassist.com/wp-json/oembed/1.0/embed3357.json]
[www.ditchassist.com/wp-json/oembed/1.0/embede34b]
[www.ditchassist.com/wp-json/wp/v2/posts/209603.json]
[www.ditchassist.com/in-depth-comparison-ditch-assist-versus-the-big-company-competitors-drainage-solutions/index.html]
[www.ditchassist.com/wp-json/oembed/1.0/embedda85.json]
[www.ditchassist.com/wp-json/oembed/1.0/embed3a7c]
[www.ditchassist.com/wp-json/wp/v2/posts/209599.json]
[www.ditchassist.com/discover-the-edge-with-ditch-assist-revolutionizing-surface-drainage-in-agriculture/index.html]
[www.ditchassist.com/wp-json/oembed/1.0/embed2a8c.json]
[www.ditchassist.com/wp-json/oembed/1.0/embed0c28]
[www.ditchassist.com/wp-json/wp/v2/posts/209246.json]
[www.ditchassist.com/ditch-assist-user-manual/index.html]
[www.ditchassist.com/author/ditchassist_d4bqov/page/3/index.html]
[www.ditchassist.com/wp-content/et-cache/209634/et-divi-dynamic-tb-213188-tb-213360-2096347342.css]
[www.ditchassist.com/ideal-drainage-mapping-a-detailed-guide-for-ditch-assist-owners/index.html]
[www.ditchassist.com/index499c.html]
[www.ditchassist.com/ditch-assist-installation-instructions/index.html]
[www.ditchassist.com/understanding-how-ditch-assist-works/index.html]
[www.ditchassist.com/ditch-assist-operating-principles/index.html]
[www.ditchassist.com/author/ditchassist_d4bqov/page/4/index.html]
[www.ditchassist.com/ditch-assist-comprehensive-faq/index.html]
[www.ditchassist.com/wp-json/wp/v2/categories/1.json]
[www.ditchassist.com/category/ditchassist/index.html]
[www.ditchassist.com/wp-content/et-cache/209605/et-divi-dynamic-tb-213188-tb-213360-209605f864.css]
[www.ditchassist.com/index23fe.html]
[www.ditchassist.com/wp-content/et-cache/209603/et-divi-dynamic-tb-213188-tb-213360-209603f864.css]
[www.ditchassist.com/indexf33c.html]
[www.ditchassist.com/wp-content/et-cache/209599/et-divi-dynamic-tb-213188-tb-213360-2095997342.css]
[www.ditchassist.com/index25de.html]
[www.ditchassist.com/wp-content/et-cache/209246/et-divi-dynamic-tb-213188-tb-213360-209246b714.css]
[www.ditchassist.com/indexd923.html]
[www.ditchassist.com/category/ditchassist/feed/index.html]
[www.ditchassist.com/wp-json/oembed/1.0/embed4c74.json]
[www.ditchassist.com/wp-json/oembed/1.0/embed8cb1]
[www.ditchassist.com/category/ditchassist/page/2/index.html]
[www.ditchassist.com/wp-json/wp/v2/posts/209482.json]
[cdn.ditchassist.com/wp-content/uploads/2023/11/image.png]
[www.ditchassist.com/ideal-drainage-mapping-a-detailed-guide-for-ditch-assist-owners/index.html]
[www.ditchassist.com/wp-json/oembed/1.0/embedb164.json]
[www.ditchassist.com/wp-json/oembed/1.0/embed5b1a]
[www.ditchassist.com/wp-json/wp/v2/posts/209248.json]
[www.ditchassist.com/ditch-assist-comprehensive-faq/index.html]
[www.ditchassist.com/wp-json/oembed/1.0/embeda254.json]
[www.ditchassist.com/wp-json/oembed/1.0/embed168c]
[www.ditchassist.com/wp-json/wp/v2/posts/209236.json]
[cdn.ditchassist.com/wp-content/uploads/2023/06/image-7.png]
[cdn.ditchassist.com/wp-content/uploads/2023/06/image-10-768x1024.png]
[cdn.ditchassist.com/wp-content/uploads/2023/06/image-11-1024x768.png]
[cdn.ditchassist.com/wp-content/uploads/2023/06/image-9-1024x626.png]
[www.ditchassist.com/ditch-assist-installation-instructions/index.html]
[www.ditchassist.com/wp-json/oembed/1.0/embed0cf5.json]
[www.ditchassist.com/wp-json/oembed/1.0/embedef10]
[www.ditchassist.com/wp-json/wp/v2/posts/209232.json]
[cdn.ditchassist.com/wp-content/uploads/2023/06/image-6-1024x620.png]
[www.ditchassist.com/understanding-how-ditch-assist-works/index.html]
[www.ditchassist.com/wp-json/oembed/1.0/embed38c5.json]
[www.ditchassist.com/wp-json/oembed/1.0/embedfc8a]
[www.ditchassist.com/wp-json/wp/v2/posts/209223.json]
[cdn.ditchassist.com/wp-content/uploads/2023/06/image-2-1024x573.png]
[cdn.ditchassist.com/wp-content/uploads/2023/06/image-1024x631.png]
[cdn.ditchassist.com/wp-content/uploads/2023/06/image-1-1024x489.png]
[cdn.ditchassist.com/wp-content/uploads/2023/06/image-3-1024x484.png]
[cdn.ditchassist.com/wp-content/uploads/2023/06/image-5-1024x574.png]
[cdn.ditchassist.com/wp-content/uploads/2023/06/image-4-1024x577.png]
[www.ditchassist.com/ditch-assist-operating-principles/index.html]
[www.ditchassist.com/author/ditchassist_d4bqov/page/4/index.html]
[www.ditchassist.com/quick-start-guide-to-using-ditch-assist/index.html]
[www.ditchassist.com/ditch-assist-required-components/index.html]
[www.ditchassist.com/ditch-assist-overview/index.html]
[www.ditchassist.com/category/ditchassist/page/2/index.html]
[www.ditchassist.com/wp-content/et-cache/209482/et-divi-dynamic-tb-213188-tb-213360-2094820026.css]
[www.ditchassist.com/index66ac.html]
[www.ditchassist.com/wp-content/et-cache/209248/et-divi-dynamic-tb-213188-tb-213360-209248d27f.css]
[www.ditchassist.com/index0074.html]
[www.ditchassist.com/wp-content/et-cache/209236/et-divi-dynamic-tb-213188-tb-213360-20923642e5.css]
[www.ditchassist.com/index6472.html]
[www.ditchassist.com/wp-content/et-cache/209232/et-divi-dynamic-tb-213188-tb-213360-2092327bd8.css]
[www.ditchassist.com/index8696.html]
[www.ditchassist.com/wp-content/et-cache/209223/et-divi-dynamic-tb-213188-tb-213360-209223157d.css]
[www.ditchassist.com/index6883.html]
[www.ditchassist.com/category/ditchassist/page/3/index.html]
[www.ditchassist.com/wp-json/oembed/1.0/embedde06.json]
[www.ditchassist.com/wp-json/oembed/1.0/embed4947]
[www.ditchassist.com/wp-json/wp/v2/posts/209220.json]
[www.ditchassist.com/quick-start-guide-to-using-ditch-assist/index.html]
[www.ditchassist.com/wp-json/oembed/1.0/embed8542.json]
[www.ditchassist.com/wp-json/oembed/1.0/embeda955]
[www.ditchassist.com/wp-json/wp/v2/posts/209215.json]
[www.ditchassist.com/ditch-assist-required-components/index.html]
[www.ditchassist.com/wp-json/oembed/1.0/embed515e.json]
[www.ditchassist.com/wp-json/oembed/1.0/embed6a51]
[www.ditchassist.com/wp-json/wp/v2/posts/209213.json]
[www.ditchassist.com/ditch-assist-overview/index.html]
[www.ditchassist.com/wp-content/et-cache/taxonomy/category/1/et-divi-dynamic-tb-213188-tb-213360-late4d47.css]
[www.ditchassist.com/category/ditchassist/page/3/index.html]
[www.ditchassist.com/wp-content/et-cache/209220/et-divi-dynamic-tb-213188-tb-213360-209220e364.css]
[www.ditchassist.com/index4a23.html]
[www.ditchassist.com/wp-content/et-cache/209215/et-divi-dynamic-tb-213188-tb-213360-209215e364.css]
[www.ditchassist.com/index6838.html]
[www.ditchassist.com/wp-content/et-cache/209213/et-divi-dynamic-tb-213188-tb-213360-209213b842.css]
[www.ditchassist.com/index6839.html]
