[losantonios.com/es/index.html]
[backblue.gif]
[fade.gif]
[index.html]
[losantonios.com/wp-includes/css/dist/block-library/style.min.css]
[losantonios.com/wp-content/themes/losantonios/style.css]
[losantonios.com/es/feed/index.html]
[losantonios.com/es/comments/feed/index.html]
[losantonios.com/wp-content/themes/losantonios-child/style.css]
[losantonios.com/wp-content/plugins/gdpr-cookie-compliance/dist/styles/gdpr-main.css]
[losantonios.com/wp-includes/js/jquery/jquery.min.js]
[losantonios.com/wp-includes/js/jquery/jquery-migrate.min.js]
[losantonios.com/wp-content/uploads/2021/02/cropped-favicon-32x32.png]
[losantonios.com/wp-content/uploads/2021/02/cropped-favicon-192x192.png]
[losantonios.com/wp-content/uploads/2021/02/cropped-favicon-180x180.png]
[losantonios.com/wp-content/themes/losantonios/js/wow.min.js]
[losantonios.com/wp-content/themes/losantonios/img/categoria-traillas.png]
[losantonios.com/wp-content/themes/losantonios/img/categoria-refinadoras.png]
[losantonios.com/wp-content/themes/losantonios/img/categoria-bulldozer.png]
[losantonios.com/es/empresa/index.html]
[losantonios.com/es/maquinaria/index.html]
[losantonios.com/es/subsoladores]
[losantonios.com/es/traillas/index.html]
[losantonios.com/wp-content/themes/losantonios/img/categoria-subsolador.png]
[losantonios.com/es/refinadoras/index.html]
[losantonios.com/es/bulldozers/index.html]
[losantonios.com/es/subsoladores/index.html]
[losantonios.com/es/preparadores]
[losantonios.com/wp-content/themes/losantonios/img/categoria-preparadores.png]
[losantonios.com/es/preparadores/index.html]
[losantonios.com/es/tolvas/index.html]
[losantonios.com/es/plantadoras/index.html]
[losantonios.com/es/tolvas]
[losantonios.com/wp-content/themes/losantonios/img/categoria-tolva.png]
[losantonios.com/es/otros/index.html]
[losantonios.com/es/novedades/index.html]
[losantonios.com/es/postventa/index.html]
[losantonios.com/es/ocasion/index.html]
[losantonios.com/es/plantadoras]
[losantonios.com/wp-content/themes/losantonios/img/categoria-plantadoras.png]
[losantonios.com/es/otros]
[losantonios.com/wp-content/themes/losantonios/img/categoria-otros.png]
[losantonios.com/wp-content/uploads/2020/10/seo-home.jpg]
[losantonios.com/wp-content/plugins/gdpr-cookie-compliance/dist/scripts/main.js]
[losantonios.com/wp-content/plugins/gdpr-cookie-compliance/dist/images/gdpr-logo.png]
[losantonios.com/es/index.html]
[losantonios.com/es/politica-de-privacidad/index.html]
[losantonios.com/wp-includes/css/dist/block-library/style.min.css]
[losantonios.com/es/aviso-legal/index.html]
[losantonios.com/es/politica-de-cookies/index.html]
[losantonios.com/es/blog/index.html]
[losantonios.com/wp-content/themes/losantonios/fonts/icomoonbf42.eot]
[losantonios.com/wp-content/themes/losantonios/fonts/icomoonbf42.ttf]
[losantonios.com/wp-content/themes/losantonios/fonts/icomoonbf42.woff]
[losantonios.com/wp-content/themes/losantonios/fonts/icomoonbf42.svg]
[losantonios.com/wp-content/themes/losantonios/img/header-home.jpg]
[losantonios.com/wp-content/themes/losantonios/img/categorias-home.jpg]
[losantonios.com/wp-content/themes/losantonios/img/home-videos.jpg]
[losantonios.com/wp-content/themes/losantonios/img/header-maquinaria.jpg]
[losantonios.com/wp-content/themes/losantonios/img/header-empresa.jpg]
[losantonios.com/wp-content/themes/losantonios/img/header-contacto.jpg]
[losantonios.com/wp-content/themes/losantonios/img/header-postventa.jpg]
[losantonios.com/wp-content/themes/losantonios/img/header-novedades.jpg]
[losantonios.com/wp-content/themes/losantonios/img/header-financiacion.jpg]
[losantonios.com/wp-content/themes/losantonios/style.css]
[losantonios.com/wp-content/themes/losantonios-child/style.css]
[losantonios.com/wp-content/plugins/gdpr-cookie-compliance/dist/styles/gdpr-main.css]
[losantonios.com/wp-content/themes/losantonios/css/owl.carousel.min.css]
[losantonios.com/wp-content/uploads/2020/10/seo-empresa.jpg]
[losantonios.com/wp-content/uploads/2020/10/equipo-antonios.jpg]
[losantonios.com/wp-content/uploads/2020/10/icono-cercania.png]
[losantonios.com/wp-content/uploads/2020/10/icono-asesoramiento.png]
[losantonios.com/wp-content/uploads/2020/10/icono-profesionalidad.png]
[losantonios.com/wp-content/uploads/2020/10/icono-versatilidad.png]
[losantonios.com/wp-content/uploads/2020/10/agricultura-empresa.jpg]
[losantonios.com/wp-content/uploads/2020/10/construccion-naves.jpg]
[losantonios.com/wp-content/uploads/2020/10/construccion-plataformas.jpg]
[losantonios.com/wp-content/uploads/2020/10/construccion-deportivos.jpg]
[losantonios.com/wp-content/themes/losantonios/js/owl.carousel.min.js]
[losantonios.com/es/empresa/index.html]
[losantonios.com/es/subsoladores]
[losantonios.com/es/preparadores]
[losantonios.com/es/maquinaria/index.html]
[losantonios.com/wp-content/uploads/2020/10/categoria-traillas.jpg]
[losantonios.com/wp-content/uploads/2020/10/categoria-traillas.png]
[losantonios.com/wp-content/uploads/2021/03/trailla-TV-VH.png]
[losantonios.com/es/traillas/index.html]
[losantonios.com/wp-content/uploads/2020/11/2500CC-2750CC-300CC.png]
[losantonios.com/es/traillas/traillas-hidraulicas-de-empuje/index.html]
[losantonios.com/wp-content/uploads/2020/11/1400ccf.png]
[losantonios.com/es/refinadoras/refinadoras-cuello-cisne/index.html]
[losantonios.com/wp-content/uploads/2020/11/5000ccg-dc.png]
[losantonios.com/wp-content/uploads/2020/11/trasera-teja-abatible-sin.png]
[losantonios.com/es/refinadoras/refinadoras-laser-fija-cuello-cisne/index.html]
[losantonios.com/wp-content/uploads/2021/03/niveladoraCCGF-C3.png]
[losantonios.com/es/refinadoras/index.html]
[losantonios.com/es/refinadoras/refinadoras-laser-cuello-cisne-doble-control/index.html]
[losantonios.com/es/refinadoras/refinadoras-traseras/index.html]
[losantonios.com/wp-content/uploads/2020/11/bulldozer-fijo.png]
[losantonios.com/es/refinadoras/niveladoras-obras-y-caminos/index.html]
[losantonios.com/wp-content/uploads/2021/02/polidozer-PH55.png]
[losantonios.com/es/bulldozers/index.html]
[losantonios.com/wp-content/uploads/2020/11/subsolador-5.png]
[losantonios.com/es/bulldozers/bulldozer/index.html]
[losantonios.com/es/bulldozers/polidozer/index.html]
[losantonios.com/wp-content/uploads/2020/11/desfondador.png]
[losantonios.com/es/subsoladores/index.html]
[losantonios.com/wp-content/uploads/2020/11/chisel-fijo-3hileras.png]
[losantonios.com/es/subsoladores/subsolador/index.html]
[losantonios.com/es/subsoladores/desfondador/index.html]
[losantonios.com/es/preparadores/chisel/index.html]
[losantonios.com/wp-content/uploads/2021/02/RCPH.png]
[losantonios.com/es/preparadores/index.html]
[losantonios.com/wp-content/uploads/2020/11/tolva.png]
[losantonios.com/es/tolvas/index.html]
[losantonios.com/es/preparadores/molon/index.html]
[losantonios.com/es/tolvas/tolva/index.html]
[losantonios.com/wp-content/uploads/2021/06/PLA-VIÑAS-N.png]
[losantonios.com/wp-content/uploads/2021/06/PLA-ARBOL-1-N.png]
[losantonios.com/es/plantadoras/index.html]
[losantonios.com/es/plantadoras/vinas/index.html]
[losantonios.com/wp-content/uploads/2020/11/arrancadora.png]
[losantonios.com/es/plantadoras/arboles/index.html]
[losantonios.com/wp-content/uploads/2020/11/despedregadora.png]
[losantonios.com/es/otros/arrancadora/index.html]
[losantonios.com/wp-content/uploads/2021/02/alomador.png]
[losantonios.com/es/otros/despedregadora/index.html]
[losantonios.com/wp-content/uploads/2021/02/acaballonador.png]
[losantonios.com/wp-content/uploads/2021/02/carro.png]
[losantonios.com/es/otros/index.html]
[losantonios.com/es/otros/alomador/index.html]
[losantonios.com/es/otros/acaballonador/index.html]
[losantonios.com/wp-content/uploads/2020/10/seo-novedades.jpg]
[losantonios.com/wp-content/uploads/2021/06/Giro-especial-en-refinadoras.png]
[losantonios.com/es/novedades/index.html]
[losantonios.com/es/otros/carro-porta-aperos/index.html]
[losantonios.com/wp-content/uploads/2020/10/icono-tecnologia.png]
[losantonios.com/es/otros/giro/giro-especial-en-refinadoras/index.html]
[losantonios.com/wp-content/uploads/2020/10/icono-postventa.png]
[losantonios.com/es/es/otros/acaballonador/acaballonador-aca800/index.html]
[losantonios.com/wp-content/uploads/2020/10/icono-experiencia.png]
[losantonios.com/es/es/otros/alomador/alomador-alo7/index.html]
[losantonios.com/wp-content/plugins/contact-form-7/includes/css/styles.css]
[losantonios.com/wp-content/plugins/contact-form-7/includes/swv/js/index.js]
[losantonios.com/wp-content/plugins/contact-form-7/includes/js/index.js]
[losantonios.com/es/postventa/index.html]
[losantonios.com/wp-content/uploads/2020/10/trailla-th-66-4R20.png]
[losantonios.com/es/ocasion/index.html]
[losantonios.com/es/tolvas.html]
[losantonios.com/es/plantadoras.html]
[losantonios.com/es/otros.html]
[losantonios.com/es/politica-de-privacidad/index.html]
[losantonios.com/es/politica-de-cookies/index.html]
[losantonios.com/es/aviso-legal/index.html]
[losantonios.com/wp-content/uploads/2024/12/normativas-y-seguridad-en-el-movimiento-de-tierras-01-1024x536.jpg]
[losantonios.com/es/es/traillas/traillas-hidraulicas-de-empuje/th66/index.html]
[losantonios.com/wp-content/uploads/2024/11/desarrollos-en-sostenibilidad-01-1024x536.jpg]
[losantonios.com/es/normativas-y-seguridad-en-el-movimiento-de-tierras/index.html]
[losantonios.com/wp-content/uploads/2024/10/mantenimiento-preventivo-de-maquinaria-01-1024x536.jpg]
[losantonios.com/es/desarrollos-en-sostenibilidad/index.html]
[losantonios.com/wp-content/uploads/2024/09/innovacion-en-diseno-de-maquinaria-agricola-01-1024x536.jpg]
[losantonios.com/es/mantenimiento-preventivo-de-maquinaria/index.html]
[losantonios.com/es/innovacion-en-diseno-de-maquinaria-agricola/index.html]
[losantonios.com/wp-content/uploads/2024/05/tecnoligia-maquinaria-movimiento-tierras-1024x536.jpg]
[losantonios.com/wp-content/uploads/2024/03/eficiencia-energetica-en-maquinaria-pesada-01-1024x536.jpg]
[losantonios.com/es/tendencias-en-tecnologia-de-maquinaria-de-movimiento-de-tierras/index.html]
[losantonios.com/wp-content/uploads/2024/02/maquinaria-de-movimiento-de-tierras-1024x536.jpg]
[losantonios.com/es/blog/index.html]
[losantonios.com/wp-content/themes/losantonios/fonts/icomoonbf42.svg]
[losantonios.com/es/eficiencia-energetica-en-maquinaria-pesada/index.html]
[losantonios.com/es/introduccion-a-la-maquinaria-de-movimiento-de-tierras/index.html]
[losantonios.com/wp-content/themes/losantonios/css/owl.video.play.png]
[losantonios.com/wp-content/themes/losantonios/css/owl.carousel.min.css]
[losantonios.com/es/subsoladores.html]
[losantonios.com/es/preparadores.html]
[losantonios.com/wp-content/uploads/2020/10/trailla-th-23.png]
[losantonios.com/wp-content/uploads/2020/10/trailla-th-25.png]
[losantonios.com/es/es/traillas/traillas-hidraulicas-de-empuje/th23/index.html]
[losantonios.com/es/financiacion/index.html]
[losantonios.com/wp-content/uploads/2020/10/trailla-th-30-35.png]
[losantonios.com/es/es/traillas/traillas-hidraulicas-de-empuje/th25/index.html]
[losantonios.com/wp-content/uploads/2020/10/trailla-th-38.png]
[losantonios.com/es/es/traillas/traillas-hidraulicas-de-empuje/th30/index.html]
[losantonios.com/wp-content/uploads/2020/10/trailla-th-39.png]
[losantonios.com/es/es/traillas/traillas-hidraulicas-de-empuje/th35/index.html]
[losantonios.com/es/es/traillas/traillas-hidraulicas-de-empuje/th38/index.html]
[losantonios.com/wp-content/uploads/2020/11/42.png]
[losantonios.com/es/es/traillas/traillas-hidraulicas-de-empuje/th39/index.html]
[losantonios.com/wp-content/uploads/2020/10/trailla-th-48-BP.png]
[losantonios.com/es/es/traillas/traillas-hidraulicas-de-empuje/th42-bp/index.html]
[losantonios.com/wp-content/uploads/2020/10/trailla-th-51-BP.png]
[losantonios.com/es/es/traillas/traillas-hidraulicas-de-empuje/th48-bp/index.html]
[losantonios.com/wp-content/uploads/2021/02/trailla-th-51-di.png]
[losantonios.com/es/es/traillas/traillas-hidraulicas-de-empuje/th51-bp/index.html]
[losantonios.com/wp-content/uploads/2020/10/trailla-th-61-BP.png]
[losantonios.com/es/es/traillas/traillas-hidraulicas-de-empuje/th51-di/index.html]
[losantonios.com/wp-content/uploads/2020/10/trailla-th-63-BP.png]
[losantonios.com/es/traillas/traillas-hidraulicas-de-empuje/index.html]
[losantonios.com/es/es/traillas/traillas-hidraulicas-de-empuje/th61-bp/index.html]
[losantonios.com/es/es/traillas/traillas-hidraulicas-de-empuje/th63-bp/index.html]
[losantonios.com/wp-content/uploads/2020/11/1200CC-1400CC-1400CC-ESP.png]
[losantonios.com/es/traillas/traillas-de-volteo-vinas-y-arbolado/index.html]
[losantonios.com/wp-content/uploads/2020/11/1800CC.png]
[losantonios.com/es/es/refinadoras/refinadoras-cuello-cisne/1200cc-1400cc/index.html]
[losantonios.com/wp-content/uploads/2020/11/2000CC.png]
[losantonios.com/es/es/refinadoras/refinadoras-cuello-cisne/1800cc/index.html]
[losantonios.com/wp-content/uploads/2020/11/refinadora-2000c.png]
[losantonios.com/es/es/refinadoras/refinadoras-cuello-cisne/2000cc/index.html]
[losantonios.com/wp-content/uploads/2020/11/refinadora-4000c.png]
[losantonios.com/es/es/refinadoras/refinadoras-cuello-cisne/2500cc-2750cc-3000cc/index.html]
[losantonios.com/wp-content/uploads/2020/11/refinadora-5000ccg.png]
[losantonios.com/es/es/refinadoras/refinadoras-cuello-cisne/4000cc-4500cc-5000cc-6000cc/index.html]
[losantonios.com/wp-content/uploads/2021/02/6CC-v.png]
[losantonios.com/es/es/refinadoras/refinadoras-cuello-cisne/5000ccg/index.html]
[losantonios.com/wp-content/uploads/2020/11/ccg-v-exs.png]
[losantonios.com/es/es/refinadoras/refinadoras-cuello-cisne/6cc-v/index.html]
[losantonios.com/wp-content/uploads/2021/02/refinadora-V5000ccm.png]
[losantonios.com/es/es/refinadoras/refinadoras-cuello-cisne/6ccg-v-ex-7ccg-v-ex/index.html]
[losantonios.com/wp-content/uploads/2020/11/V-6000ccm.png]
[losantonios.com/es/refinadoras/refinadoras-cuello-cisne/index.html]
[losantonios.com/es/es/refinadoras/refinadoras-cuello-cisne/v5000ccm-v6000ccm-v7000ccm/index.html]
[losantonios.com/wp-content/uploads/2021/02/trailla-fija-lanza.png]
[losantonios.com/es/es/refinadoras/refinadoras-cuello-cisne/v6000ccg-7000ccg/index.html]
[losantonios.com/wp-content/uploads/2020/11/trasera-fija-lanza.png]
[losantonios.com/es/es/refinadoras/refinadoras-laser-fija-cuello-cisne/lanza-rfl/index.html]
[losantonios.com/wp-content/uploads/2020/11/refinadora-fija-ccf.png]
[losantonios.com/es/refinadoras/refinadoras-laser-fija-cuello-cisne/index.html]
[losantonios.com/es/es/refinadoras/refinadoras-laser-fija-cuello-cisne/refinadora-fija-lanza-rfl-elv/index.html]
[losantonios.com/wp-content/uploads/2020/11/1200cc-dc.png]
[losantonios.com/es/es/refinadoras/refinadoras-laser-fija-cuello-cisne/ccf-ccgf/index.html]
[losantonios.com/wp-content/uploads/2020/11/1800cc-dc.png]
[losantonios.com/es/es/refinadoras/refinadoras-laser-cuello-cisne-doble-control/1200cc-dc-1400cc-dc/index.html]
[losantonios.com/wp-content/uploads/2020/11/2000cc-dc.png]
[losantonios.com/es/es/refinadoras/refinadoras-laser-cuello-cisne-doble-control/1800cc-dc/index.html]
[losantonios.com/wp-content/uploads/2020/11/2500cc-dc.png]
[losantonios.com/es/es/refinadoras/refinadoras-laser-cuello-cisne-doble-control/2000cc-dc/index.html]
[losantonios.com/wp-content/uploads/2020/11/4000cc-dc.png]
[losantonios.com/es/es/refinadoras/refinadoras-laser-cuello-cisne-doble-control/2500cc-dc-2750cc-dc-3000cc-dc/index.html]
[losantonios.com/wp-content/uploads/2021/02/refinadora6cc.png]
[losantonios.com/es/es/refinadoras/refinadoras-laser-cuello-cisne-doble-control/4000cc-dc-45050cc-dc-5000cc-dc-6000cc-dc/index.html]
[losantonios.com/es/es/refinadoras/refinadoras-laser-cuello-cisne-doble-control/5000ccg-dc/index.html]
[losantonios.com/es/es/refinadoras/refinadoras-laser-cuello-cisne-doble-control/6cc-v-dc/index.html]
[losantonios.com/wp-content/uploads/2021/02/refinadora5000CCMDC.png]
[losantonios.com/es/es/refinadoras/refinadoras-laser-cuello-cisne-doble-control/6ccg-v-ex-dc-7ccg-v-ex-dc/index.html]
[losantonios.com/wp-content/uploads/2021/02/refinadoraV6000CCMDC.png]
[losantonios.com/es/refinadoras/refinadoras-laser-cuello-cisne-doble-control/index.html]
[losantonios.com/es/es/refinadoras/refinadoras-laser-cuello-cisne-doble-control/v-5000ccm-dc-v-6000ccm-dc-v-7000ccm-dc/index.html]
[losantonios.com/es/es/refinadoras/refinadoras-laser-cuello-cisne-doble-control/refinadora-cuello-cisne-doble-control-v-6000ccg-dc-v-7000ccg-dc/index.html]
[losantonios.com/wp-content/uploads/2020/11/trasera-teja-abatible.png]
[losantonios.com/es/refinadoras/refinadoras-traseras/index.html]
[losantonios.com/es/es/refinadoras/refinadoras-traseras/refinadora-trasera-de-teja-abatible-con-inclinacion/index.html]
[losantonios.com/wp-content/uploads/2021/03/niveladoraCCGF-C1.png]
[losantonios.com/wp-content/uploads/2021/03/niveladoraCCGF-C2.png]
[losantonios.com/es/refinadoras/niveladoras-obras-y-caminos/index.html]
[losantonios.com/es/es/refinadoras/niveladoras-obras-y-caminos/ccgf-c2/index.html]
[losantonios.com/es/es/refinadoras/niveladoras-obras-y-caminos/ccgf-c1/index.html]
[losantonios.com/es/es/refinadoras/refinadoras-traseras/sin-inclinacion/index.html]
[losantonios.com/es/es/refinadoras/niveladoras-obras-y-caminos/ccgf-c3/index.html]
[losantonios.com/wp-content/uploads/2020/11/bulldozer-extensible-angledozer.png]
[losantonios.com/wp-content/uploads/2020/11/bulldozer-extensible-angledozer-tildozer.png]
[losantonios.com/es/es/bulldozers/bulldozer/angledozer/index.html]
[losantonios.com/wp-content/uploads/2021/02/bulldozer-angledozer-tildozer-ext.png]
[losantonios.com/es/es/bulldozers/bulldozer/angledozer-y-tildozer/index.html]
[losantonios.com/es/es/bulldozers/bulldozer/extensible-angledozer-y-tildozer/index.html]
[losantonios.com/wp-content/uploads/2021/02/bulldozer-ext-fijo.png]
[losantonios.com/wp-content/uploads/2021/02/bulldozer-tildozer.png]
[losantonios.com/es/bulldozers/bulldozer/index.html]
[losantonios.com/es/es/bulldozers/bulldozer/extensible-fijo/index.html]
[losantonios.com/es/es/bulldozers/bulldozer/fijo/index.html]
[losantonios.com/es/es/bulldozers/bulldozer/tildozer/index.html]
[losantonios.com/wp-content/uploads/2021/02/polidozer-PH49.png]
[losantonios.com/es/es/bulldozers/polidozer/hidraulico-ph49/index.html]
[losantonios.com/wp-content/uploads/2020/11/polidozer-mecanico.png]
[losantonios.com/es/bulldozers/polidozer/index.html]
[losantonios.com/es/es/bulldozers/polidozer/hidraulico-ph55-ph60/index.html]
[losantonios.com/wp-content/uploads/2020/11/subsolador-7.png]
[losantonios.com/es/es/bulldozers/polidozer/mecanico/index.html]
[losantonios.com/es/es/subsoladores/subsolador/5-brazos/index.html]
[losantonios.com/wp-content/uploads/2021/02/subsolador-volteo.png]
[losantonios.com/es/subsoladores/subsolador/index.html]
[losantonios.com/es/es/subsoladores/subsolador/7-9-brazos/index.html]
[losantonios.com/es/es/subsoladores/subsolador/volteo/index.html]
[losantonios.com/wp-content/uploads/2021/02/desfondador1.png]
[losantonios.com/wp-content/uploads/2021/02/desfondador2.png]
[losantonios.com/es/es/subsoladores/desfondador/desf-1/index.html]
[losantonios.com/wp-content/uploads/2021/02/desfondadorraj.png]
[losantonios.com/es/subsoladores/desfondador/index.html]
[losantonios.com/es/es/subsoladores/desfondador/desf-2/index.html]
[losantonios.com/es/es/subsoladores/desfondador/raj-1/index.html]
[losantonios.com/wp-content/uploads/2020/11/chisel-fijo-2hileras.png]
[losantonios.com/es/es/preparadores/chisel/fijo-2-hileras/index.html]
[losantonios.com/wp-content/uploads/2021/02/semichisel-fijo-RAST3h.png]
[losantonios.com/wp-content/uploads/2020/11/chisel-volteo-2hileras.png]
[losantonios.com/es/es/preparadores/chisel/fijo-3-hileras/index.html]
[losantonios.com/es/es/preparadores/chisel/fijo-rastrojero-3-hileras/index.html]
[losantonios.com/wp-content/uploads/2021/02/chisel-volteo-3h.png]
[losantonios.com/wp-content/uploads/2021/02/semichisel-volteo-RAST3h.png]
[losantonios.com/es/es/preparadores/chisel/volteo-2-hileras-2/index.html]
[losantonios.com/wp-content/uploads/2021/02/semichisel-fijo-3h.png]
[losantonios.com/es/es/preparadores/chisel/volteo-3-hileras/index.html]
[losantonios.com/wp-content/uploads/2020/11/chisel-volteo-3hileras.png]
[losantonios.com/es/preparadores/chisel/index.html]
[losantonios.com/es/es/preparadores/chisel/volteo-rastrojero-3-hileras/index.html]
[losantonios.com/es/es/preparadores/chisel/semichisel-fijo-2-hileras/index.html]
[losantonios.com/es/es/preparadores/chisel/semichisel-fijo-3-hileras/index.html]
[losantonios.com/es/es/preparadores/chisel/semichisel-volteo-2-hileras/index.html]
[losantonios.com/wp-content/uploads/2021/02/RPH.png]
[losantonios.com/es/preparadores/molon/index.html]
[losantonios.com/es/es/preparadores/chisel/semichisel-volteo-3-hileras/index.html]
[losantonios.com/wp-content/uploads/2021/02/tolva.png]
[losantonios.com/es/tolvas/tolva/index.html]
[losantonios.com/es/plantadoras/vinas/index.html]
[losantonios.com/es/es/preparadores/molon/rodillo-con-chisel-plegable-hidraulico/index.html]
[losantonios.com/es/es/preparadores/molon/rodillo-plegable-hidraulico/index.html]
[losantonios.com/wp-content/uploads/2021/06/PLA-VIÑAS-N.html]
[losantonios.com/es/plantadoras/arboles/index.html]
[losantonios.com/es/otros/arrancadora/index.html]
[losantonios.com/es/otros/despedregadora/index.html]
[losantonios.com/es/otros/alomador/index.html]
[losantonios.com/es/otros/acaballonador/index.html]
[losantonios.com/es/otros/carro-porta-aperos/index.html]
[losantonios.com/es/es/plantadoras/vinas/plantadora-de-vinas/index.html]
[losantonios.com/es/es/tolvas/tolva/tol80-tol120-tol160/index.html]
[losantonios.com/es/otros/giro/giro-especial-en-refinadoras/index.html]
[losantonios.com/es/es/otros/acaballonador/acaballonador-aca800/index.html]
[losantonios.com/es/es/otros/alomador/alomador-alo7/index.html]
[losantonios.com/wp-content/plugins/contact-form-7/includes/css/styles.css]
[losantonios.com/es/es/traillas/traillas-hidraulicas-de-empuje/th66/index.html]
[losantonios.com/es/es/otros/carro-porta-aperos/carro/index.html]
[losantonios.com/wp-content/uploads/2024/12/normativas-y-seguridad-en-el-movimiento-de-tierras-01.jpg]
[losantonios.com/es/normativas-y-seguridad-en-el-movimiento-de-tierras/feed/index.html]
[losantonios.com/es/normativas-y-seguridad-en-el-movimiento-de-tierras/index.html]
[losantonios.com/es/traillas/traillas-hidraulicas-de-empuje/th66/index.html]
[losantonios.com/es/es/otros/despedregadora/despedregadora-dh/index.html]
[losantonios.com/es/contacto/index.html]
[losantonios.com/wp-content/uploads/2024/11/desarrollos-en-sostenibilidad-01.jpg]
[losantonios.com/es/desarrollos-en-sostenibilidad/index.html]
[losantonios.com/es/desarrollos-en-sostenibilidad/feed/index.html]
[losantonios.com/wp-content/uploads/2024/10/mantenimiento-preventivo-de-maquinaria-01.jpg]
[losantonios.com/es/mantenimiento-preventivo-de-maquinaria/index.html]
[losantonios.com/wp-content/uploads/2024/09/innovacion-en-diseno-de-maquinaria-agricola-01.jpg]
[losantonios.com/es/innovacion-en-diseno-de-maquinaria-agricola/index.html]
[losantonios.com/es/mantenimiento-preventivo-de-maquinaria/feed/index.html]
[losantonios.com/wp-content/uploads/2024/05/tecnoligia-maquinaria-movimiento-tierras-300x157.jpg]
[losantonios.com/es/tendencias-en-tecnologia-de-maquinaria-de-movimiento-de-tierras/index.html]
[losantonios.com/es/innovacion-en-diseno-de-maquinaria-agricola/feed/index.html]
[losantonios.com/wp-content/uploads/2024/03/eficiencia-energetica-en-maquinaria-pesada-01.jpg]
[losantonios.com/es/eficiencia-energetica-en-maquinaria-pesada/index.html]
[losantonios.com/es/tendencias-en-tecnologia-de-maquinaria-de-movimiento-de-tierras/feed/index.html]
[losantonios.com/es/eficiencia-energetica-en-maquinaria-pesada/feed/index.html]
[losantonios.com/wp-content/uploads/2024/02/maquinaria-de-movimiento-de-tierras.jpg]
[losantonios.com/es/introduccion-a-la-maquinaria-de-movimiento-de-tierras/index.html]
[losantonios.com/wp-content/themes/losantonios/css/owl.video.play.html]
[losantonios.com/es/financiacion/index.html]
[losantonios.com/es/es/traillas/traillas-hidraulicas-de-empuje/th23/index.html]
[losantonios.com/es/es/traillas/traillas-hidraulicas-de-empuje/th25/index.html]
[losantonios.com/es/es/traillas/traillas-hidraulicas-de-empuje/th30/index.html]
[losantonios.com/es/introduccion-a-la-maquinaria-de-movimiento-de-tierras/feed/index.html]
[losantonios.com/es/es/traillas/traillas-hidraulicas-de-empuje/th35/index.html]
[losantonios.com/es/traillas/traillas-hidraulicas-de-empuje/th23/index.html]
[losantonios.com/es/traillas/traillas-hidraulicas-de-empuje/th25/index.html]
[losantonios.com/es/es/traillas/traillas-hidraulicas-de-empuje/th38/index.html]
[losantonios.com/es/es/traillas/traillas-hidraulicas-de-empuje/th39/index.html]
[losantonios.com/es/traillas/traillas-hidraulicas-de-empuje/th30/index.html]
[losantonios.com/es/es/traillas/traillas-hidraulicas-de-empuje/th42-bp/index.html]
[losantonios.com/es/traillas/traillas-hidraulicas-de-empuje/th35/index.html]
[losantonios.com/es/es/traillas/traillas-hidraulicas-de-empuje/th48-bp/index.html]
[losantonios.com/es/traillas/traillas-hidraulicas-de-empuje/th39/index.html]
[losantonios.com/es/es/traillas/traillas-hidraulicas-de-empuje/th51-bp/index.html]
[losantonios.com/es/traillas/traillas-hidraulicas-de-empuje/th38/index.html]
[losantonios.com/es/es/traillas/traillas-hidraulicas-de-empuje/th51-di/index.html]
[losantonios.com/es/traillas/traillas-hidraulicas-de-empuje/th42-bp/index.html]
[losantonios.com/es/es/traillas/traillas-hidraulicas-de-empuje/th61-bp/index.html]
[losantonios.com/es/traillas/traillas-hidraulicas-de-empuje/th51-bp/index.html]
[losantonios.com/es/traillas/traillas-hidraulicas-de-empuje/th51-di/index.html]
[losantonios.com/es/es/traillas/traillas-hidraulicas-de-empuje/th63-bp/index.html]
[losantonios.com/es/traillas/traillas-hidraulicas-de-empuje/th48-bp/index.html]
[losantonios.com/es/traillas/traillas-hidraulicas-de-empuje/th61-bp/index.html]
[losantonios.com/wp-content/uploads/2020/10/trailla-tsh-14.png]
[losantonios.com/wp-content/uploads/2020/10/trailla-tv-vh.png]
[losantonios.com/es/traillas/traillas-de-volteo-vinas-y-arbolado/index.html]
[losantonios.com/es/es/refinadoras/refinadoras-cuello-cisne/1200cc-1400cc/index.html]
[losantonios.com/es/traillas/traillas-hidraulicas-de-empuje/th63-bp/index.html]
[losantonios.com/es/es/refinadoras/refinadoras-cuello-cisne/1800cc/index.html]
[losantonios.com/es/es/traillas/traillas-de-volteo-vinas-y-arbolado/tvh/index.html]
[losantonios.com/es/es/refinadoras/refinadoras-cuello-cisne/2000cc/index.html]
[losantonios.com/es/refinadoras/refinadoras-cuello-cisne/1200cc-1400cc/index.html]
[losantonios.com/es/es/refinadoras/refinadoras-cuello-cisne/2500cc-2750cc-3000cc/index.html]
[losantonios.com/es/refinadoras/refinadoras-cuello-cisne/1800cc/index.html]
[losantonios.com/es/refinadoras/refinadoras-cuello-cisne/2000cc/index.html]
[losantonios.com/es/es/refinadoras/refinadoras-cuello-cisne/4000cc-4500cc-5000cc-6000cc/index.html]
[losantonios.com/es/es/refinadoras/refinadoras-cuello-cisne/5000ccg/index.html]
[losantonios.com/es/refinadoras/refinadoras-cuello-cisne/2500cc-2750cc-3000cc/index.html]
[losantonios.com/es/es/traillas/traillas-de-volteo-vinas-y-arbolado/tsh/index.html]
[losantonios.com/es/es/refinadoras/refinadoras-cuello-cisne/6cc-v/index.html]
[losantonios.com/es/es/refinadoras/refinadoras-cuello-cisne/6ccg-v-ex-7ccg-v-ex/index.html]
[losantonios.com/es/es/refinadoras/refinadoras-cuello-cisne/v5000ccm-v6000ccm-v7000ccm/index.html]
[losantonios.com/es/refinadoras/refinadoras-cuello-cisne/4000cc-4500cc-5000cc-6000cc/index.html]
[losantonios.com/es/es/refinadoras/refinadoras-cuello-cisne/v6000ccg-7000ccg/index.html]
[losantonios.com/es/refinadoras/refinadoras-cuello-cisne/5000ccg/index.html]
[losantonios.com/es/es/refinadoras/refinadoras-laser-fija-cuello-cisne/lanza-rfl/index.html]
[losantonios.com/es/refinadoras/refinadoras-cuello-cisne/6ccg-v-ex-7ccg-v-ex/index.html]
[losantonios.com/es/es/refinadoras/refinadoras-laser-fija-cuello-cisne/refinadora-fija-lanza-rfl-elv/index.html]
[losantonios.com/es/refinadoras/refinadoras-cuello-cisne/v5000ccm-v6000ccm-v7000ccm/index.html]
[losantonios.com/es/es/refinadoras/refinadoras-laser-fija-cuello-cisne/ccf-ccgf/index.html]
[losantonios.com/es/refinadoras/refinadoras-cuello-cisne/v6000ccg-7000ccg/index.html]
[losantonios.com/es/es/refinadoras/refinadoras-laser-cuello-cisne-doble-control/1200cc-dc-1400cc-dc/index.html]
[losantonios.com/es/refinadoras/refinadoras-laser-fija-cuello-cisne/refinadora-fija-lanza-rfl-elv/index.html]
[losantonios.com/es/refinadoras/refinadoras-laser-fija-cuello-cisne/lanza-rfl/index.html]
[losantonios.com/es/es/refinadoras/refinadoras-laser-cuello-cisne-doble-control/1800cc-dc/index.html]
[losantonios.com/es/es/refinadoras/refinadoras-laser-cuello-cisne-doble-control/2000cc-dc/index.html]
[losantonios.com/es/refinadoras/refinadoras-laser-fija-cuello-cisne/ccf-ccgf/index.html]
[losantonios.com/es/es/refinadoras/refinadoras-laser-cuello-cisne-doble-control/2500cc-dc-2750cc-dc-3000cc-dc/index.html]
[losantonios.com/es/refinadoras/refinadoras-laser-cuello-cisne-doble-control/1200cc-dc-1400cc-dc/index.html]
[losantonios.com/es/refinadoras/refinadoras-laser-cuello-cisne-doble-control/1800cc-dc/index.html]
[losantonios.com/es/refinadoras/refinadoras-laser-cuello-cisne-doble-control/2000cc-dc/index.html]
[losantonios.com/es/es/refinadoras/refinadoras-laser-cuello-cisne-doble-control/4000cc-dc-45050cc-dc-5000cc-dc-6000cc-dc/index.html]
[losantonios.com/es/es/refinadoras/refinadoras-laser-cuello-cisne-doble-control/5000ccg-dc/index.html]
[losantonios.com/es/es/refinadoras/refinadoras-laser-cuello-cisne-doble-control/6cc-v-dc/index.html]
[losantonios.com/es/refinadoras/refinadoras-laser-cuello-cisne-doble-control/2500cc-dc-2750cc-dc-3000cc-dc/index.html]
[losantonios.com/es/es/refinadoras/refinadoras-laser-cuello-cisne-doble-control/6ccg-v-ex-dc-7ccg-v-ex-dc/index.html]
[losantonios.com/es/refinadoras/refinadoras-laser-cuello-cisne-doble-control/4000cc-dc-45050cc-dc-5000cc-dc-6000cc-dc/index.html]
[losantonios.com/es/es/refinadoras/refinadoras-laser-cuello-cisne-doble-control/v-5000ccm-dc-v-6000ccm-dc-v-7000ccm-dc/index.html]
[losantonios.com/es/refinadoras/refinadoras-laser-cuello-cisne-doble-control/6ccg-v-ex-dc-7ccg-v-ex-dc/index.html]
[losantonios.com/es/refinadoras/refinadoras-laser-cuello-cisne-doble-control/6cc-v-dc/index.html]
[losantonios.com/es/es/refinadoras/refinadoras-laser-cuello-cisne-doble-control/refinadora-cuello-cisne-doble-control-v-6000ccg-dc-v-7000ccg-dc/index.html]
[losantonios.com/es/es/refinadoras/refinadoras-traseras/refinadora-trasera-de-teja-abatible-con-inclinacion/index.html]
[losantonios.com/es/refinadoras/refinadoras-laser-cuello-cisne-doble-control/5000ccg-dc/index.html]
[losantonios.com/es/es/refinadoras/refinadoras-traseras/sin-inclinacion/index.html]
[losantonios.com/es/refinadoras/refinadoras-laser-cuello-cisne-doble-control/v-5000ccm-dc-v-6000ccm-dc-v-7000ccm-dc/index.html]
[losantonios.com/es/es/refinadoras/niveladoras-obras-y-caminos/ccgf-c1/index.html]
[losantonios.com/es/refinadoras/refinadoras-laser-cuello-cisne-doble-control/refinadora-cuello-cisne-doble-control-v-6000ccg-dc-v-7000ccg-dc/index.html]
[losantonios.com/es/es/refinadoras/niveladoras-obras-y-caminos/ccgf-c2/index.html]
[losantonios.com/es/refinadoras/refinadoras-traseras/sin-inclinacion/index.html]
[losantonios.com/es/es/refinadoras/niveladoras-obras-y-caminos/ccgf-c3/index.html]
[losantonios.com/es/refinadoras/niveladoras-obras-y-caminos/ccgf-c1/index.html]
[losantonios.com/es/es/bulldozers/bulldozer/angledozer/index.html]
[losantonios.com/es/refinadoras/niveladoras-obras-y-caminos/ccgf-c2/index.html]
[losantonios.com/es/es/bulldozers/bulldozer/angledozer-y-tildozer/index.html]
[losantonios.com/es/refinadoras/niveladoras-obras-y-caminos/ccgf-c3/index.html]
[losantonios.com/es/es/bulldozers/bulldozer/extensible-angledozer-y-tildozer/index.html]
[losantonios.com/es/refinadoras/refinadoras-traseras/refinadora-trasera-de-teja-abatible-con-inclinacion/index.html]
[losantonios.com/es/es/bulldozers/bulldozer/extensible-fijo/index.html]
[losantonios.com/es/bulldozers/bulldozer/angledozer/index.html]
[losantonios.com/es/es/bulldozers/bulldozer/fijo/index.html]
[losantonios.com/es/es/bulldozers/bulldozer/tildozer/index.html]
[losantonios.com/es/bulldozers/bulldozer/angledozer-y-tildozer/index.html]
[losantonios.com/es/es/bulldozers/polidozer/hidraulico-ph49/index.html]
[losantonios.com/es/bulldozers/bulldozer/extensible-angledozer-y-tildozer/index.html]
[losantonios.com/es/es/bulldozers/polidozer/hidraulico-ph55-ph60/index.html]
[losantonios.com/es/bulldozers/bulldozer/fijo/index.html]
[losantonios.com/es/es/bulldozers/polidozer/mecanico/index.html]
[losantonios.com/es/bulldozers/polidozer/hidraulico-ph49/index.html]
[losantonios.com/es/es/subsoladores/subsolador/5-brazos/index.html]
[losantonios.com/es/bulldozers/bulldozer/tildozer/index.html]
[losantonios.com/es/es/subsoladores/subsolador/7-9-brazos/index.html]
[losantonios.com/es/bulldozers/polidozer/hidraulico-ph55-ph60/index.html]
[losantonios.com/es/es/subsoladores/subsolador/volteo/index.html]
[losantonios.com/es/bulldozers/polidozer/mecanico/index.html]
[losantonios.com/es/es/subsoladores/desfondador/desf-1/index.html]
[losantonios.com/es/subsoladores/subsolador/5-brazos/index.html]
[losantonios.com/es/es/subsoladores/desfondador/desf-2/index.html]
[losantonios.com/es/subsoladores/subsolador/7-9-brazos/index.html]
[losantonios.com/es/es/subsoladores/desfondador/raj-1/index.html]
[losantonios.com/es/subsoladores/subsolador/volteo/index.html]
[losantonios.com/es/es/preparadores/chisel/fijo-2-hileras/index.html]
[losantonios.com/es/subsoladores/desfondador/desf-1/index.html]
[losantonios.com/es/es/preparadores/chisel/fijo-3-hileras/index.html]
[losantonios.com/es/subsoladores/desfondador/raj-1/index.html]
[losantonios.com/es/es/preparadores/chisel/fijo-rastrojero-3-hileras/index.html]
[losantonios.com/es/subsoladores/desfondador/desf-2/index.html]
[losantonios.com/es/es/preparadores/chisel/volteo-2-hileras-2/index.html]
[losantonios.com/es/preparadores/chisel/fijo-2-hileras/index.html]
[losantonios.com/es/es/preparadores/chisel/volteo-3-hileras/index.html]
[losantonios.com/es/preparadores/chisel/fijo-3-hileras/index.html]
[losantonios.com/es/es/preparadores/chisel/volteo-rastrojero-3-hileras/index.html]
[losantonios.com/es/preparadores/chisel/fijo-rastrojero-3-hileras/index.html]
[losantonios.com/es/es/preparadores/chisel/semichisel-fijo-2-hileras/index.html]
[losantonios.com/es/preparadores/chisel/volteo-2-hileras-2/index.html]
[losantonios.com/es/preparadores/chisel/volteo-3-hileras/index.html]
[losantonios.com/es/es/preparadores/chisel/semichisel-fijo-3-hileras/index.html]
[losantonios.com/es/es/preparadores/chisel/semichisel-volteo-2-hileras/index.html]
[losantonios.com/es/preparadores/chisel/volteo-rastrojero-3-hileras/index.html]
[losantonios.com/es/es/preparadores/chisel/semichisel-volteo-3-hileras/index.html]
[losantonios.com/es/preparadores/chisel/semichisel-fijo-2-hileras/index.html]
[losantonios.com/es/es/preparadores/molon/rodillo-con-chisel-plegable-hidraulico/index.html]
[losantonios.com/es/preparadores/chisel/semichisel-volteo-2-hileras/index.html]
[losantonios.com/es/es/preparadores/molon/rodillo-plegable-hidraulico/index.html]
[losantonios.com/es/preparadores/chisel/semichisel-fijo-3-hileras/index.html]
[losantonios.com/es/es/tolvas/tolva/tol80-tol120-tol160/index.html]
[losantonios.com/es/preparadores/chisel/semichisel-volteo-3-hileras/index.html]
[losantonios.com/es/es/plantadoras/vinas/plantadora-de-vinas/index.html]
[losantonios.com/es/preparadores/molon/rodillo-con-chisel-plegable-hidraulico/index.html]
[losantonios.com/es/preparadores/molon/rodillo-plegable-hidraulico/index.html]
[losantonios.com/es/tolvas/tolva/tol80-tol120-tol160/index.html]
[losantonios.com/es/es/plantadoras/arboles/plantadora-de-arboles/index.html]
[losantonios.com/es/es/otros/despedregadora/despedregadora-dh/index.html]
[losantonios.com/es/es/otros/carro-porta-aperos/carro/index.html]
[losantonios.com/es/plantadoras/vinas/plantadora-de-vinas/index.html]
[losantonios.com/es/otros/despedregadora/despedregadora-dh/index.html]
[losantonios.com/es/otros/carro-porta-aperos/carro/index.html]
[losantonios.com/es/otros/acaballonador/acaballonador-aca800/index.html]
[losantonios.com/es/es/otros/arrancadora/arrancadora-av/index.html]
[losantonios.com/wp-content/uploads/2020/11/medidas-TH66.gif]
[losantonios.com/es/traillas/traillas-hidraulicas-de-empuje/th66/index.html]
[losantonios.com/es/contacto/index.html]
[losantonios.com/wp-content/uploads/2020/10/medidas-TH23.gif]
[losantonios.com/es/traillas/traillas-hidraulicas-de-empuje/th23/index.html]
[losantonios.com/es/otros/alomador/alomador-alo7/index.html]
[losantonios.com/wp-content/uploads/2020/10/medidas-TH25.gif]
[losantonios.com/es/traillas/traillas-hidraulicas-de-empuje/th25/index.html]
[losantonios.com/wp-content/uploads/2020/11/medidas-TH30.gif]
[losantonios.com/es/traillas/traillas-hidraulicas-de-empuje/th30/index.html]
[losantonios.com/wp-content/uploads/2020/11/medidas-TH35.gif]
[losantonios.com/es/traillas/traillas-hidraulicas-de-empuje/th35/index.html]
[losantonios.com/wp-content/uploads/2020/11/medidas-TH38.gif]
[losantonios.com/es/traillas/traillas-hidraulicas-de-empuje/th38/index.html]
[losantonios.com/wp-content/uploads/2020/11/medidas-TH39.gif]
[losantonios.com/es/traillas/traillas-hidraulicas-de-empuje/th39/index.html]
[losantonios.com/wp-content/uploads/2020/11/medidas-TH42.gif]
[losantonios.com/es/traillas/traillas-hidraulicas-de-empuje/th42-bp/index.html]
[losantonios.com/wp-content/uploads/2020/11/medidas-TH48.gif]
[losantonios.com/es/traillas/traillas-hidraulicas-de-empuje/th48-bp/index.html]
[losantonios.com/wp-content/uploads/2020/11/medidas-TH51BP.gif]
[losantonios.com/es/traillas/traillas-hidraulicas-de-empuje/th51-bp/index.html]
[losantonios.com/wp-content/uploads/2020/11/medidas-TH51DI.gif]
[losantonios.com/es/traillas/traillas-hidraulicas-de-empuje/th51-di/index.html]
[losantonios.com/wp-content/uploads/2020/11/medidas-TH61BP.gif]
[losantonios.com/es/traillas/traillas-hidraulicas-de-empuje/th61-bp/index.html]
[losantonios.com/wp-content/uploads/2020/11/medidas-TH63BP.gif]
[losantonios.com/es/traillas/traillas-hidraulicas-de-empuje/th63-bp/index.html]
[losantonios.com/es/es/traillas/traillas-de-volteo-vinas-y-arbolado/tsh/index.html]
[losantonios.com/es/es/traillas/traillas-de-volteo-vinas-y-arbolado/tvh/index.html]
[losantonios.com/wp-content/uploads/2020/11/medidas-refinadora-1200-1400.gif]
[losantonios.com/es/refinadoras/refinadoras-cuello-cisne/1200cc-1400cc/index.html]
[losantonios.com/wp-content/uploads/2020/11/medidas-refinadora-1800.gif]
[losantonios.com/es/refinadoras/refinadoras-cuello-cisne/1800cc/index.html]
[losantonios.com/es/refinadoras/refinadoras-cuello-cisne/2000cc/index.html]
[losantonios.com/wp-content/uploads/2020/11/medidas-refinadora-2000.gif]
[losantonios.com/es/refinadoras/refinadoras-cuello-cisne/2500cc-2750cc-3000cc/index.html]
[losantonios.com/wp-content/uploads/2020/11/medidas-refinadora-4000.gif]
[losantonios.com/es/refinadoras/refinadoras-cuello-cisne/4000cc-4500cc-5000cc-6000cc/index.html]
[losantonios.com/wp-content/uploads/2020/11/medidas-5000ccg.gif]
[losantonios.com/es/refinadoras/refinadoras-cuello-cisne/5000ccg/index.html]
[losantonios.com/es/traillas/traillas-de-volteo-vinas-y-arbolado/tvh/index.html]
[losantonios.com/es/traillas/traillas-de-volteo-vinas-y-arbolado/tsh/index.html]
[losantonios.com/es/refinadoras/refinadoras-cuello-cisne/6cc-v/index.html]
[losantonios.com/wp-content/uploads/2021/02/medidas-6-7ext.gif]
[losantonios.com/es/refinadoras/refinadoras-cuello-cisne/6ccg-v-ex-7ccg-v-ex/index.html]
[losantonios.com/wp-content/uploads/2021/02/medidas-V5000ccm.gif]
[losantonios.com/es/refinadoras/refinadoras-cuello-cisne/v5000ccm-v6000ccm-v7000ccm/index.html]
[losantonios.com/wp-content/uploads/2021/02/medidas-6000-7ccg.gif]
[losantonios.com/es/refinadoras/refinadoras-cuello-cisne/v6000ccg-7000ccg/index.html]
[losantonios.com/wp-content/uploads/2021/02/medidas-lanza-fija.gif]
[losantonios.com/es/refinadoras/refinadoras-laser-fija-cuello-cisne/lanza-rfl/index.html]
[losantonios.com/wp-content/uploads/2021/02/medidas-lanza-fija-elv.gif]
[losantonios.com/es/refinadoras/refinadoras-laser-fija-cuello-cisne/refinadora-fija-lanza-rfl-elv/index.html]
[losantonios.com/wp-content/uploads/2020/11/medidas-refinadora-CCF.gif]
[losantonios.com/es/refinadoras/refinadoras-laser-fija-cuello-cisne/ccf-ccgf/index.html]
[losantonios.com/wp-content/uploads/2020/11/medidas-1200CCD.gif]
[losantonios.com/es/refinadoras/refinadoras-laser-cuello-cisne-doble-control/1200cc-dc-1400cc-dc/index.html]
[losantonios.com/wp-content/uploads/2020/11/medidas-refinadora-1800DC.gif]
[losantonios.com/es/refinadoras/refinadoras-laser-cuello-cisne-doble-control/1800cc-dc/index.html]
[losantonios.com/es/refinadoras/refinadoras-laser-cuello-cisne-doble-control/2000cc-dc/index.html]
[losantonios.com/wp-content/uploads/2020/11/medidas-refinadora-2500CCDC.gif]
[losantonios.com/es/refinadoras/refinadoras-laser-cuello-cisne-doble-control/2500cc-dc-2750cc-dc-3000cc-dc/index.html]
[losantonios.com/wp-content/uploads/2020/11/medidas-refinadora-5000CCDC.gif]
[losantonios.com/es/refinadoras/refinadoras-laser-cuello-cisne-doble-control/4000cc-dc-45050cc-dc-5000cc-dc-6000cc-dc/index.html]
[losantonios.com/wp-content/uploads/2020/11/medidas-5000ccgDC.gif]
[losantonios.com/es/refinadoras/refinadoras-laser-cuello-cisne-doble-control/5000ccg-dc/index.html]
[losantonios.com/wp-content/uploads/2021/02/medidas-6ccvdc.gif]
[losantonios.com/es/refinadoras/refinadoras-laser-cuello-cisne-doble-control/6cc-v-dc/index.html]
[losantonios.com/wp-content/uploads/2020/11/medidas-6CGVEX.gif]
[losantonios.com/es/refinadoras/refinadoras-laser-cuello-cisne-doble-control/6ccg-v-ex-dc-7ccg-v-ex-dc/index.html]
[losantonios.com/wp-content/uploads/2021/02/medidas-refinadora-VCCM-DC.gif]
[losantonios.com/es/refinadoras/refinadoras-laser-cuello-cisne-doble-control/v-5000ccm-dc-v-6000ccm-dc-v-7000ccm-dc/index.html]
[losantonios.com/wp-content/uploads/2021/02/medidas-refinadora-V6000CCDC.gif]
[losantonios.com/es/refinadoras/refinadoras-laser-cuello-cisne-doble-control/refinadora-cuello-cisne-doble-control-v-6000ccg-dc-v-7000ccg-dc/index.html]
[losantonios.com/wp-content/uploads/2020/11/medidas-refinadora-con-inclinacion.gif]
[losantonios.com/es/refinadoras/refinadoras-traseras/refinadora-trasera-de-teja-abatible-con-inclinacion/index.html]
[losantonios.com/wp-content/uploads/2020/11/medidas-refinadora-sin-inclinacion.gif]
[losantonios.com/es/refinadoras/refinadoras-traseras/sin-inclinacion/index.html]
[losantonios.com/wp-content/uploads/2021/03/medidas-niveladoraCCGF-CC1.gif]
[losantonios.com/es/refinadoras/niveladoras-obras-y-caminos/ccgf-c1/index.html]
[losantonios.com/wp-content/uploads/2021/03/medidas-niveladoraCCGF-CC2.gif]
[losantonios.com/es/refinadoras/niveladoras-obras-y-caminos/ccgf-c2/index.html]
[losantonios.com/wp-content/uploads/2021/03/medidas-niveladoraCCGF-CC3.gif]
[losantonios.com/es/refinadoras/niveladoras-obras-y-caminos/ccgf-c3/index.html]
[losantonios.com/wp-content/uploads/2021/02/medidas-bulldozer-angledozer.gif]
[losantonios.com/es/bulldozers/bulldozer/angledozer/index.html]
[losantonios.com/wp-content/uploads/2021/02/medidas-bulldozer-angledozer-tildozer.gif]
[losantonios.com/es/bulldozers/bulldozer/angledozer-y-tildozer/index.html]
[losantonios.com/wp-content/uploads/2021/02/medidas-bulldozer-ext-angledozer-tildozer.gif]
[losantonios.com/es/bulldozers/bulldozer/extensible-angledozer-y-tildozer/index.html]
[losantonios.com/es/bulldozers/bulldozer/fijo/index.html]
[losantonios.com/es/bulldozers/bulldozer/tildozer/index.html]
[losantonios.com/es/bulldozers/bulldozer/extensible-fijo/index.html]
[losantonios.com/wp-content/uploads/2021/02/medidas-polidozer-hidraulico-49.gif]
[losantonios.com/es/bulldozers/polidozer/hidraulico-ph49/index.html]
[losantonios.com/wp-content/uploads/2021/02/medidas-polidozer-hidraulico-55.gif]
[losantonios.com/es/bulldozers/polidozer/hidraulico-ph55-ph60/index.html]
[losantonios.com/wp-content/uploads/2021/02/medidas-polidozer-mecanico.gif]
[losantonios.com/es/bulldozers/polidozer/mecanico/index.html]
[losantonios.com/wp-content/uploads/2021/02/medidas-subsolador-5.gif]
[losantonios.com/es/subsoladores/subsolador/5-brazos/index.html]
[losantonios.com/wp-content/uploads/2021/02/medidas-subsolador-7.gif]
[losantonios.com/es/subsoladores/subsolador/7-9-brazos/index.html]
[losantonios.com/wp-content/uploads/2021/02/medidas-subsolador-volteo.gif]
[losantonios.com/es/subsoladores/subsolador/volteo/index.html]
[losantonios.com/wp-content/uploads/2021/02/medidas-desfondador1.gif]
[losantonios.com/es/subsoladores/desfondador/desf-1/index.html]
[losantonios.com/wp-content/uploads/2021/02/medidas-desfondador2.gif]
[losantonios.com/es/subsoladores/desfondador/desf-2/index.html]
[losantonios.com/wp-content/uploads/2021/02/medidas-desfondadorraj.gif]
[losantonios.com/es/subsoladores/desfondador/raj-1/index.html]
[losantonios.com/wp-content/uploads/2021/02/medidas-chisel-2h.gif]
[losantonios.com/es/preparadores/chisel/fijo-2-hileras/index.html]
[losantonios.com/wp-content/uploads/2021/02/medidas-chisel-3h.gif]
[losantonios.com/es/preparadores/chisel/fijo-3-hileras/index.html]
[losantonios.com/wp-content/uploads/2021/02/medidas-chisel-Rast3h.gif]
[losantonios.com/es/preparadores/chisel/fijo-rastrojero-3-hileras/index.html]
[losantonios.com/wp-content/uploads/2021/02/medidas-chisel-volteo-2h.gif]
[losantonios.com/es/preparadores/chisel/volteo-2-hileras-2/index.html]
[losantonios.com/wp-content/uploads/2021/02/medidas-chisel-volteo-3h.gif]
[losantonios.com/es/preparadores/chisel/volteo-3-hileras/index.html]
[losantonios.com/wp-content/uploads/2021/02/medidas-chisel-volteo-Rastr3h.gif]
[losantonios.com/es/preparadores/chisel/volteo-rastrojero-3-hileras/index.html]
[losantonios.com/es/preparadores/chisel/semichisel-fijo-2-hileras/index.html]
[losantonios.com/es/preparadores/chisel/semichisel-fijo-3-hileras/index.html]
[losantonios.com/es/preparadores/chisel/semichisel-volteo-2-hileras/index.html]
[losantonios.com/es/preparadores/chisel/semichisel-volteo-3-hileras/index.html]
[losantonios.com/wp-content/uploads/2021/02/medidas-RCPH.gif]
[losantonios.com/es/preparadores/molon/rodillo-con-chisel-plegable-hidraulico/index.html]
[losantonios.com/wp-content/uploads/2021/02/medidas-RPH.gif]
[losantonios.com/es/preparadores/molon/rodillo-plegable-hidraulico/index.html]
[losantonios.com/wp-content/uploads/2021/02/medidas-tolva.gif]
[losantonios.com/es/tolvas/tolva/tol80-tol120-tol160/index.html]
[losantonios.com/wp-content/uploads/2021/02/medidas-plantadora.gif]
[losantonios.com/es/plantadoras/vinas/plantadora-de-vinas/index.html]
[losantonios.com/es/es/plantadoras/arboles/plantadora-de-arboles/index.html]
[losantonios.com/es/es/otros/arrancadora/arrancadora-av/index.html]
[losantonios.com/wp-content/uploads/2021/02/medidas-despedregadora.gif]
[losantonios.com/es/otros/despedregadora/despedregadora-dh/index.html]
[losantonios.com/es/plantadoras/arboles/plantadora-de-arboles/index.html]
[losantonios.com/wp-content/uploads/2021/02/medidas-carro.gif]
[losantonios.com/es/otros/carro-porta-aperos/carro/index.html]
[losantonios.com/es/otros/arrancadora/arrancadora-av/index.html]
[losantonios.com/wp-content/uploads/2021/02/medidas-acaballonador.gif]
[losantonios.com/es/otros/acaballonador/acaballonador-aca800/index.html]
[losantonios.com/wp-content/uploads/2021/02/medidas-alomador.gif]
[losantonios.com/es/otros/alomador/alomador-alo7/index.html]
[losantonios.com/wp-content/uploads/2020/10/medidas-TSH14.gif]
[losantonios.com/es/traillas/traillas-de-volteo-vinas-y-arbolado/tsh/index.html]
[losantonios.com/wp-content/uploads/2020/11/medidas-TVH15.gif]
[losantonios.com/es/traillas/traillas-de-volteo-vinas-y-arbolado/tvh/index.html]
[losantonios.com/wp-content/uploads/2021/02/medidas-6CC-v.gif]
[losantonios.com/es/refinadoras/refinadoras-cuello-cisne/6cc-v/index.html]
[losantonios.com/wp-content/uploads/2021/02/medidas-bulldozer-extensible-fijo.gif]
[losantonios.com/es/bulldozers/bulldozer/extensible-fijo/index.html]
[losantonios.com/es/plantadoras/arboles/plantadora-de-arboles/index.html]
[losantonios.com/wp-content/uploads/2021/02/medidas-bulldozer-fijo.gif]
[losantonios.com/wp-content/uploads/2021/02/medidas-bulldozer-tildozer.gif]
[losantonios.com/wp-content/uploads/2021/02/medidas-arrancadora.gif]
[losantonios.com/es/otros/arrancadora/arrancadora-av/index.html]
