[www.setena.go.cr/index.html]
[backblue.gif]
[fade.gif]
[index.html]
[www.setena.go.cr/apple-touch-icon-57x57.png]
[www.setena.go.cr/apple-touch-icon-60x60.png]
[www.setena.go.cr/apple-touch-icon-72x72.png]
[www.setena.go.cr/apple-touch-icon-76x76.png]
[www.setena.go.cr/apple-touch-icon-114x114.png]
[www.setena.go.cr/apple-touch-icon-120x120.png]
[www.setena.go.cr/apple-touch-icon-144x144.png]
[www.setena.go.cr/apple-touch-icon-152x152.png]
[www.setena.go.cr/apple-touch-icon-180x180.png]
[www.setena.go.cr/favicon-32x32.png]
[www.setena.go.cr/favicon-194x194.png]
[www.setena.go.cr/favicon-96x96.png]
[www.setena.go.cr/android-chrome-192x192.png]
[www.setena.go.cr/favicon-16x16.png]
[www.setena.go.cr/manifest.json]
[www.setena.go.cr/mstile-144x144.png]
[www.setena.go.cr/Downloads/Comunes/map.png]
[www.setena.go.cr/forms/blueimp-fileupload/css/jquery.fileupload-ui.css]
[www.setena.go.cr/Downloads/Comunes/logo-aap.png]
[www.setena.go.cr/en/Home.html]
[www.setena.go.cr/Downloads/Logo/Logo-presidencial.png]
[www.setena.go.cr/inicio/index.html]
[www.setena.go.cr/es/Inicio.html]
[www.setena.go.cr/es/Nosotros.html]
[www.setena.go.cr/es/Nosotros/Historia-Setena.html]
[www.setena.go.cr/es/Nosotros/Marco-Juridico-SETENA.html]
[www.setena.go.cr/es/Nosotros/Transparencia.html]
[www.setena.go.cr/es/Catalogo.html]
[www.setena.go.cr/es/Contacto.html]
[www.setena.go.cr/es/Contacto/Formulario-Consultas.html]
[www.setena.go.cr/es/Noticias_SETENA.html]
[www.setena.go.cr/es/FAQs-SETENA.html]
[www.setena.go.cr/es/Ayuda/Videos-Tutoriales.html]
[www.setena.go.cr/Downloads/Banner/secretaria-slider.jpg]
[www.setena.go.cr/Downloads/Banner/banner_puente_desarrollo.jpg]
[www.setena.go.cr/es/Nosotros/Transparencia/Estructura-Organizacional.html]
[www.setena.go.cr/Downloads/img/BannerOrganigramaactualizadomarzo.png]
[www.setena.go.cr/es/Ayuda/Video-Tutoriales_Anterior.html]
[www.setena.go.cr/Downloads/Banner/BannerVideoTutoriales.png]
[www.setena.go.cr/es/Noticias_Anteriores/Transformacion-administrativa-y-digital-tangible.html]
[www.setena.go.cr/Downloads/Banner/tranformacion-slider.jpg]
[www.setena.go.cr/es/Noticias_Anteriores/Documentacion-Firmada-Digitalmente.html]
[www.setena.go.cr/Downloads/Banner/documentacion-firmada.jpg]
[www.setena.go.cr/es/Viabiliad-Ambiental/d1.html]
[www.setena.go.cr/es/Viabiliad-Ambiental/d4.html]
[www.setena.go.cr/es/Viabiliad-Ambiental/IVA-POTS.html]
[www.setena.go.cr/es/Viabiliad-Ambiental.html]
[www.setena.go.cr/Downloads/iconos/viabilidad.png]
[www.setena.go.cr/Downloads/iconos/bitacora.png]
[www.setena.go.cr/Downloads/iconos/gestor.png]
[www.setena.go.cr/Downloads/iconos/consultores.png]
[www.setena.go.cr/Downloads/Logo/logo-setena.png]
[www.setena.go.cr/es/Noticias_Anteriores.html]
[www.setena.go.cr/es/Contacto/Directorio.html]
[www.setena.go.cr/scripts/jquery.js]
[themes.indigo.kryonics.net/frameworks/bootstrap-3.1.1/js/bootstrap.min.js]
[apps.indigo.kryonics.net/nivo-slider3.2/jquery.nivo.slider.pack.js]
[connect.facebook.net/en_US/all.js]
[cdnjs.cloudflare.com/ajax/libs/jquery.waitforimages/1.5.0/jquery.waitforimages.min.js]
[ajax.googleapis.com/ajax/libs/jqueryui/1.10.3/jquery-ui.min.js]
[apps.indigo.kryonics.net/UItoTop/js/easing.js]
[apps.indigo.kryonics.net/UItoTop/js/jquery.ui.totop.min.js]
[apps.indigo.kryonics.net/lib/knockoutjs/knockout-2.1.0.min.js]
[apps.indigo.kryonics.net/share/social-likes.min.js]
[apps.indigo.kryonics.net/Zoom/jquery.zoom.min.js]
[apps.indigo.kryonics.net/rs-latest/jquery.royalslider.min.js]
[apps.indigo.kryonics.net/lib/encoding/base64.js]
[apps.indigo.kryonics.net/owl-carousel/owl.carousel.js]
[apps.indigo.kryonics.net/js/main.js]
[www.setena.go.cr/forms/blueimp-fileupload/js/jquery.iframe-transport.js]
[www.setena.go.cr/forms/blueimp-fileupload/js/jquery.fileupload.js]
[www.setena.go.cr/downloads/prog/rs/rs-starter4975.js]
[www.setena.go.cr/downloads/prog/tweaco-minicart/jstorage.min.js]
[www.setena.go.cr/downloads/prog/tweaco-minicart/tweaco-minicart7463.js]
[www.setena.go.cr/downloads/prog/tweaco-minicart/minicart-init.js]
[brm.io/js/libs/matchHeight/jquery.matchHeight-min.js]
[www.setena.go.cr/downloads/prog/tweaco/tweacoFIX.js]
[www.setena.go.cr/downloads/prog/tweaco/tweaco.js]
[www.setena.go.cr/index.html]
[www.setena.go.cr/safari-pinned-tab.svg]
[themes.indigo.kryonics.net/frameworks/bootstrap-3.3.1/css/bootstrap.min.css]
[kit.fontawesome.com/19086dc0d2.js]
[themes.indigo.kryonics.net/frameworks/tweaco/css/tweaco.css]
[apps.indigo.kryonics.net/nivo-slider3.2/nivo-slider.css]
[themes.indigo.kryonics.net/c/setena.go.cr/css/navs.css]
[themes.indigo.kryonics.net/c/setena.go.cr/images/pbar-ani.gif]
[themes.indigo.kryonics.net/c/setena.go.cr/css/forms.css]
[themes.indigo.kryonics.net/c/setena.go.cr/css/catalog.css]
[apps.indigo.kryonics.net/UItoTop/img/ui.totop.png]
[apps.indigo.kryonics.net/UItoTop/css/ui.totop.css]
[apps.indigo.kryonics.net/minicart/minicart_sprite.png]
[apps.indigo.kryonics.net/minicart/tweaco-minicart32b6.css]
[apps.indigo.kryonics.net/lib/jquery-ui-bootstrap/css/custom-theme/images/ui-bg_glass_75_ffffff_1x400.png]
[apps.indigo.kryonics.net/lib/jquery-ui-bootstrap/css/custom-theme/images/ui-icons_222222_256x240.png]
[apps.indigo.kryonics.net/lib/jquery-ui-bootstrap/css/custom-theme/images/ui-icons_888888_256x240.png]
[apps.indigo.kryonics.net/lib/jquery-ui-bootstrap/css/custom-theme/images/ui-icons_454545_256x240.png]
[apps.indigo.kryonics.net/lib/jquery-ui-bootstrap/css/custom-theme/images/ui-icons_2e83ff_256x240.png]
[apps.indigo.kryonics.net/lib/jquery-ui-bootstrap/css/custom-theme/images/ui-icons_f6cf3b_256x240.png]
[apps.indigo.kryonics.net/lib/jquery-ui-bootstrap/css/custom-theme/images/ui-bg_flat_0_aaaaaa_40x100.png]
[apps.indigo.kryonics.net/lib/jquery-ui-bootstrap/css/custom-theme/jquery-ui.css]
[apps.indigo.kryonics.net/share/social-likes_classic.css]
[apps.indigo.kryonics.net/Zoom/icon.png]
[apps.indigo.kryonics.net/Zoom/jquery.zoom.css]
[apps.indigo.kryonics.net/rs-latest/grab.png]
[apps.indigo.kryonics.net/rs-latest/grabbing.png]
[apps.indigo.kryonics.net/rs-latest/blank.gif]
[apps.indigo.kryonics.net/rs-latest/royalslider.css]
[apps.indigo.kryonics.net/rs-latest/skins/minimal-white/rs-minimal-white.png]
[apps.indigo.kryonics.net/rs-latest/skins/preloaders/preloader-white.gif]
[apps.indigo.kryonics.net/rs-latest/skins/minimal-white/rs-minimal-white.css]
[apps.indigo.kryonics.net/rs-latest/skins/default/rs-default.png]
[apps.indigo.kryonics.net/rs-latest/skins/default/rs-default.css]
[apps.indigo.kryonics.net/owl-carousel/grabbing.png]
[apps.indigo.kryonics.net/owl-carousel/owl.carousel.css]
[apps.indigo.kryonics.net/owl-carousel/AjaxLoader.gif]
[apps.indigo.kryonics.net/owl-carousel/owl.theme.css]
[www.setena.go.cr/forms/blueimp-fileupload/css/jquery.fileupload-ui.css]
[themes.indigo.kryonics.net/c/setena.go.cr/images/banner-iconos.jpg]
[themes.indigo.kryonics.net/c/setena.go.cr/images/footer.jpg]
[themes.indigo.kryonics.net/c/setena.go.cr/images/icon-phone.png]
[themes.indigo.kryonics.net/c/setena.go.cr/images/social.png]
[themes.indigo.kryonics.net/c/setena.go.cr/images/languagearrow.png]
[themes.indigo.kryonics.net/c/setena.go.cr/images/searchbutton.png]
[themes.indigo.kryonics.net/c/setena.go.cr/images/loading.gif]
[themes.indigo.kryonics.net/c/setena.go.cr/images/banner-nav-arrows.png]
[themes.indigo.kryonics.net/c/setena.go.cr/images/bullet.png]
[themes.indigo.kryonics.net/c/setena.go.cr/images/bullet2.png]
[themes.indigo.kryonics.net/c/setena.go.cr/images/ui.totop.png]
[themes.indigo.kryonics.net/c/setena.go.cr/images/responsive-fondo-ico.jpg]
[themes.indigo.kryonics.net/c/setena.go.cr/css/theme.css]
[themes.indigo.kryonics.net/c/setena.go.cr/css/animaciones.css]
[www.setena.go.cr/en/The-Clinic.html]
[www.setena.go.cr/en/Nosotros/Historia-Setena.html]
[www.setena.go.cr/en/Nosotros/Marco-Juridico-SETENA.html]
[www.setena.go.cr/en/The-Clinic/Installations.html]
[www.setena.go.cr/en/Specialties.html]
[www.setena.go.cr/en/Contact-Us.html]
[www.setena.go.cr/en/Contacto/Formulario-Consultas.html]
[www.setena.go.cr/en/Noticias_SETENA.html]
[www.setena.go.cr/en/FAQs-SETENA.html]
[www.setena.go.cr/en/Ayuda/Videos-Tutoriales.html]
[www.setena.go.cr/en/Nosotros/Transparencia/Estructura-Organizacional.html]
[www.setena.go.cr/en/Ayuda/Video-Tutoriales_Anterior.html]
[www.setena.go.cr/en/Noticias_Anteriores/Transformacion-administrativa-y-digital-tangible.html]
[www.setena.go.cr/en/Noticias_Anteriores/Documentacion-Firmada-Digitalmente.html]
[www.setena.go.cr/en/Viabiliad-Ambiental/d1.html]
[www.setena.go.cr/en/Viabiliad-Ambiental/d4.html]
[www.setena.go.cr/en/Viabiliad-Ambiental/IVA-POTS.html]
[www.setena.go.cr/en/Viabiliad-Ambiental.html]
[www.setena.go.cr/en/The-Clinic/Treatments.html]
[www.setena.go.cr/en/Contacto/Directorio.html]
[www.setena.go.cr/en/Home.html]
[www.setena.go.cr/inicio/Inicio.html]
[www.setena.go.cr/inicio/Nosotros.html]
[www.setena.go.cr/inicio/Nosotros/Historia-Setena.html]
[www.setena.go.cr/inicio/Nosotros/Marco-Juridico-SETENA.html]
[www.setena.go.cr/inicio/Nosotros/Transparencia.html]
[www.setena.go.cr/inicio/Catalogo.html]
[www.setena.go.cr/inicio/Contacto.html]
[www.setena.go.cr/inicio/Contacto/Formulario-Consultas.html]
[www.setena.go.cr/inicio/Noticias_SETENA.html]
[www.setena.go.cr/inicio/FAQs-SETENA.html]
[www.setena.go.cr/inicio/Ayuda/Videos-Tutoriales.html]
[www.setena.go.cr/inicio/Nosotros/Transparencia/Estructura-Organizacional.html]
[www.setena.go.cr/inicio/Ayuda/Video-Tutoriales_Anterior.html]
[www.setena.go.cr/inicio/Noticias_Anteriores/Transformacion-administrativa-y-digital-tangible.html]
[www.setena.go.cr/inicio/Noticias_Anteriores/Documentacion-Firmada-Digitalmente.html]
[www.setena.go.cr/inicio/Viabiliad-Ambiental/d1.html]
[www.setena.go.cr/inicio/Viabiliad-Ambiental/d4.html]
[www.setena.go.cr/inicio/Viabiliad-Ambiental/IVA-POTS.html]
[www.setena.go.cr/inicio/Viabiliad-Ambiental.html]
[www.setena.go.cr/inicio/Noticias_Anteriores.html]
[www.setena.go.cr/inicio/Contacto/Directorio.html]
[www.setena.go.cr/inicio/index.html]
[www.setena.go.cr/es/Inicio.html]
[www.setena.go.cr/thumb/Downloads/Banner/interna-nosotros8e15.jpg]
[www.setena.go.cr/thumb/Downloads/img/img-nosotros8b52.jpg]
[www.setena.go.cr/Downloads/documentos/Transparencia/Plan Estrategico/PEI SETENA 2023-2027 v.04.pdf]
[www.setena.go.cr/Downloads/documentos/Transparencia/Plan Estrategico/POI 2022-firmado.pdf]
[www.setena.go.cr/Downloads/organigrama/organigrama setena2025.png]
[www.setena.go.cr/thumb/Downloads/Banner/footer-interna153a.jpg]
[www.setena.go.cr/es/Nosotros.html]
[www.setena.go.cr/thumb/Downloads/Banner/interna-noticias8e15.jpg]
[www.setena.go.cr/es/Nosotros/Historia-Setena.html]
[www.setena.go.cr/thumb/Downloads/Banner/interna-marcojuridico8e15.jpg]
[www.setena.go.cr/Downloads/documentos/Normativa/Convenio SETENA-CFIA.pdf]
[www.setena.go.cr/Downloads/documentos/Normativa/REDLASEIA.pdf]
[www.setena.go.cr/Downloads/documentos/Normativa/ACP-09-2014.pdf]
[www.setena.go.cr/Downloads/documentos/Normativa/ACP-013-2014.pdf]
[www.setena.go.cr/Downloads/documentos/Normativa/ACP-014-2014.pdf]
[www.setena.go.cr/Downloads/documentos/Normativa/ACP-178-2015.pdf]
[www.setena.go.cr/Downloads/documentos/Normativa/ACP-151-2016.pdf]
[www.setena.go.cr/Downloads/documentos/Normativa/ACP-30-2017.pdf]
[www.setena.go.cr/Downloads/documentos/Normativa/ACP-0034-2020.pdf]
[www.setena.go.cr/Downloads/documentos/Normativa/ACP-0089-2020.pdf]
[www.setena.go.cr/Downloads/Noticias/AVISO BITACORAS DIGITALES GACETA 154-2021.pdf]
[www.setena.go.cr/Downloads/documentos/Normativa/ACP-028-2022.pdf]
[www.setena.go.cr/Downloads/documentos/Normativa/ACP-030-2022.pdf]
[www.setena.go.cr/Downloads/documentos/Normativa/ACP-031-2022.pdf]
[www.setena.go.cr/Downloads/documentos/Normativa/ACP-065-2022.pdf]
[www.setena.go.cr/Downloads/documentos/Normativa/ACP-014-2023.pdf]
[www.setena.go.cr/Downloads/documentos/Normativa/ACP-0006-2024.pdf]
[www.setena.go.cr/Downloads/documentos/Normativa/ACP-0027-2025.pdf]
[www.setena.go.cr/Downloads/documentos/Normativa/ACP-0016-2026.pdf]
[www.setena.go.cr/Downloads/documentos/Normativa/ACP-0017-2026.pdf]
[www.setena.go.cr/es/Nosotros/Marco-Juridico/Parque-Nacional-Marino-las-Baulas.html]
[www.setena.go.cr/Downloads/documentos/Normativa/RES-479-2014.pdf]
[www.setena.go.cr/Downloads/documentos/Normativa/RES-1834-2016.pdf]
[www.setena.go.cr/Downloads/documentos/Normativa/RES-1843-2016.pdf]
[www.setena.go.cr/Downloads/documentos/Normativa/RES-734-2018.pdf]
[www.setena.go.cr/Downloads/documentos/Normativa/Reglamento TI.pdf]
[www.setena.go.cr/Downloads/documentos/Normativa/CODIGO DE ETICA.pdf]
[www.setena.go.cr/es/Nosotros/Marco-Juridico-SETENA.html]
[www.setena.go.cr/thumb/Downloads/Banner/interna-transparencia8e15.jpg]
[www.setena.go.cr/es/Nosotros/Transparencia/Estructura-Organizacional/Secretaria-General/Director-General-SETENA.html]
[www.setena.go.cr/es/Nosotros/Transparencia/Compras-Publicas.html]
[www.setena.go.cr/es/Nosotros/Transparencia/Reportes.html]
[www.setena.go.cr/es/Nosotros/Transparencia/Presupuesto.html]
[www.setena.go.cr/es/Nosotros/Transparencia/Informes.html]
[www.setena.go.cr/es/Nosotros/Transparencia/Recursos-Humanos.html]
[www.setena.go.cr/es/Nosotros/Transparencia.html]
[www.setena.go.cr/thumb/Downloads/Banner/interna-tramites8e15.jpg]
[www.setena.go.cr/es/Catalogo/Registros-Ambientales.html]
[www.setena.go.cr/es/Catalogo/Permisos-Ambientales.html]
[www.setena.go.cr/es/Catalogo/Listado-Estudio-Impacto-Ambiental-(EsIA).html]
[www.setena.go.cr/es/Catalogo/Consultores-Ambientales.html]
[www.setena.go.cr/es/Catalogo/Tarifas-y-Cuentas-Bancarias.html]
[www.setena.go.cr/es/Catalogo/Garantias-Ambientales-Expedientes-Fisicos.html]
[www.setena.go.cr/es/Catalogo/Resoluciones.html]
[www.setena.go.cr/es/Catalogo/Capa-Proyectos.html]
[www.setena.go.cr/es/Catalogo/Actas.html]
[www.setena.go.cr/es/Catalogo/Catalogo-Nacional-Tramites.html]
[www.setena.go.cr/es/Catalogo.html]
[www.setena.go.cr/thumb/Downloads/Banner/interna-contacto8e15.jpg]
[www.setena.go.cr/thumb/Downloads/img/img-nosotrosf760.jpg]
[www.setena.go.cr/es/Contacto.html]
[www.setena.go.cr/es/Contacto/Formulario-Consultas.html]
[www.setena.go.cr/es/Noticias_SETENA/Depositos-marzo-2026.html]
[www.setena.go.cr/Downloads/iconos/noticias.png]
[www.setena.go.cr/es/Noticias_SETENA/Proceso-Reforma-Disposiciones-DFOE-SOS-IAD-00008-2025-CGR.html]
[www.setena.go.cr/es/Noticias_SETENA/Depositos-setiembre-2025.html]
[www.setena.go.cr/es/Noticias_SETENA/Depositos-mayo-2025.html]
[www.setena.go.cr/es/Noticias_SETENA/Depositos-febrero-2025.html]
[www.setena.go.cr/es/Noticias_SETENA/Cierre-de-Instalaciones.html]
[www.setena.go.cr/Downloads/documentos/Comunicados/Informacion de Apertura del proceso de licitacion mayor.pdf]
[www.setena.go.cr/es/Noticias_Anteriores/REGLAMENTO-PARA-LA-INCORPORACION-DE-LA-VARIABLE-AMBIENTAL-EN-PLANES-DE-ORDENAMIENTO-TERRITORIAL.html]
[www.setena.go.cr/es/Noticias_SETENA/Depositos-febrero-2026.html]
[www.setena.go.cr/es/Noticias_SETENA/Depositos-diciembre-2025.html]
[www.setena.go.cr/es/Noticias_SETENA/Reforma-del-D.E.html]
[www.setena.go.cr/es/Noticias_SETENA/Depositos-abril-2025.html]
[www.setena.go.cr/es/Noticias_SETENA/Sistema-en-linea.html]
[www.setena.go.cr/es/Noticias_SETENA/Depositos-octubre-2024.html]
[www.setena.go.cr/es/Noticias_SETENA/Depositos-noviembre-2025.html]
[www.setena.go.cr/es/Noticias_SETENA/Depositos-agosto-2025.html]
[www.setena.go.cr/es/Noticias_SETENA/Depositos-marzo-2025.html]
[www.setena.go.cr/es/Noticias_SETENA/Sistema-fuera-de-linea.html]
[www.setena.go.cr/es/Noticias_SETENA/Depositos-septiembre-2024.html]
[www.setena.go.cr/es/Noticias_SETENA/Apertura-Proceso-Licitacion.html]
[www.setena.go.cr/es/Noticias_SETENA/Despositos-enero-2026.html]
[www.setena.go.cr/es/Noticias_SETENA/Depositos-octubre-2025.html]
[www.setena.go.cr/es/Noticias_SETENA/Depositos-junio-2025.html]
[www.setena.go.cr/es/Noticias_SETENA/Depositos-enero-2025.html]
[www.setena.go.cr/es/Noticias_SETENA/Adicion-modificacion-al-Decreto-Ejecutivo-42755-MINAE.html]
[www.setena.go.cr/es/Noticias_Anteriores/Flyer-SS.html]
[www.setena.go.cr/es/Noticias_SETENA/Noticias_Anteriores_SETENA.html]
[www.setena.go.cr/es/Noticias_SETENA.html]
[www.setena.go.cr/thumb/Downloads/Banner/interna-qs8e15.jpg]
[www.setena.go.cr/es/FAQs-SETENA.html]
[www.setena.go.cr/es/Ayuda/Videos-Tutoriales/Bitacora-Digital.html]
[www.setena.go.cr/es/Ayuda/Videos-Tutoriales/Plataforma-Digital.html]
[www.setena.go.cr/es/Ayuda/Videos-Tutoriales/Decreto-Ejecutivo-43898.html]
[www.setena.go.cr/es/Ayuda/Videos-Tutoriales/Paso-a-Paso-Decreto-Ejecutivo-43898.html]
[www.setena.go.cr/es/Ayuda/Videos-Tutoriales/Presentacion-Informes-de-Regencia-Ambiental.html]
[www.setena.go.cr/es/Ayuda/Videos-Tutoriales/Setena.html]
[www.setena.go.cr/es/Ayuda/Videos-Tutoriales.html]
[www.setena.go.cr/thumb/Downloads/Banner/interna-jerarcas8e15.jpg]
[www.setena.go.cr/es/Nosotros/Transparencia/Estructura-Organizacional/Secretaria-General.html]
[www.setena.go.cr/es/Nosotros/Transparencia/Estructura-Organizacional/Comision-Plenaria.html]
[www.setena.go.cr/es/Nosotros/Transparencia/Estructura-Organizacional/Direccion-Tecnica.html]
[www.setena.go.cr/es/Nosotros/Transparencia/Estructura-Organizacional/Direccion-Administrativa.html]
[www.setena.go.cr/es/Nosotros/Transparencia/Estructura-Organizacional/Tecnologia-de-la-Informacion.html]
[www.setena.go.cr/es/Nosotros/Transparencia/Estructura-Organizacional/Asesoria-Juridica.html]
[www.setena.go.cr/es/Nosotros/Transparencia/Estructura-Organizacional/Planificacion-Institucional.html]
[www.setena.go.cr/es/Nosotros/Transparencia/Estructura-Organizacional/Evaluacion-Ambiental.html]
[www.setena.go.cr/es/Nosotros/Transparencia/Estructura-Organizacional/DEAE.html]
[www.setena.go.cr/es/Nosotros/Transparencia/Estructura-Organizacional/ASA.html]
[www.setena.go.cr/es/Nosotros/Transparencia/Estructura-Organizacional/Recursos-Humanos.html]
[www.setena.go.cr/es/Nosotros/Transparencia/Estructura-Organizacional/Educacion-Ambiental.html]
[www.setena.go.cr/es/Nosotros/Transparencia/Estructura-Organizacional.html]
[www.setena.go.cr/Downloads/img/Imagen1vb.png]
[www.setena.go.cr/Downloads/img/Imagen2vb.png]
[www.setena.go.cr/Downloads/img/Imagen3vb.png]
[www.setena.go.cr/Downloads/img/imagen4vb.png]
[www.setena.go.cr/Downloads/img/Imagen5vb.png]
[www.setena.go.cr/es/Ayuda/Video-Tutoriales_Anterior.html]
[www.setena.go.cr/Downloads/documentos/Comunicados/Articulo transformacion administrativa y digital.pdf]
[www.setena.go.cr/es/Noticias_Anteriores/Transformacion-administrativa-y-digital-tangible.html]
[www.setena.go.cr/Downloads/documentos/Firma Digital/3-Politica de Formato Oficial Firma Digital v1.0.pdf]
[www.setena.go.cr/Downloads/documentos/Comunicados/Guia Marca Hora.pdf]
[www.setena.go.cr/es/Noticias_Anteriores/Documentacion-Firmada-Digitalmente.html]
[www.setena.go.cr/Downloads/documentos/Formularios/Requisitos/ST-LRA-Guía-08-v.01-Guía de Requisitos D1.pdf]
[www.setena.go.cr/Downloads/documentos/Formularios/Requisitos/ST-LRA-Guía-06-v.01-Guía de Requisitos D1-Torres.pdf]
[www.setena.go.cr/Downloads/documentos/Formularios/Requisitos/ST-LRA-Guía-09-v.01-Guía de Requisitos D1-C.pdf]
[www.setena.go.cr/Downloads/documentos/Formularios/Requisitos/ST-LRA-Guía-03-v.02-Guía de Requisitos Desalinización-DJCA.pdf]
[www.setena.go.cr/Downloads/documentos/Formularios/Requisitos/ST-LRA-Guía-04-v.02-Guía de Requisitos Desalinización-PPGA.pdf]
[www.setena.go.cr/Downloads/documentos/Formularios/Requisitos/ST-LRA-Guía-05-v.02-Guía de Requisitos Desalinización-EsIA.pdf]
[www.setena.go.cr/es/Viabiliad-Ambiental/d1.html]
[www.setena.go.cr/Downloads/documentos/Formularios/Requisitos/ST-LRA-Guía-07-v.01-Guía de Requisitos D4.pdf]
[www.setena.go.cr/es/Viabiliad-Ambiental/d4.html]
[www.setena.go.cr/es/Viabiliad-Ambiental/IVA-POTS/Expedientes-IVA-POTs.html]
[www.setena.go.cr/es/Viabiliad-Ambiental/IVA-POTS.html]
[www.setena.go.cr/es/Viabiliad-Ambiental/d5.html]
[www.setena.go.cr/es/Viabiliad-Ambiental/d6.html]
[www.setena.go.cr/es/Viabiliad-Ambiental.html]
[www.setena.go.cr/en/Testimonials.html]
[www.setena.go.cr/es/Noticias_Anteriores.html]
[www.setena.go.cr/es/Contacto/Directorio.html]
[connect.facebook.net/en_US/all.js]
[themes.indigo.kryonics.net/frameworks/tweaco/css/none.html]
[themes.indigo.kryonics.net/c/images/breadcrumbullet.html]
[themes.indigo.kryonics.net/c/setena.go.cr/css/screen/images/button_gray.html]
[themes.indigo.kryonics.net/c/setena.go.cr/css/screen/images/button_red.html]
[themes.indigo.kryonics.net/c/setena.go.cr/css/screen/images/button_yellow.html]
[themes.indigo.kryonics.net/c/setena.go.cr/images/icons-cat-resid.html]
[themes.indigo.kryonics.net/c/setena.go.cr/css/screen/none.html]
[www.setena.go.cr/en/The-Clinic.html]
[www.setena.go.cr/en/Nosotros/Historia-Setena.html]
[www.setena.go.cr/en/Nosotros/Marco-Juridico/Parque-Nacional-Marino-las-Baulas.html]
[www.setena.go.cr/en/Nosotros/Marco-Juridico-SETENA.html]
[www.setena.go.cr/en/Nosotros/Transparencia/Estructura-Organizacional/Secretaria-General/Director-General-SETENA.html]
[www.setena.go.cr/en/Nosotros/Transparencia/Compras-Publicas.html]
[www.setena.go.cr/en/Nosotros/Transparencia/Reportes.html]
[www.setena.go.cr/en/Nosotros/Transparencia/Presupuesto.html]
[www.setena.go.cr/en/Nosotros/Transparencia/Informes.html]
[www.setena.go.cr/en/Nosotros/Transparencia/Recursos-Humanos.html]
[www.setena.go.cr/en/The-Clinic/Installations.html]
[www.setena.go.cr/en/Catalogo/Registros-Ambientales.html]
[www.setena.go.cr/en/Catalogo/Permisos-Ambientales.html]
[www.setena.go.cr/en/Catalogo/Listado-Estudio-Impacto-Ambiental-(EsIA).html]
[www.setena.go.cr/en/Catalogo/Consultores-Ambientales.html]
[www.setena.go.cr/en/Catalogo/Tarifas-y-Cuentas-Bancarias.html]
[www.setena.go.cr/en/Catalogo/Garantias-Ambientales-Expedientes-Fisicos.html]
[www.setena.go.cr/en/Catalogo/Resoluciones.html]
[www.setena.go.cr/en/Catalogo/Capa-Proyectos.html]
[www.setena.go.cr/en/Catalogo/Actas.html]
[www.setena.go.cr/en/Catalogo/Catalogo-Nacional-Tramites.html]
[www.setena.go.cr/en/Specialties.html]
[www.setena.go.cr/en/Contact-Us.html]
[www.setena.go.cr/en/Contacto/Formulario-Consultas.html]
[www.setena.go.cr/en/Noticias_SETENA/Depositos-marzo-2026.html]
[www.setena.go.cr/en/Noticias_SETENA/Proceso-Reforma-Disposiciones-DFOE-SOS-IAD-00008-2025-CGR.html]
[www.setena.go.cr/en/Noticias_SETENA/Depositos-setiembre-2025.html]
[www.setena.go.cr/en/Noticias_SETENA/Depositos-mayo-2025.html]
[www.setena.go.cr/en/Noticias_SETENA/Depositos-febrero-2025.html]
[www.setena.go.cr/en/Noticias_SETENA/Cierre-de-Instalaciones.html]
[www.setena.go.cr/en/Noticias_Anteriores/REGLAMENTO-PARA-LA-INCORPORACION-DE-LA-VARIABLE-AMBIENTAL-EN-PLANES-DE-ORDENAMIENTO-TERRITORIAL.html]
[www.setena.go.cr/en/Noticias_SETENA/Depositos-febrero-2026.html]
[www.setena.go.cr/en/Noticias_SETENA/Depositos-diciembre-2025.html]
[www.setena.go.cr/en/Noticias_SETENA/Reforma-del-D.E.html]
[www.setena.go.cr/en/Noticias_SETENA/Depositos-abril-2025.html]
[www.setena.go.cr/en/Noticias_SETENA/Sistema-en-linea.html]
[www.setena.go.cr/en/Noticias_SETENA/Depositos-octubre-2024.html]
[www.setena.go.cr/en/Noticias_SETENA/Depositos-noviembre-2025.html]
[www.setena.go.cr/en/Noticias_SETENA/Depositos-agosto-2025.html]
[www.setena.go.cr/en/Noticias_SETENA/Depositos-marzo-2025.html]
[www.setena.go.cr/en/Noticias_SETENA/Sistema-fuera-de-linea.html]
[www.setena.go.cr/en/Noticias_SETENA/Depositos-septiembre-2024.html]
[www.setena.go.cr/en/Noticias_SETENA/Apertura-Proceso-Licitacion.html]
[www.setena.go.cr/en/Noticias_SETENA/Despositos-enero-2026.html]
[www.setena.go.cr/en/Noticias_SETENA/Depositos-octubre-2025.html]
[www.setena.go.cr/en/Noticias_SETENA/Depositos-junio-2025.html]
[www.setena.go.cr/en/Noticias_SETENA/Depositos-enero-2025.html]
[www.setena.go.cr/en/Noticias_SETENA/Adicion-modificacion-al-Decreto-Ejecutivo-42755-MINAE.html]
[www.setena.go.cr/en/Noticias_Anteriores/Flyer-SS.html]
[www.setena.go.cr/en/Noticias_SETENA/Noticias_Anteriores_SETENA.html]
[www.setena.go.cr/en/Noticias_SETENA.html]
[www.setena.go.cr/en/FAQs-SETENA.html]
[www.setena.go.cr/en/Ayuda/Videos-Tutoriales/Bitacora-Digital.html]
[www.setena.go.cr/en/Ayuda/Videos-Tutoriales/Plataforma-Digital.html]
[www.setena.go.cr/en/Ayuda/Videos-Tutoriales/Decreto-Ejecutivo-43898.html]
[www.setena.go.cr/en/Ayuda/Videos-Tutoriales/Paso-a-Paso-Decreto-Ejecutivo-43898.html]
[www.setena.go.cr/en/Ayuda/Videos-Tutoriales/Presentacion-Informes-de-Regencia-Ambiental.html]
[www.setena.go.cr/en/Ayuda/Videos-Tutoriales/Setena.html]
[www.setena.go.cr/en/Ayuda/Videos-Tutoriales.html]
[www.setena.go.cr/en/Nosotros/Transparencia/Estructura-Organizacional/Secretaria-General.html]
[www.setena.go.cr/en/Nosotros/Transparencia/Estructura-Organizacional/Comision-Plenaria.html]
[www.setena.go.cr/en/Nosotros/Transparencia/Estructura-Organizacional/Direccion-Tecnica.html]
[www.setena.go.cr/en/Nosotros/Transparencia/Estructura-Organizacional/Direccion-Administrativa.html]
[www.setena.go.cr/en/Nosotros/Transparencia/Estructura-Organizacional/Tecnologia-de-la-Informacion.html]
[www.setena.go.cr/en/Nosotros/Transparencia/Estructura-Organizacional/Asesoria-Juridica.html]
[www.setena.go.cr/en/Nosotros/Transparencia/Estructura-Organizacional/Planificacion-Institucional.html]
[www.setena.go.cr/en/Nosotros/Transparencia/Estructura-Organizacional/Evaluacion-Ambiental.html]
[www.setena.go.cr/en/Nosotros/Transparencia/Estructura-Organizacional/DEAE.html]
[www.setena.go.cr/en/Nosotros/Transparencia/Estructura-Organizacional/ASA.html]
[www.setena.go.cr/en/Nosotros/Transparencia/Estructura-Organizacional/Recursos-Humanos.html]
[www.setena.go.cr/en/Nosotros/Transparencia/Estructura-Organizacional/Educacion-Ambiental.html]
[www.setena.go.cr/en/Nosotros/Transparencia/Estructura-Organizacional.html]
[www.setena.go.cr/en/Ayuda/Video-Tutoriales_Anterior.html]
[www.setena.go.cr/en/Noticias_Anteriores/Transformacion-administrativa-y-digital-tangible.html]
[www.setena.go.cr/en/Noticias_Anteriores/Documentacion-Firmada-Digitalmente.html]
[www.setena.go.cr/en/Viabiliad-Ambiental/d1.html]
[www.setena.go.cr/en/Viabiliad-Ambiental/d4.html]
[www.setena.go.cr/en/Viabiliad-Ambiental/IVA-POTS/Expedientes-IVA-POTs.html]
[www.setena.go.cr/en/Viabiliad-Ambiental/IVA-POTS.html]
[www.setena.go.cr/en/Viabiliad-Ambiental/d5.html]
[www.setena.go.cr/en/Viabiliad-Ambiental/d6.html]
[www.setena.go.cr/en/Viabiliad-Ambiental.html]
[www.setena.go.cr/es/Nosotros/Marco-Juridico.html]
[www.setena.go.cr/Downloads/documentos/Normativa/REGLAMENTO EDA Y REFORMA AL ARTICULO 81.pdf]
[www.setena.go.cr/Downloads/documentos/Normativa/Decreto Ejecutivo 44710-MINAE.pdf]
[www.setena.go.cr/Downloads/documentos/Normativa/Acta-087-2008.pdf]
[www.setena.go.cr/Downloads/documentos/Normativa/ACP-18-2014.pdf]
[www.setena.go.cr/Downloads/documentos/Normativa/ACP-152-2016.pdf]
[www.setena.go.cr/Downloads/documentos/Normativa/ACP-144-2017.pdf]
[www.setena.go.cr/Downloads/documentos/Normativa/ACP-028-2018.pdf]
[www.setena.go.cr/Downloads/documentos/Normativa/ACP-030-2018.pdf]
[www.setena.go.cr/Downloads/documentos/Normativa/ACP-037-2018.pdf]
[www.setena.go.cr/Downloads/documentos/Normativa/ACP-0031-2020 COVID-19.pdf]
[www.setena.go.cr/Downloads/documentos/Normativa/ACP-029-2021.pdf]
[www.setena.go.cr/Downloads/Noticias/ACP-075-2021.pdf]
[www.setena.go.cr/Downloads/documentos/Normativa/ACP-066-2022.pdf]
[www.setena.go.cr/Downloads/documentos/Normativa/ACP-070-2022.pdf]
[www.setena.go.cr/Downloads/documentos/Normativa/RES-2253-2008.pdf]
[www.setena.go.cr/Downloads/documentos/Normativa/RES-730-2010.pdf]
[www.setena.go.cr/Downloads/documentos/Normativa/RES-2211-2016.pdf]
[www.setena.go.cr/Downloads/documentos/Normativa/RES-2373-2016.pdf]
[www.setena.go.cr/Downloads/documentos/Normativa/RES-1909-2017.pdf]
[www.setena.go.cr/en/Noticias_Anteriores/RES-840-18.html]
[www.setena.go.cr/Downloads/documentos/Normativa/RES-1462-2018.pdf]
[www.setena.go.cr/Downloads/documentos/Normativa/RES-2436-2019.pdf]
[www.setena.go.cr/en/The-Clinic/Treatments.html]
[www.setena.go.cr/en/Contacto/Directorio.html]
[www.setena.go.cr/inicio/Inicio.html]
[www.setena.go.cr/inicio/Nosotros.html]
[www.setena.go.cr/inicio/Nosotros/Historia-Setena.html]
[www.setena.go.cr/inicio/Nosotros/Marco-Juridico/Parque-Nacional-Marino-las-Baulas.html]
[www.setena.go.cr/inicio/Nosotros/Marco-Juridico-SETENA.html]
[www.setena.go.cr/inicio/Nosotros/Transparencia/Estructura-Organizacional/Secretaria-General/Director-General-SETENA.html]
[www.setena.go.cr/inicio/Nosotros/Transparencia/Compras-Publicas.html]
[www.setena.go.cr/inicio/Nosotros/Transparencia/Reportes.html]
[www.setena.go.cr/inicio/Nosotros/Transparencia/Presupuesto.html]
[www.setena.go.cr/inicio/Nosotros/Transparencia/Informes.html]
[www.setena.go.cr/inicio/Nosotros/Transparencia/Recursos-Humanos.html]
[www.setena.go.cr/inicio/Nosotros/Transparencia.html]
[www.setena.go.cr/inicio/Catalogo/Registros-Ambientales.html]
[www.setena.go.cr/inicio/Catalogo/Permisos-Ambientales.html]
[www.setena.go.cr/inicio/Catalogo/Listado-Estudio-Impacto-Ambiental-(EsIA).html]
[www.setena.go.cr/inicio/Catalogo/Consultores-Ambientales.html]
[www.setena.go.cr/inicio/Catalogo/Tarifas-y-Cuentas-Bancarias.html]
[www.setena.go.cr/inicio/Catalogo/Garantias-Ambientales-Expedientes-Fisicos.html]
[www.setena.go.cr/inicio/Catalogo/Resoluciones.html]
[www.setena.go.cr/inicio/Catalogo/Capa-Proyectos.html]
[www.setena.go.cr/inicio/Catalogo/Actas.html]
[www.setena.go.cr/inicio/Catalogo/Catalogo-Nacional-Tramites.html]
[www.setena.go.cr/inicio/Catalogo.html]
[www.setena.go.cr/inicio/Contacto.html]
[www.setena.go.cr/inicio/Contacto/Formulario-Consultas.html]
[www.setena.go.cr/inicio/Noticias_SETENA/Depositos-marzo-2026.html]
[www.setena.go.cr/inicio/Noticias_SETENA/Proceso-Reforma-Disposiciones-DFOE-SOS-IAD-00008-2025-CGR.html]
[www.setena.go.cr/inicio/Noticias_SETENA/Depositos-setiembre-2025.html]
[www.setena.go.cr/inicio/Noticias_SETENA/Depositos-mayo-2025.html]
[www.setena.go.cr/inicio/Noticias_SETENA/Depositos-febrero-2025.html]
[www.setena.go.cr/inicio/Noticias_SETENA/Cierre-de-Instalaciones.html]
[www.setena.go.cr/inicio/Noticias_Anteriores/REGLAMENTO-PARA-LA-INCORPORACION-DE-LA-VARIABLE-AMBIENTAL-EN-PLANES-DE-ORDENAMIENTO-TERRITORIAL.html]
[www.setena.go.cr/inicio/Noticias_SETENA/Depositos-febrero-2026.html]
[www.setena.go.cr/inicio/Noticias_SETENA/Depositos-diciembre-2025.html]
[www.setena.go.cr/inicio/Noticias_SETENA/Reforma-del-D.E.html]
[www.setena.go.cr/inicio/Noticias_SETENA/Depositos-abril-2025.html]
[www.setena.go.cr/inicio/Noticias_SETENA/Sistema-en-linea.html]
[www.setena.go.cr/inicio/Noticias_SETENA/Depositos-octubre-2024.html]
[www.setena.go.cr/inicio/Noticias_SETENA/Depositos-noviembre-2025.html]
[www.setena.go.cr/inicio/Noticias_SETENA/Depositos-agosto-2025.html]
[www.setena.go.cr/inicio/Noticias_SETENA/Depositos-marzo-2025.html]
[www.setena.go.cr/inicio/Noticias_SETENA/Sistema-fuera-de-linea.html]
[www.setena.go.cr/inicio/Noticias_SETENA/Depositos-septiembre-2024.html]
[www.setena.go.cr/inicio/Noticias_SETENA/Apertura-Proceso-Licitacion.html]
[www.setena.go.cr/inicio/Noticias_SETENA/Despositos-enero-2026.html]
[www.setena.go.cr/inicio/Noticias_SETENA/Depositos-octubre-2025.html]
[www.setena.go.cr/inicio/Noticias_SETENA/Depositos-junio-2025.html]
[www.setena.go.cr/inicio/Noticias_SETENA/Depositos-enero-2025.html]
[www.setena.go.cr/inicio/Noticias_SETENA/Adicion-modificacion-al-Decreto-Ejecutivo-42755-MINAE.html]
[www.setena.go.cr/inicio/Noticias_Anteriores/Flyer-SS.html]
[www.setena.go.cr/inicio/Noticias_SETENA/Noticias_Anteriores_SETENA.html]
[www.setena.go.cr/inicio/Noticias_SETENA.html]
[www.setena.go.cr/inicio/FAQs-SETENA.html]
[www.setena.go.cr/inicio/Ayuda/Videos-Tutoriales/Bitacora-Digital.html]
[www.setena.go.cr/inicio/Ayuda/Videos-Tutoriales/Plataforma-Digital.html]
[www.setena.go.cr/inicio/Ayuda/Videos-Tutoriales/Decreto-Ejecutivo-43898.html]
[www.setena.go.cr/inicio/Ayuda/Videos-Tutoriales/Paso-a-Paso-Decreto-Ejecutivo-43898.html]
[www.setena.go.cr/inicio/Ayuda/Videos-Tutoriales/Presentacion-Informes-de-Regencia-Ambiental.html]
[www.setena.go.cr/inicio/Ayuda/Videos-Tutoriales/Setena.html]
[www.setena.go.cr/inicio/Ayuda/Videos-Tutoriales.html]
[www.setena.go.cr/inicio/Nosotros/Transparencia/Estructura-Organizacional/Secretaria-General.html]
[www.setena.go.cr/inicio/Nosotros/Transparencia/Estructura-Organizacional/Comision-Plenaria.html]
[www.setena.go.cr/inicio/Nosotros/Transparencia/Estructura-Organizacional/Direccion-Tecnica.html]
[www.setena.go.cr/inicio/Nosotros/Transparencia/Estructura-Organizacional/Direccion-Administrativa.html]
[www.setena.go.cr/inicio/Nosotros/Transparencia/Estructura-Organizacional/Tecnologia-de-la-Informacion.html]
[www.setena.go.cr/inicio/Nosotros/Transparencia/Estructura-Organizacional/Asesoria-Juridica.html]
[www.setena.go.cr/inicio/Nosotros/Transparencia/Estructura-Organizacional/Planificacion-Institucional.html]
[www.setena.go.cr/inicio/Nosotros/Transparencia/Estructura-Organizacional/Evaluacion-Ambiental.html]
[www.setena.go.cr/inicio/Nosotros/Transparencia/Estructura-Organizacional/DEAE.html]
[www.setena.go.cr/inicio/Nosotros/Transparencia/Estructura-Organizacional/ASA.html]
[www.setena.go.cr/inicio/Nosotros/Transparencia/Estructura-Organizacional/Recursos-Humanos.html]
[www.setena.go.cr/inicio/Nosotros/Transparencia/Estructura-Organizacional/Educacion-Ambiental.html]
[www.setena.go.cr/inicio/Nosotros/Transparencia/Estructura-Organizacional.html]
[www.setena.go.cr/inicio/Ayuda/Video-Tutoriales_Anterior.html]
[www.setena.go.cr/inicio/Noticias_Anteriores/Transformacion-administrativa-y-digital-tangible.html]
[www.setena.go.cr/inicio/Noticias_Anteriores/Documentacion-Firmada-Digitalmente.html]
[www.setena.go.cr/inicio/Viabiliad-Ambiental/d1.html]
[www.setena.go.cr/inicio/Viabiliad-Ambiental/d4.html]
[www.setena.go.cr/inicio/Viabiliad-Ambiental/IVA-POTS/Expedientes-IVA-POTs.html]
[www.setena.go.cr/inicio/Viabiliad-Ambiental/IVA-POTS.html]
[www.setena.go.cr/inicio/Viabiliad-Ambiental/d5.html]
[www.setena.go.cr/inicio/Viabiliad-Ambiental/d6.html]
[www.setena.go.cr/inicio/Viabiliad-Ambiental.html]
[www.setena.go.cr/inicio/Noticias_Anteriores.html]
[www.setena.go.cr/inicio/Contacto/Directorio.html]
[www.setena.go.cr/Downloads/organigrama/organigrama-setena2025.html]
[www.setena.go.cr/Downloads/documentos/Parque Nacional Marino las Baulas.zip]
[www.setena.go.cr/es/Nosotros/Marco-Juridico/Parque-Nacional-Marino-las-Baulas.html]
[www.setena.go.cr/Downloads/img/Foto DG.png]
[www.setena.go.cr/es/Nosotros/Transparencia/Estructura-Organizacional/Secretaria-General/Director-General-SETENA.html]
[www.setena.go.cr/Downloads/documentos/Transparencia/CompraContrataciones/Contrataciones Publicas 2025.xlsx]
[www.setena.go.cr/es/Nosotros/Transparencia/Compras-Publicas.html]
[www.setena.go.cr/es/Reporte/R01-Reporte-de-Expedientes-Ingresados-en-SETENA.html]
[www.setena.go.cr/es/Reporte/R02-Reporte-de-Expedientes-con-VLA-en-SETENA.html]
[www.setena.go.cr/es/Nosotros/Transparencia/Reportes.html]
[www.setena.go.cr/Downloads/documentos/Transparencia/Presupuestos/Ley de presupuesto aprobada 2026.pdf]
[www.setena.go.cr/Downloads/documentos/Transparencia/Presupuestos/Ley de presupuesto aprobada 2025.pdf]
[www.setena.go.cr/Downloads/documentos/Transparencia/Presupuestos/Ley de presupuesto aprobada 2024.pdf]
[www.setena.go.cr/Downloads/documentos/Transparencia/Presupuestos/Ley de presupuesto aprobada 2023.pdf]
[www.setena.go.cr/Downloads/documentos/Transparencia/Presupuestos/Ley de presupuesto aprobada 2022.pdf]
[www.setena.go.cr/Downloads/documentos/Transparencia/Presupuestos/Ley de presupuesto aprobada 2021.pdf]
[www.setena.go.cr/Downloads/documentos/Transparencia/Presupuestos/Ley de presupuesto aprobada 2020.pdf]
[www.setena.go.cr/Downloads/documentos/Transparencia/Presupuestos/Ley de presupuesto aprobada 2019.pdf]
[www.setena.go.cr/Downloads/documentos/Transparencia/Presupuestos/Ejecución Presupuestaria 2025.xlsx]
[www.setena.go.cr/Downloads/documentos/Transparencia/Presupuestos/Ejecución presupuestaria 2024.xlsx]
[www.setena.go.cr/Downloads/documentos/Transparencia/Presupuestos/Ejecucion Presupuestaria 2021-2022-2023 SIGAF.xlsx]
[www.setena.go.cr/Downloads/documentos/Transparencia/Presupuestos/Ejecución Presupuestaria 2021-SIGAF.xlsx]
[www.setena.go.cr/Downloads/documentos/Transparencia/Presupuestos/Ejecución Presupuestaria 2020-SIGAF.xlsx]
[www.setena.go.cr/Downloads/documentos/Transparencia/Presupuestos/Ejecución Presupuestaria 2019-SIGAF.xlsx]
[www.setena.go.cr/es/Nosotros/Transparencia/Presupuesto.html]
[www.setena.go.cr/Downloads/documentos/Transparencia/InformesInstitucionales/Informes/Informe Gestión SETENA 2019-2020 entrega CMR 29-08-2020 final.pdf]
[www.setena.go.cr/Downloads/documentos/Transparencia/InformesInstitucionales/Informes/Informe Gestion SETENA-2021 (FINAL).pdf]
[www.setena.go.cr/Downloads/documentos/Transparencia/InformesInstitucionales/Informes/Informe Final SETENA-2022.pdf]
[www.setena.go.cr/Downloads/documentos/Transparencia/InformesInstitucionales/Informes/Informe Final SETENA-2023.pdf]
[www.setena.go.cr/Downloads/documentos/Transparencia/InformesInstitucionales/Informes/Informe Final SETENA-2024.pdf]
[www.setena.go.cr/Downloads/documentos/Transparencia/InformesInstitucionales/Informes/Informe de Gestion 2019-2021 Cynthia Barzuna Gutierrez.pdf]
[www.setena.go.cr/Downloads/documentos/ArchivoCentral/SETENA-IADA 2024-2025.pdf]
[www.setena.go.cr/Downloads/documentos/ArchivoCentral/SETENA-IADA 2022-2023.pdf]
[www.setena.go.cr/Downloads/documentos/ArchivoCentral/SETENA-IADA 2021-2022.pdf]
[www.setena.go.cr/Downloads/documentos/ArchivoCentral/SETENA-IADA 2020-2021.pdf]
[www.setena.go.cr/Downloads/documentos/ArchivoCentral/SETENA-IADA 2019-2020.pdf]
[www.setena.go.cr/Downloads/documentos/ArchivoCentral/SETENA-IADA 2018-2019.pdf]
[www.setena.go.cr/Downloads/documentos/Transparencia/InformesInstitucionales/Informes/Inf. Labores Anual 2019-DEA.pdf]
[www.setena.go.cr/Downloads/documentos/Transparencia/InformesInstitucionales/Informes/Informe de Labores - Indicadores MAPP 2020 DEA.pdf]
[www.setena.go.cr/Downloads/documentos/Transparencia/InformesInstitucionales/Informes/Reporte Ministra DEA-2021.pdf]
[www.setena.go.cr/Downloads/documentos/Transparencia/InformesInstitucionales/Informes/Informe de Gestión Departamental Enero-23 de diciembre 2022 DEA.pdf]
[www.setena.go.cr/Downloads/documentos/Transparencia/InformesInstitucionales/Informes/Informe de Gestión -0097-2024  Año 2023 DEA.pdf]
[www.setena.go.cr/Downloads/documentos/Transparencia/InformesInstitucionales/Informes/IGD-TRIM-2024-IV-DEA.pdf]
[www.setena.go.cr/Downloads/documentos/Transparencia/InformesInstitucionales/Informes/INFORME-DT-ASA-002-2020 GESTION 2019.pdf]
[www.setena.go.cr/Downloads/documentos/Transparencia/InformesInstitucionales/Informes/INFORME LABORES ANUAL 2020 ASA.pdf]
[www.setena.go.cr/Downloads/documentos/Transparencia/InformesInstitucionales/Informes/Informe labores ASA_Periodo 2021.pdf]
[www.setena.go.cr/Downloads/documentos/Transparencia/InformesInstitucionales/Informes/ST-GE-For-01-v.02-Informe de Gestión Departamental_ASA_enero-diciembre_2022.pdf]
[www.setena.go.cr/Downloads/documentos/Transparencia/InformesInstitucionales/Informes/ST-GE-For-01-v.03-Informe de Gestión Departamental_ASA_ IV Trimestre.pdf]
[www.setena.go.cr/Downloads/documentos/Transparencia/InformesInstitucionales/Informes/IGD-TRIM-2024-IV-ASA.pdf]
[www.setena.go.cr/Downloads/documentos/Transparencia/InformesInstitucionales/Informes/SETENA DT EAE 197 2019 Informe Anual de Labores.pdf]
[www.setena.go.cr/Downloads/documentos/Transparencia/InformesInstitucionales/Informes/SETENA DT EAE 113 2020_InfAnLabEAE.pdf]
[www.setena.go.cr/Downloads/documentos/Transparencia/InformesInstitucionales/Informes/Informe de trabajo 2021 DT-EAE-0133-2021.pdf]
[www.setena.go.cr/Downloads/documentos/Transparencia/InformesInstitucionales/Informes/ST-GE-For-01-v.02-Informe de Gestión Departamental IV Trimestre 2022-EAE.pdf]
[www.setena.go.cr/Downloads/documentos/Transparencia/InformesInstitucionales/Informes/ST-GE-For-01-v.03-Informe de Gestión Departamental EAE anual 2023.pdf]
[www.setena.go.cr/Downloads/documentos/Transparencia/InformesInstitucionales/Informes/IGD-TRIM-2024-IV-EAE.pdf]
[www.setena.go.cr/Downloads/documentos/Transparencia/InformesInstitucionales/Marco Orientador de SEVRI SETENA - 2022 v.2-firmado.pdf]
[www.setena.go.cr/Downloads/documentos/Transparencia/InformesInstitucionales/Informe de control interno 2021 - Ambiente de Control.pdf]
[www.setena.go.cr/Downloads/documentos/Transparencia/InformesInstitucionales/Informe Autoevaluacion 2018.pdf]
[www.setena.go.cr/Downloads/documentos/Transparencia/InformesInstitucionales/Resultados Autoevaluacion SETENA-2017.pdf]
[www.setena.go.cr/Downloads/documentos/Transparencia/InformesInstitucionales/Informes/Informe Final 2022.pdf]
[www.setena.go.cr/Downloads/documentos/Transparencia/InformesInstitucionales/Informes/Informe de autoevaluacion de control interno-2023.pdf]
[www.setena.go.cr/Downloads/documentos/Transparencia/InformesInstitucionales/Informes/Informe Final 2024.pdf]
[www.setena.go.cr/Downloads/documentos/Transparencia/InformesInstitucionales/Informes/DFOE-SOS-IAD-00008-2025.pdf]
[www.setena.go.cr/Downloads/documentos/Transparencia/InformesInstitucionales/Informes/DFOE-SEM-0187 (01532-2026).pdf]
[www.setena.go.cr/Downloads/documentos/Transparencia/InformesInstitucionales/Informes/DFOE-SOS-IF-00008-2022.pdf]
[www.setena.go.cr/Downloads/documentos/Transparencia/InformesInstitucionales/Informes/Disposiciones DFOE-SOS-IF-00008-2022/50. Certificación cumplimiento disposición 4.4 CGR-SETENA-firmado.pdf]
[www.setena.go.cr/Downloads/documentos/Transparencia/InformesInstitucionales/Informes/Disposiciones DFOE-SOS-IF-00008-2022/62. DFOE-SEM-0372 (02999-2023).pdf]
[www.setena.go.cr/Downloads/documentos/Transparencia/InformesInstitucionales/Informes/Disposiciones DFOE-SOS-IF-00008-2022/65. Certificación cumplimiento disposición 4.5 CGR-SETENA.pdf]
[www.setena.go.cr/Downloads/documentos/Transparencia/InformesInstitucionales/Informes/Disposiciones DFOE-SOS-IF-00008-2022/DFOE-SEM-1386 (13073-2024).pdf]
[www.setena.go.cr/Downloads/documentos/Transparencia/InformesInstitucionales/Informes/Disposiciones DFOE-SOS-IF-00008-2022/69. Certificación cumplimiento disposición 4.6 CGR-SETENA.pdf]
[www.setena.go.cr/Downloads/documentos/Transparencia/InformesInstitucionales/Informes/Disposiciones DFOE-SOS-IF-00008-2022/113. DFOE-SEM-1733(14431-2023).pdf]
[www.setena.go.cr/Downloads/documentos/Transparencia/InformesInstitucionales/Informes/Disposiciones DFOE-SOS-IF-00008-2022/88. Certificación cumplimiento disposición  4.7 CGR-SETENA-firmado.pdf]
[www.setena.go.cr/Downloads/documentos/Transparencia/InformesInstitucionales/Informes/Disposiciones DFOE-SOS-IF-00008-2022/115. Certificación cumplimiento disposición  4.7  octubre.pdf]
[www.setena.go.cr/Downloads/documentos/Transparencia/InformesInstitucionales/Informes/Disposiciones DFOE-SOS-IF-00008-2022/131. DFOE-SEM-0401(2536-2024).pdf]
[www.setena.go.cr/Downloads/documentos/Transparencia/InformesInstitucionales/Informes/Disposiciones DFOE-SOS-IF-00008-2022/13. Certificación cumplimiento D 4.8.pdf]
[www.setena.go.cr/Downloads/documentos/Transparencia/InformesInstitucionales/Informes/Disposiciones DFOE-SOS-IF-00008-2022/39. DFOE-SEM-1911(20500-2022).pdf]
[www.setena.go.cr/Downloads/documentos/Transparencia/InformesInstitucionales/Informes/Disposiciones DFOE-SOS-IF-00008-2022/45. Certificación cumplimiento disposición 4.9 CGR-SETENA.pdf]
[www.setena.go.cr/Downloads/documentos/Transparencia/InformesInstitucionales/Informes/Disposiciones DFOE-SOS-IF-00008-2022/119. Certificación disposición 4.9 b.pdf]
[www.setena.go.cr/Downloads/documentos/Transparencia/InformesInstitucionales/Informes/DFOE-AE-IF-00008-2017 (1).pdf]
[www.setena.go.cr/Downloads/documentos/Transparencia/InformesInstitucionales/Informes/Seguimiento DFOE-00008-2017/SETENA-SG-0723-2022.pdf]
[www.setena.go.cr/Downloads/documentos/Transparencia/InformesInstitucionales/Informes/Seguimiento DFOE-00008-2017/SETENA-SG-0470-2022 certificacion CGR C-firmado.pdf]
[www.setena.go.cr/Downloads/documentos/Transparencia/InformesInstitucionales/Informes/Seguimiento DFOE-00008-2017/ACP-040-2022 CGR - ADJUNTAR CERTIFICACION DEL SG.pdf]
[www.setena.go.cr/Downloads/documentos/Transparencia/InformesInstitucionales/Informes/Seguimiento DFOE-00008-2017/ACP-038-2022 CGR.pdf]
[www.setena.go.cr/Downloads/documentos/Transparencia/InformesInstitucionales/Informes/Seguimiento DFOE-00008-2017/ACP-019-2022.pdf]
[www.setena.go.cr/Downloads/documentos/Transparencia/InformesInstitucionales/Informes/Seguimiento DFOE-00008-2017/ACP-008-2022 CGR.pdf]
[www.setena.go.cr/Downloads/documentos/Transparencia/InformesInstitucionales/Informes/Seguimiento DFOE-00008-2017/001381 ACP 026 2019 CGR.pdf]
[www.setena.go.cr/Downloads/documentos/Transparencia/InformesInstitucionales/Informes/Seguimiento DFOE-00008-2017/001162 ACP 130 2018 firma digital.pdf]
[www.setena.go.cr/Downloads/documentos/Transparencia/InformesInstitucionales/Informes/Seguimiento DFOE-00008-2017/000565 ACP-074-2018-SETENA firma digital.pdf]
[www.setena.go.cr/Downloads/documentos/Transparencia/InformesInstitucionales/Informes/Seguimiento DFOE-00008-2017/DFOE-SEM-1631 (12921-2023).pdf]
[www.setena.go.cr/Downloads/documentos/Transparencia/InformesInstitucionales/Informes/Seguimiento DFOE-00008-2017/DFOE-SEM-2025 (15954-2023).pdf]
[www.setena.go.cr/Downloads/documentos/Transparencia/InformesInstitucionales/Acuerdos de viaje 2025.xlsx]
[www.setena.go.cr/Downloads/documentos/Transparencia/InformesInstitucionales/Acuerdos de viaje 2024 funcionarios SETENA.xlsx]
[www.setena.go.cr/es/Nosotros/Transparencia/Informes.html]
[www.setena.go.cr/Downloads/documentos/Transparencia/RecursosHumanos/DG-RES-241-2025.pdf]
[www.setena.go.cr/Downloads/documentos/Transparencia/RecursosHumanos/DG-RES-204-2025.pdf]
[www.setena.go.cr/Downloads/documentos/Transparencia/RecursosHumanos/DG-RES-148-2025.pdf]
[www.setena.go.cr/Downloads/documentos/Transparencia/RecursosHumanos/DG-RES-150-2023.pdf]
[www.setena.go.cr/Downloads/documentos/Transparencia/RecursosHumanos/DG-RES-64-2023.pdf]
[www.setena.go.cr/Downloads/documentos/Transparencia/RecursosHumanos/AGRH-CIR-003-2022.pdf]
[www.setena.go.cr/Downloads/documentos/Transparencia/RecursosHumanos/RESULTADOS_EVALUACION_DESEMPENO_SETENA 2024.xlsx]
[www.setena.go.cr/Downloads/documentos/Transparencia/RecursosHumanos/RESULTADOS_EVALUACION_DESEMPENO_SETENA 2023.xlsx]
[www.setena.go.cr/Downloads/documentos/Transparencia/RecursosHumanos/RESULTADOS_EVALUACION_DESEMPENO_SETENA 2022.xlsx]
[www.setena.go.cr/Downloads/documentos/Transparencia/RecursosHumanos/RESULTADOS_EVALUACION_DESEMPENO_SETENA 2021.xlsx]
[www.setena.go.cr/Downloads/documentos/Transparencia/RecursosHumanos/RESULTADOS_EVALUACION_DESEMPENO_SETENA 2020.xlsx]
[www.setena.go.cr/Downloads/documentos/Transparencia/RecursosHumanos/RESULTADOS_EVALUACION_DESEMPENO_SETENA 2019.xlsx]
[www.setena.go.cr/Downloads/documentos/Transparencia/RecursosHumanos/Escala Salarial.pdf]
[www.setena.go.cr/Downloads/documentos/Transparencia/RecursosHumanos/TITULO_I_Administrativos escala salarial Resol DG-003-2020.pdf]
[www.setena.go.cr/Downloads/documentos/Transparencia/RecursosHumanos/Clases anchas Cubiertas por los alcances del titulo I.pdf]
[www.setena.go.cr/Downloads/documentos/Transparencia/RecursosHumanos/Clases para puestos de confianza subalternos de Ministerios.pdf]
[www.setena.go.cr/Downloads/documentos/Transparencia/RecursosHumanos/Salarios globales plazas de confianza.pdf]
[www.setena.go.cr/Downloads/documentos/Transparencia/RecursosHumanos/Clases anchas -T I ESC-Prohibicion.pdf]
[www.setena.go.cr/Downloads/documentos/Transparencia/RecursosHumanos/Lista de salarios funcionarios SETENA 2026.xlsx]
[www.setena.go.cr/es/Nosotros/Transparencia/Recursos-Humanos.html]
[www.setena.go.cr/es/Catalogo/Registros-Ambientales.html]
[www.setena.go.cr/Downloads/documentos/Permisos Ambientales/ST-LRA-Guía-02-v.01-Guía de Requisitos EDA.pdf]
[www.setena.go.cr/es/Catalogo/Permisos-Ambientales.html]
[www.setena.go.cr/es/Catalogo/Listado-Estudio-Impacto-Ambiental-(EsIA).html]
[www.setena.go.cr/es/Catalogo/Formulario.html]
[www.setena.go.cr/es/Catalogo/Consultores-Ambientales.html]
[www.setena.go.cr/es/Catalogo/Tarifas-y-Cuentas-Bancarias/Tarifas-formularios-y-cuentas-bancarias.html]
[www.setena.go.cr/es/Catalogo/Tarifas-y-Cuentas-Bancarias/Cuentas-Garantias-Ambientales.html]
[www.setena.go.cr/es/Catalogo/Tarifas-y-Cuentas-Bancarias.html]
[www.setena.go.cr/es/Catalogo/Cartas-de-Renovacion.html]
[www.setena.go.cr/es/Catalogo/Garantias-Ambientales-Expedientes-Fisicos.html]
[www.setena.go.cr/es/Catalogo/Resoluciones.html]
[www.setena.go.cr/thumb/Downloads/img/Imagen KMLf3c7.jpg]
[www.setena.go.cr/Downloads/documentos/Capa Proyectos/Proy_09-23_25-05-2023.zip]
[www.setena.go.cr/es/Catalogo/Capa-Proyectos.html]
[www.setena.go.cr/es/Catalogo/Actas.html]
[www.setena.go.cr/es/Catalogo/Catalogo-Nacional-Tramites.html]
[www.setena.go.cr/Downloads/img/Depositos marzo 2026.png]
[www.setena.go.cr/es/Noticias_SETENA/Depositos-marzo-2026.html]
[www.setena.go.cr/es/Noticias_SETENA/Proceso-Reforma-Disposiciones-DFOE-SOS-IAD-00008-2025-CGR.html]
[www.setena.go.cr/thumb/Downloads/img/Depositos setiembre 20258677.jpg]
[www.setena.go.cr/es/Noticias_SETENA/Depositos-setiembre-2025.html]
[www.setena.go.cr/Downloads/img/Depositos mayo 2025.png]
[www.setena.go.cr/es/Noticias_SETENA/Depositos-mayo-2025.html]
[www.setena.go.cr/Downloads/img/Dep_pendientes_febrero_2025.png]
[www.setena.go.cr/es/Noticias_SETENA/Depositos-febrero-2025.html]
[www.setena.go.cr/thumb/Downloads/img/Post Cierre Navidad61b0.jpg]
[www.setena.go.cr/es/Noticias_SETENA/Cierre-de-Instalaciones.html]
[www.setena.go.cr/es/Noticias_Anteriores/REGLAMENTO-PARA-LA-INCORPORACION-DE-LA-VARIABLE-AMBIENTAL-EN-PLANES-DE-ORDENAMIENTO-TERRITORIAL.html]
[www.setena.go.cr/Downloads/img/Depositos febrero 2026.png]
[www.setena.go.cr/es/Noticias_SETENA/Depositos-febrero-2026.html]
[www.setena.go.cr/Downloads/img/Depositos diciembre 2025.png]
[www.setena.go.cr/es/Noticias_SETENA/Depositos-diciembre-2025.html]
[www.setena.go.cr/es/Noticias_SETENA/Reforma-del-D.E.html]
[www.setena.go.cr/Downloads/img/Dep_pendientes_abril_2025.png]
[www.setena.go.cr/es/Noticias_SETENA/Depositos-abril-2025.html]
[www.setena.go.cr/thumb/Downloads/img/Bitacora activa61b0.jpg]
[www.setena.go.cr/es/Noticias_SETENA/Sistema-en-linea.html]
[www.setena.go.cr/Downloads/img/Deposito Octubre.png]
[www.setena.go.cr/es/Noticias_SETENA/Depositos-octubre-2024.html]
[www.setena.go.cr/Downloads/img/Depositos noviembre 2025.png]
[www.setena.go.cr/es/Noticias_SETENA/Depositos-noviembre-2025.html]
[www.setena.go.cr/Downloads/img/Depositos agosto 2025.png]
[www.setena.go.cr/es/Noticias_SETENA/Depositos-agosto-2025.html]
[www.setena.go.cr/Downloads/img/Dep_pendientes_marzo_2025.png]
[www.setena.go.cr/es/Noticias_SETENA/Depositos-marzo-2025.html]
[www.setena.go.cr/thumb/Downloads/img/Bitacora offline61b0.jpg]
[www.setena.go.cr/es/Noticias_SETENA/Sistema-fuera-de-linea.html]
[www.setena.go.cr/Downloads/img/Depositos setiembre 24.png]
[www.setena.go.cr/es/Noticias_SETENA/Depositos-septiembre-2024.html]
[www.setena.go.cr/es/Noticias_SETENA/Apertura-Proceso-Licitacion.html]
[www.setena.go.cr/Downloads/img/Depositos enero 2026.png]
[www.setena.go.cr/es/Noticias_SETENA/Despositos-enero-2026.html]
[www.setena.go.cr/thumb/Downloads/img/Depositos octubre 2025.xlsx8266.jpg]
[www.setena.go.cr/es/Noticias_SETENA/Depositos-octubre-2025.html]
[www.setena.go.cr/Downloads/img/Depositos junio 2025.png]
[www.setena.go.cr/es/Noticias_SETENA/Depositos-junio-2025.html]
[www.setena.go.cr/Downloads/img/Dep_pendientes_enero_2025.png]
[www.setena.go.cr/es/Noticias_SETENA/Depositos-enero-2025.html]
[www.setena.go.cr/es/Noticias_SETENA/Adicion-modificacion-al-Decreto-Ejecutivo-42755-MINAE.html]
[www.setena.go.cr/Downloads/img/Anuncio de semana santa (2).png]
[www.setena.go.cr/es/Noticias_Anteriores/Flyer-SS.html]
[www.setena.go.cr/es/Noticias_SETENA/Noticias_Anteriores_SETENA.html]
[www.setena.go.cr/Downloads/img/Bitacora1.png]
[www.setena.go.cr/Downloads/img/Bitacora2.png]
[www.setena.go.cr/Downloads/img/Bitacora3.png]
[www.setena.go.cr/Downloads/img/Bitacora4.png]
[www.setena.go.cr/Downloads/img/Bitacora5.png]
[www.setena.go.cr/Downloads/img/Bitacora6.png]
[www.setena.go.cr/es/Ayuda/Videos-Tutoriales/Bitacora-Digital.html]
[www.setena.go.cr/Downloads/img/PD1.png]
[www.setena.go.cr/Downloads/img/PD2.png]
[www.setena.go.cr/Downloads/img/PD3.png]
[www.setena.go.cr/Downloads/img/PD4.png]
[www.setena.go.cr/Downloads/img/PD5.png]
[www.setena.go.cr/Downloads/img/PD6.png]
[www.setena.go.cr/es/Ayuda/Videos-Tutoriales/Plataforma-Digital.html]
[www.setena.go.cr/Downloads/img/PECS1.png]
[www.setena.go.cr/Downloads/img/PECS2.png]
[www.setena.go.cr/es/Ayuda/Videos-Tutoriales/Decreto-Ejecutivo-43898.html]
[www.setena.go.cr/Downloads/img/PPDE1.png]
[www.setena.go.cr/Downloads/img/PPDE2.png]
[www.setena.go.cr/Downloads/img/PPDE3.png]
[www.setena.go.cr/Downloads/img/PPDE4.png]
[www.setena.go.cr/Downloads/img/PPDE5.png]
[www.setena.go.cr/es/Ayuda/Videos-Tutoriales/Paso-a-Paso-Decreto-Ejecutivo-43898.html]
[www.setena.go.cr/Downloads/img/IRAS1.png]
[www.setena.go.cr/es/Ayuda/Videos-Tutoriales/Presentacion-Informes-de-Regencia-Ambiental.html]
[www.setena.go.cr/Downloads/img/Somos1.png]
[www.setena.go.cr/es/Ayuda/Videos-Tutoriales/Setena.html]
[www.setena.go.cr/es/Nosotros/Transparencia/Estructura-Organizacional/Secretaria-General.html]
[www.setena.go.cr/es/Nosotros/Transparencia/Estructura-Organizacional/Comision-Plenaria.html]
[www.setena.go.cr/es/Nosotros/Transparencia/Estructura-Organizacional/Direccion-Tecnica.html]
[www.setena.go.cr/es/Nosotros/Transparencia/Estructura-Organizacional/Direccion-Administrativa.html]
[www.setena.go.cr/Downloads/Noticias/Reglamento TI.pdf]
[www.setena.go.cr/Downloads/Noticias/Decreto-36815.pdf]
[www.setena.go.cr/es/Nosotros/Transparencia/Estructura-Organizacional/Tecnologia-de-la-Informacion.html]
[www.setena.go.cr/es/Nosotros/Transparencia/Estructura-Organizacional/Asesoria-Juridica.html]
[www.setena.go.cr/Downloads/Infografia/Infografico Planificacion.png]
[www.setena.go.cr/Downloads/Infografia/Icono Planificación Estrategica.png]
[www.setena.go.cr/Downloads/Infografia/Icono Cooperación.png]
[www.setena.go.cr/Downloads/Infografia/Icono Mejora continua.png]
[www.setena.go.cr/Downloads/Infografia/Icono Control Interno.png]
[www.setena.go.cr/es/Nosotros/Transparencia/Estructura-Organizacional/Planificacion-Institucional.html]
[www.setena.go.cr/es/Nosotros/Transparencia/Estructura-Organizacional/Evaluacion-Ambiental.html]
[www.setena.go.cr/es/Nosotros/Transparencia/Estructura-Organizacional/DEAE.html]
[www.setena.go.cr/es/Nosotros/Transparencia/Estructura-Organizacional/ASA.html]
[www.setena.go.cr/es/Nosotros/Transparencia/Estructura-Organizacional/Recursos-Humanos.html]
[www.setena.go.cr/es/Nosotros/Transparencia/Estructura-Organizacional/Educacion-Ambiental.html]
[www.setena.go.cr/es/Viabiliad-Ambiental/IVA-POTS/Expedientes-IVA-POTs.html]
[www.setena.go.cr/es/Viabiliad-Ambiental/d5.html]
[www.setena.go.cr/Downloads/documentos/Formularios/Requisitos/ST-LRA-Guía-11-v.01-Guía de Requisitos D6.pdf]
[www.setena.go.cr/es/Viabiliad-Ambiental/d6.html]
[www.setena.go.cr/en/Testimonials.html]
[www.setena.go.cr/en/Nosotros/Marco-Juridico/Parque-Nacional-Marino-las-Baulas.html]
[www.setena.go.cr/en/Nosotros/Transparencia/Estructura-Organizacional/Secretaria-General/Director-General-SETENA.html]
[www.setena.go.cr/en/Nosotros/Transparencia/Compras-Publicas.html]
[www.setena.go.cr/en/Reporte/R01-Reporte-de-Expedientes-Ingresados-en-SETENA.html]
[www.setena.go.cr/en/Reporte/R02-Reporte-de-Expedientes-con-VLA-en-SETENA.html]
[www.setena.go.cr/en/Nosotros/Transparencia/Reportes.html]
[www.setena.go.cr/en/Nosotros/Transparencia/Presupuesto.html]
[www.setena.go.cr/en/Nosotros/Transparencia/Informes.html]
[www.setena.go.cr/en/Nosotros/Transparencia/Recursos-Humanos.html]
[www.setena.go.cr/en/Catalogo/Registros-Ambientales.html]
[www.setena.go.cr/en/Catalogo/Permisos-Ambientales.html]
[www.setena.go.cr/en/Catalogo/Listado-Estudio-Impacto-Ambiental-(EsIA).html]
[www.setena.go.cr/en/Catalogo/Formulario.html]
[www.setena.go.cr/en/Catalogo/Consultores-Ambientales.html]
[www.setena.go.cr/en/Catalogo/Tarifas-y-Cuentas-Bancarias/Tarifas-formularios-y-cuentas-bancarias.html]
[www.setena.go.cr/en/Catalogo/Tarifas-y-Cuentas-Bancarias/Cuentas-Garantias-Ambientales.html]
[www.setena.go.cr/en/Catalogo/Tarifas-y-Cuentas-Bancarias.html]
[www.setena.go.cr/en/Catalogo/Cartas-de-Renovacion.html]
[www.setena.go.cr/en/Catalogo/Garantias-Ambientales-Expedientes-Fisicos.html]
[www.setena.go.cr/en/Catalogo/Resoluciones.html]
[www.setena.go.cr/en/Catalogo/Capa-Proyectos.html]
[www.setena.go.cr/en/Catalogo/Actas.html]
[www.setena.go.cr/en/Catalogo/Catalogo-Nacional-Tramites.html]
[www.setena.go.cr/en/Noticias_SETENA/Depositos-marzo-2026.html]
[www.setena.go.cr/en/Noticias_SETENA/Proceso-Reforma-Disposiciones-DFOE-SOS-IAD-00008-2025-CGR.html]
[www.setena.go.cr/en/Noticias_SETENA/Depositos-setiembre-2025.html]
[www.setena.go.cr/en/Noticias_SETENA/Depositos-mayo-2025.html]
[www.setena.go.cr/en/Noticias_SETENA/Depositos-febrero-2025.html]
[www.setena.go.cr/en/Noticias_SETENA/Cierre-de-Instalaciones.html]
[www.setena.go.cr/en/Noticias_Anteriores/REGLAMENTO-PARA-LA-INCORPORACION-DE-LA-VARIABLE-AMBIENTAL-EN-PLANES-DE-ORDENAMIENTO-TERRITORIAL.html]
[www.setena.go.cr/en/Noticias_SETENA/Depositos-febrero-2026.html]
[www.setena.go.cr/en/Noticias_SETENA/Depositos-diciembre-2025.html]
[www.setena.go.cr/en/Noticias_SETENA/Reforma-del-D.E.html]
[www.setena.go.cr/en/Noticias_SETENA/Depositos-abril-2025.html]
[www.setena.go.cr/en/Noticias_SETENA/Sistema-en-linea.html]
[www.setena.go.cr/en/Noticias_SETENA/Depositos-octubre-2024.html]
[www.setena.go.cr/en/Noticias_SETENA/Depositos-noviembre-2025.html]
[www.setena.go.cr/en/Noticias_SETENA/Depositos-agosto-2025.html]
[www.setena.go.cr/en/Noticias_SETENA/Depositos-marzo-2025.html]
[www.setena.go.cr/en/Noticias_SETENA/Sistema-fuera-de-linea.html]
[www.setena.go.cr/en/Noticias_SETENA/Depositos-septiembre-2024.html]
[www.setena.go.cr/en/Noticias_SETENA/Apertura-Proceso-Licitacion.html]
[www.setena.go.cr/en/Noticias_SETENA/Despositos-enero-2026.html]
[www.setena.go.cr/en/Noticias_SETENA/Depositos-octubre-2025.html]
[www.setena.go.cr/en/Noticias_SETENA/Depositos-junio-2025.html]
[www.setena.go.cr/en/Noticias_SETENA/Depositos-enero-2025.html]
[www.setena.go.cr/en/Noticias_SETENA/Adicion-modificacion-al-Decreto-Ejecutivo-42755-MINAE.html]
[www.setena.go.cr/en/Noticias_Anteriores/Flyer-SS.html]
[www.setena.go.cr/en/Noticias_SETENA/Noticias_Anteriores_SETENA.html]
[www.setena.go.cr/en/Ayuda/Videos-Tutoriales/Bitacora-Digital.html]
[www.setena.go.cr/en/Ayuda/Videos-Tutoriales/Plataforma-Digital.html]
[www.setena.go.cr/en/Ayuda/Videos-Tutoriales/Decreto-Ejecutivo-43898.html]
[www.setena.go.cr/en/Ayuda/Videos-Tutoriales/Paso-a-Paso-Decreto-Ejecutivo-43898.html]
[www.setena.go.cr/en/Ayuda/Videos-Tutoriales/Presentacion-Informes-de-Regencia-Ambiental.html]
[www.setena.go.cr/en/Ayuda/Videos-Tutoriales/Setena.html]
[www.setena.go.cr/en/Nosotros/Transparencia/Estructura-Organizacional/Secretaria-General.html]
[www.setena.go.cr/en/Nosotros/Transparencia/Estructura-Organizacional/Comision-Plenaria.html]
[www.setena.go.cr/en/Nosotros/Transparencia/Estructura-Organizacional/Direccion-Tecnica.html]
[www.setena.go.cr/en/Nosotros/Transparencia/Estructura-Organizacional/Direccion-Administrativa.html]
[www.setena.go.cr/en/Nosotros/Transparencia/Estructura-Organizacional/Tecnologia-de-la-Informacion.html]
[www.setena.go.cr/en/Nosotros/Transparencia/Estructura-Organizacional/Asesoria-Juridica.html]
[www.setena.go.cr/en/Nosotros/Transparencia/Estructura-Organizacional/Planificacion-Institucional.html]
[www.setena.go.cr/en/Nosotros/Transparencia/Estructura-Organizacional/Evaluacion-Ambiental.html]
[www.setena.go.cr/en/Nosotros/Transparencia/Estructura-Organizacional/DEAE.html]
[www.setena.go.cr/en/Nosotros/Transparencia/Estructura-Organizacional/ASA.html]
[www.setena.go.cr/en/Nosotros/Transparencia/Estructura-Organizacional/Recursos-Humanos.html]
[www.setena.go.cr/en/Nosotros/Transparencia/Estructura-Organizacional/Educacion-Ambiental.html]
[www.setena.go.cr/en/Viabiliad-Ambiental/IVA-POTS/Expedientes-IVA-POTs.html]
[www.setena.go.cr/en/Viabiliad-Ambiental/d5.html]
[www.setena.go.cr/en/Viabiliad-Ambiental/d6.html]
[www.setena.go.cr/es/Noticias_Anteriores/RES-840-18.html]
[www.setena.go.cr/es/Nosotros/Marco-Juridico.html]
[www.setena.go.cr/Downloads/Noticias/RES-840-2018.pdf]
[www.setena.go.cr/en/Noticias_Anteriores/RES-840-18.html]
[www.setena.go.cr/inicio/Nosotros/Marco-Juridico/Parque-Nacional-Marino-las-Baulas.html]
[www.setena.go.cr/inicio/Nosotros/Transparencia/Estructura-Organizacional/Secretaria-General/Director-General-SETENA.html]
[www.setena.go.cr/inicio/Nosotros/Transparencia/Compras-Publicas.html]
[www.setena.go.cr/inicio/Reporte/R01-Reporte-de-Expedientes-Ingresados-en-SETENA.html]
[www.setena.go.cr/inicio/Reporte/R02-Reporte-de-Expedientes-con-VLA-en-SETENA.html]
[www.setena.go.cr/inicio/Nosotros/Transparencia/Reportes.html]
[www.setena.go.cr/inicio/Nosotros/Transparencia/Presupuesto.html]
[www.setena.go.cr/inicio/Nosotros/Transparencia/Informes.html]
[www.setena.go.cr/inicio/Nosotros/Transparencia/Recursos-Humanos.html]
[www.setena.go.cr/inicio/Catalogo/Registros-Ambientales.html]
[www.setena.go.cr/inicio/Catalogo/Permisos-Ambientales.html]
[www.setena.go.cr/inicio/Catalogo/Listado-Estudio-Impacto-Ambiental-(EsIA).html]
[www.setena.go.cr/inicio/Catalogo/Formulario.html]
[www.setena.go.cr/inicio/Catalogo/Consultores-Ambientales.html]
[www.setena.go.cr/inicio/Catalogo/Tarifas-y-Cuentas-Bancarias/Tarifas-formularios-y-cuentas-bancarias.html]
[www.setena.go.cr/inicio/Catalogo/Tarifas-y-Cuentas-Bancarias/Cuentas-Garantias-Ambientales.html]
[www.setena.go.cr/inicio/Catalogo/Tarifas-y-Cuentas-Bancarias.html]
[www.setena.go.cr/inicio/Catalogo/Cartas-de-Renovacion.html]
[www.setena.go.cr/inicio/Catalogo/Garantias-Ambientales-Expedientes-Fisicos.html]
[www.setena.go.cr/inicio/Catalogo/Resoluciones.html]
[www.setena.go.cr/inicio/Catalogo/Capa-Proyectos.html]
[www.setena.go.cr/inicio/Catalogo/Actas.html]
[www.setena.go.cr/inicio/Catalogo/Catalogo-Nacional-Tramites.html]
[www.setena.go.cr/inicio/Noticias_SETENA/Depositos-marzo-2026.html]
[www.setena.go.cr/inicio/Noticias_SETENA/Proceso-Reforma-Disposiciones-DFOE-SOS-IAD-00008-2025-CGR.html]
[www.setena.go.cr/inicio/Noticias_SETENA/Depositos-setiembre-2025.html]
[www.setena.go.cr/inicio/Noticias_SETENA/Depositos-mayo-2025.html]
[www.setena.go.cr/inicio/Noticias_SETENA/Depositos-febrero-2025.html]
[www.setena.go.cr/inicio/Noticias_SETENA/Cierre-de-Instalaciones.html]
[www.setena.go.cr/inicio/Noticias_Anteriores/REGLAMENTO-PARA-LA-INCORPORACION-DE-LA-VARIABLE-AMBIENTAL-EN-PLANES-DE-ORDENAMIENTO-TERRITORIAL.html]
[www.setena.go.cr/inicio/Noticias_SETENA/Depositos-febrero-2026.html]
[www.setena.go.cr/inicio/Noticias_SETENA/Depositos-diciembre-2025.html]
[www.setena.go.cr/inicio/Noticias_SETENA/Reforma-del-D.E.html]
[www.setena.go.cr/inicio/Noticias_SETENA/Depositos-abril-2025.html]
[www.setena.go.cr/inicio/Noticias_SETENA/Sistema-en-linea.html]
[www.setena.go.cr/inicio/Noticias_SETENA/Depositos-octubre-2024.html]
[www.setena.go.cr/inicio/Noticias_SETENA/Depositos-noviembre-2025.html]
[www.setena.go.cr/inicio/Noticias_SETENA/Depositos-agosto-2025.html]
[www.setena.go.cr/inicio/Noticias_SETENA/Depositos-marzo-2025.html]
[www.setena.go.cr/inicio/Noticias_SETENA/Sistema-fuera-de-linea.html]
[www.setena.go.cr/inicio/Noticias_SETENA/Depositos-septiembre-2024.html]
[www.setena.go.cr/inicio/Noticias_SETENA/Apertura-Proceso-Licitacion.html]
[www.setena.go.cr/inicio/Noticias_SETENA/Despositos-enero-2026.html]
[www.setena.go.cr/inicio/Noticias_SETENA/Depositos-octubre-2025.html]
[www.setena.go.cr/inicio/Noticias_SETENA/Depositos-junio-2025.html]
[www.setena.go.cr/inicio/Noticias_SETENA/Depositos-enero-2025.html]
[www.setena.go.cr/inicio/Noticias_SETENA/Adicion-modificacion-al-Decreto-Ejecutivo-42755-MINAE.html]
[www.setena.go.cr/inicio/Noticias_Anteriores/Flyer-SS.html]
[www.setena.go.cr/inicio/Noticias_SETENA/Noticias_Anteriores_SETENA.html]
[www.setena.go.cr/inicio/Ayuda/Videos-Tutoriales/Bitacora-Digital.html]
[www.setena.go.cr/inicio/Ayuda/Videos-Tutoriales/Plataforma-Digital.html]
[www.setena.go.cr/inicio/Ayuda/Videos-Tutoriales/Decreto-Ejecutivo-43898.html]
[www.setena.go.cr/inicio/Ayuda/Videos-Tutoriales/Paso-a-Paso-Decreto-Ejecutivo-43898.html]
[www.setena.go.cr/inicio/Ayuda/Videos-Tutoriales/Presentacion-Informes-de-Regencia-Ambiental.html]
[www.setena.go.cr/inicio/Ayuda/Videos-Tutoriales/Setena.html]
[www.setena.go.cr/inicio/Nosotros/Transparencia/Estructura-Organizacional/Secretaria-General.html]
[www.setena.go.cr/inicio/Nosotros/Transparencia/Estructura-Organizacional/Comision-Plenaria.html]
[www.setena.go.cr/inicio/Nosotros/Transparencia/Estructura-Organizacional/Direccion-Tecnica.html]
[www.setena.go.cr/inicio/Nosotros/Transparencia/Estructura-Organizacional/Direccion-Administrativa.html]
[www.setena.go.cr/inicio/Nosotros/Transparencia/Estructura-Organizacional/Tecnologia-de-la-Informacion.html]
[www.setena.go.cr/inicio/Nosotros/Transparencia/Estructura-Organizacional/Asesoria-Juridica.html]
[www.setena.go.cr/inicio/Nosotros/Transparencia/Estructura-Organizacional/Planificacion-Institucional.html]
[www.setena.go.cr/inicio/Nosotros/Transparencia/Estructura-Organizacional/Evaluacion-Ambiental.html]
[www.setena.go.cr/inicio/Nosotros/Transparencia/Estructura-Organizacional/DEAE.html]
[www.setena.go.cr/inicio/Nosotros/Transparencia/Estructura-Organizacional/ASA.html]
[www.setena.go.cr/inicio/Nosotros/Transparencia/Estructura-Organizacional/Recursos-Humanos.html]
[www.setena.go.cr/inicio/Nosotros/Transparencia/Estructura-Organizacional/Educacion-Ambiental.html]
[www.setena.go.cr/inicio/Viabiliad-Ambiental/IVA-POTS/Expedientes-IVA-POTs.html]
[www.setena.go.cr/inicio/Viabiliad-Ambiental/d5.html]
[www.setena.go.cr/inicio/Viabiliad-Ambiental/d6.html]
[www.setena.go.cr/thumb/Downloads/img/Cantidad expedientes enero-setiembrea225.jpg]
[www.setena.go.cr/es/Reporte/R01-Reporte-de-Expedientes-Ingresados-en-SETENA.html]
[www.setena.go.cr/Downloads/img/Tipo_Res_Jul_Set_2025.png]
[www.setena.go.cr/es/Reporte/R02-Reporte-de-Expedientes-con-VLA-en-SETENA.html]
[www.setena.go.cr/Downloads/documentos/Formularios/ST-RC-For-01-v.01-Formulario para Consultor Individual Ambiental.docx]
[www.setena.go.cr/Downloads/documentos/Formularios/ST-RC-For-02-v.01-Formulario para Empresas Consultoras.docx]
[www.setena.go.cr/es/Catalogo/Formulario.html]
[www.setena.go.cr/Downloads/documentos/Comunicados/DEVOLUCION DE DINERO DEPOSITADO EN CUENTA PARA COMPRA DE FORMULARIOS.docx]
[www.setena.go.cr/es/Catalogo/Tarifas-y-Cuentas-Bancarias/Tarifas-formularios-y-cuentas-bancarias.html]
[www.setena.go.cr/es/Catalogo/Tarifas-y-Cuentas-Bancarias/Cuentas-Garantias-Ambientales.html]
[www.setena.go.cr/es/Catalogo/Cartas-de-Renovacion.html]
[themes.tweaco.com/Frameworks/tweaco/images/tweaco_footer.png]
[www.setena.go.cr/en/Reporte/R01-Reporte-de-Expedientes-Ingresados-en-SETENA.html]
[www.setena.go.cr/en/Reporte/R02-Reporte-de-Expedientes-con-VLA-en-SETENA.html]
[www.setena.go.cr/en/Catalogo/Formulario.html]
[www.setena.go.cr/en/Catalogo/Tarifas-y-Cuentas-Bancarias/Tarifas-formularios-y-cuentas-bancarias.html]
[www.setena.go.cr/en/Catalogo/Tarifas-y-Cuentas-Bancarias/Cuentas-Garantias-Ambientales.html]
[www.setena.go.cr/en/Catalogo/Cartas-de-Renovacion.html]
[www.setena.go.cr/es/Noticias_Anteriores/RES-840-18.html]
[www.setena.go.cr/inicio/Reporte/R01-Reporte-de-Expedientes-Ingresados-en-SETENA.html]
[www.setena.go.cr/inicio/Reporte/R02-Reporte-de-Expedientes-con-VLA-en-SETENA.html]
[www.setena.go.cr/inicio/Catalogo/Formulario.html]
[www.setena.go.cr/inicio/Catalogo/Tarifas-y-Cuentas-Bancarias/Tarifas-formularios-y-cuentas-bancarias.html]
[www.setena.go.cr/inicio/Catalogo/Tarifas-y-Cuentas-Bancarias/Cuentas-Garantias-Ambientales.html]
[www.setena.go.cr/inicio/Catalogo/Cartas-de-Renovacion.html]
